--------- beginning of main
07-17 10:27:41.277 E/fb4a.FbReactPrerenderRegistry( 9984): Dropping 1 surfaces due to memory pressure
07-17 10:27:41.362 E/fb4a.SurfaceMountingManager( 9984): Stopping surface [1]
07-17 10:27:41.373 E/SurfaceFlinger( 1465): alpha changed 1.000 -> 0.000 - Dim Layer for - Task=18857#29238
07-17 10:27:41.406 E/SurfaceFlinger( 1465): alpha changed 0.000 -> 0.015 - Dim Layer for - Task=18857#29238
07-17 10:27:41.437 E/HeatmapThread( 1457): ECT Thread time in milliseconds: 1784269661
07-17 10:27:41.437 E/HeatmapThread( 1457): !@Could not open '/efs/FactoryApp/bsoh', errno = 13
07-17 10:27:41.438 E/HeatmapThread( 1457): !@ CAM Could not access BSOH EFS
07-17 10:27:41.438 E/HeatmapThread( 1457): !@ CAM New BSOH: 0
07-17 10:27:41.607 E/fb4a.SurfaceMountingManager( 9984): Surface [1] was stopped on SurfaceMountingManager.
07-17 10:27:42.437 E/HeatmapThread( 1457): ECT Thread time in milliseconds: 1784269662
07-17 10:27:42.437 E/HeatmapThread( 1457): !@Could not open '/efs/FactoryApp/bsoh', errno = 13
07-17 10:27:42.437 E/HeatmapThread( 1457): !@ CAM Could not access BSOH EFS
07-17 10:27:42.437 E/HeatmapThread( 1457): !@ CAM New BSOH: 0
07-17 10:27:42.468 E/Routine@Core[4.9.04.13]: WearNodeHelper( 9300): getConnectedNearlyNodes: ExecutionException - java.util.concurrent.ExecutionException: com.google.android.gms.common.api.ApiException: 17: API: Wearable.API is not available on this device. Connection failed with: ConnectionResult{statusCode=API_UNAVAILABLE, resolution=null, message=null}
07-17 10:27:42.479 E/Routine@Core[4.9.04.13]: ResultCode.FailCustomCode( 9300): fromValidState: failed to parse. validState=0x1
07-17 10:27:42.494 E/Routine@Core[4.9.04.13]: WearNodeManagerImpl( 9300): getNodeId: exception - com.google.android.gms.common.api.ApiException: 17: API: Wearable.API is not available on this device. Connection failed with: ConnectionResult{statusCode=API_UNAVAILABLE, resolution=null, message=null}
07-17 10:27:42.629 E/AuthPII (21171): [RequestTokenManager] getToken() -> BAD_AUTHENTICATION. App: com.android.vending, Service: oauth2:https://www.googleapis.com/auth/googleplay
07-17 10:27:42.629 E/AuthPII (21171): bkli: Long live credential not available.
07-17 10:27:42.629 E/AuthPII (21171): 	at aiip.a(:com.google.android.gms@262532035@26.25.32 (260400-944114241):1347)
07-17 10:27:42.629 E/AuthPII (21171): 	at aiiw.b(:com.google.android.gms@262532035@26.25.32 (260400-944114241):26)
07-17 10:27:42.629 E/AuthPII (21171): 	at aiiu.a(:com.google.android.gms@262532035@26.25.32 (260400-944114241):661)
07-17 10:27:42.629 E/AuthPII (21171): 	at aiit.b(:com.google.android.gms@262532035@26.25.32 (260400-944114241):151)
07-17 10:27:42.629 E/AuthPII (21171): 	at abcj.d(:com.google.android.gms@262532035@26.25.32 (260400-944114241):829)
07-17 10:27:42.629 E/AuthPII (21171): 	at aicg.getAuthToken(:com.google.android.gms@262532035@26.25.32 (260400-944114241):408)
07-17 10:27:42.629 E/AuthPII (21171): 	at android.accounts.AbstractAccountAuthenticator$Transport.getAuthToken(AbstractAccountAuthenticator.java:248)
07-17 10:27:42.629 E/AuthPII (21171): 	at android.accounts.IAccountAuthenticator$Stub.onTransact(IAccountAuthenticator.java:254)
07-17 10:27:42.629 E/AuthPII (21171): 	at android.os.Binder.transact(Binder.java:1309)
07-17 10:27:42.629 E/AuthPII (21171): 	at cszx.onTransact(:com.google.android.gms@262532035@26.25.32 (260400-944114241):12)
07-17 10:27:42.629 E/AuthPII (21171): 	at android.os.Binder.transact(Binder.java:1309)
07-17 10:27:42.629 E/AuthPII (21171): 	at ceme.onTransact(:com.google.android.gms@262532035@26.25.32 (260400-944114241):169)
07-17 10:27:42.629 E/AuthPII (21171): 	at android.os.Binder.execTransactInternal(Binder.java:1462)
07-17 10:27:42.629 E/AuthPII (21171): 	at android.os.Binder.execTransact(Binder.java:1401)
07-17 10:27:42.629 E/AuthPII (21171): Message is Long live credential not available.
07-17 10:27:42.629 E/AuthPII (21171): bkli: Long live credential not available.
07-17 10:27:42.629 E/AuthPII (21171): 	at aiip.a(:com.google.android.gms@262532035@26.25.32 (260400-944114241):1347)
07-17 10:27:42.629 E/AuthPII (21171): 	at aiiw.b(:com.google.android.gms@262532035@26.25.32 (260400-944114241):26)
07-17 10:27:42.629 E/AuthPII (21171): 	at aiiu.a(:com.google.android.gms@262532035@26.25.32 (260400-944114241):661)
07-17 10:27:42.629 E/AuthPII (21171): 	at aiit.b(:com.google.android.gms@262532035@26.25.32 (260400-944114241):151)
07-17 10:27:42.629 E/AuthPII (21171): 	at abcj.d(:com.google.android.gms@262532035@26.25.32 (260400-944114241):829)
07-17 10:27:42.629 E/AuthPII (21171): 	at aicg.getAuthToken(:com.google.android.gms@262532035@26.25.32 (260400-944114241):408)
07-17 10:27:42.629 E/AuthPII (21171): 	at android.accounts.AbstractAccountAuthenticator$Transport.getAuthToken(AbstractAccountAuthenticator.java:248)
07-17 10:27:42.629 E/AuthPII (21171): 	at android.accounts.IAccountAuthenticator$Stub.onTransact(IAccountAuthenticator.java:254)
07-17 10:27:42.629 E/AuthPII (21171): 	at android.os.Binder.transact(Binder.java:1309)
07-17 10:27:42.629 E/AuthPII (21171): 	at cszx.onTransact(:com.google.android.gms@262532035@26.25.32 (260400-944114241):12)
07-17 10:27:42.629 E/AuthPII (21171): 	at android.os.Binder.transact(Binder.java:1309)
07-17 10:27:42.629 E/AuthPII (21171): 	at ceme.onTransact(:com.google.android.gms@262532035@26.25.32 (260400-944114241):169)
07-17 10:27:42.629 E/AuthPII (21171): 	at android.os.Binder.execTransactInternal(Binder.java:1462)
07-17 10:27:42.629 E/AuthPII (21171): 	at android.os.Binder.execTransact(Binder.java:1401)
07-17 10:27:43.438 E/HeatmapThread( 1457): ECT Thread time in milliseconds: 1784269663
07-17 10:27:43.438 E/HeatmapThread( 1457): !@Could not open '/efs/FactoryApp/bsoh', errno = 13
07-17 10:27:43.438 E/HeatmapThread( 1457): !@ CAM Could not access BSOH EFS
07-17 10:27:43.438 E/HeatmapThread( 1457): !@ CAM New BSOH: 0
--------- beginning of system
07-17 10:27:43.597 E/NotificationService( 1740): isPkgBlocked = true
07-17 10:27:43.597 E/NotificationService( 1740): isRecordBlocked = false
07-17 10:27:43.597 E/NotificationService( 1740): Suppressing notification from package phone.clean.master.battery.antivirus.ora by user request.
07-17 10:27:44.102 E/TaskPersister( 1740): File error accessing recents directory (directory doesn't exist?).
07-17 10:27:44.437 E/HeatmapThread( 1457): ECT Thread time in milliseconds: 1784269664
07-17 10:27:44.439 E/HeatmapThread( 1457): !@Could not open '/efs/FactoryApp/bsoh', errno = 13
07-17 10:27:44.439 E/HeatmapThread( 1457): !@ CAM Could not access BSOH EFS
07-17 10:27:44.439 E/HeatmapThread( 1457): !@ CAM New BSOH: 0
07-17 10:27:44.835 E/SurfaceFlinger( 1465): alpha changed 1.000 -> 0.000 - Surface(name=74b47cf InputMethod)/@0x9ed1065 - animation-leash of insets_animation#29244
07-17 10:27:44.835 E/SurfaceFlinger( 1465): alpha changed 1.000 -> 0.000 - Surface(name=74b47cf InputMethod)/@0x9ed1065 - animation-leash of insets_animation#29245
07-17 10:27:45.036 E/SurfaceFlinger( 1465): alpha changed 0.014 -> 0.000 - Dim Layer for - Task=18857#29238
07-17 10:27:45.437 E/HeatmapThread( 1457): ECT Thread time in milliseconds: 1784269665
07-17 10:27:45.437 E/HeatmapThread( 1457): !@Could not open '/efs/FactoryApp/bsoh', errno = 13
07-17 10:27:45.437 E/HeatmapThread( 1457): !@ CAM Could not access BSOH EFS
07-17 10:27:45.437 E/HeatmapThread( 1457): !@ CAM New BSOH: 0
07-17 10:27:46.112 E/Watchdog( 1740): !@Sync: 3579 heap(MB): 140 / 162 FD: 1373 [2026-07-17 10:27:46.111]
07-17 10:27:46.437 E/HeatmapThread( 1457): ECT Thread time in milliseconds: 1784269666
07-17 10:27:46.438 E/HeatmapThread( 1457): !@Could not open '/efs/FactoryApp/bsoh', errno = 13
07-17 10:27:46.439 E/HeatmapThread( 1457): !@ CAM Could not access BSOH EFS
07-17 10:27:46.439 E/HeatmapThread( 1457): !@ CAM New BSOH: 0
07-17 10:27:46.664 E/pageboostd( 3230): Received HALT command code 2
07-17 10:27:46.788 E/ashmem  (12874): Pinning is deprecated since Android Q. Please use trim or other methods.
07-17 10:27:46.808 E/pageboostd( 3230): Received HALT command code 2
07-17 10:27:46.916 E/PhotoPickerProvider( 4980): Failed to check if local search is enabled
07-17 10:27:46.916 E/PhotoPickerProvider( 4980): java.lang.IllegalStateException: Service not connected
07-17 10:27:46.916 E/PhotoPickerProvider( 4980): 	at com.android.providers.media.photopicker.PhotoPickerLocalSearchManager.isSemanticSearchSupported(PhotoPickerLocalSearchManager.java:155)
07-17 10:27:46.916 E/PhotoPickerProvider( 4980): 	at com.android.providers.media.photopicker.PhotoPickerProvider.isSearchEnabled(PhotoPickerProvider.java:329)
07-17 10:27:46.916 E/PhotoPickerProvider( 4980): 	at com.android.providers.media.photopicker.PhotoPickerProvider.onGetCapabilities(PhotoPickerProvider.java:319)
07-17 10:27:46.916 E/PhotoPickerProvider( 4980): 	at android.provider.CloudMediaProvider.callUnchecked(CloudMediaProvider.java:761)
07-17 10:27:46.916 E/PhotoPickerProvider( 4980): 	at android.provider.CloudMediaProvider.call(CloudMediaProvider.java:734)
07-17 10:27:46.916 E/PhotoPickerProvider( 4980): 	at android.content.ContentProvider.call(ContentProvider.java:2770)
07-17 10:27:46.916 E/PhotoPickerProvider( 4980): 	at android.content.ContentProvider$Transport.call(ContentProvider.java:644)
07-17 10:27:46.916 E/PhotoPickerProvider( 4980): 	at android.content.ContentProviderClient.call(ContentProviderClient.java:601)
07-17 10:27:46.916 E/PhotoPickerProvider( 4980): 	at android.content.ContentProviderClient.call(ContentProviderClient.java:589)
07-17 10:27:46.916 E/PhotoPickerProvider( 4980): 	at com.android.providers.media.photopicker.sync.PickerSearchProviderClient.fetchCapabilities(PickerSearchProviderClient.java:254)
07-17 10:27:46.916 E/PhotoPickerProvider( 4980): 	at com.android.providers.media.photopicker.SearchState.doesLocalProviderSupportSearch(SearchState.java:108)
07-17 10:27:46.916 E/PhotoPickerProvider( 4980): 	at com.android.providers.media.photopicker.SearchState.isLocalSearchEnabled(SearchState.java:136)
07-17 10:27:46.916 E/PhotoPickerProvider( 4980): 	at com.android.providers.media.photopicker.v2.PickerDataLayerV2.$r8$lambda$LzYBg9FQAjB2SfoOD3HXjF_LAKc(PickerDataLayerV2.java:1954)
07-17 10:27:46.916 E/PhotoPickerProvider( 4980): 	at com.android.providers.media.photopicker.v2.PickerDataLayerV2$$ExternalSyntheticLambda1.get(R8$$SyntheticClass:0)
07-17 10:27:46.916 E/PhotoPickerProvider( 4980): 	at java.util.concurrent.CompletableFuture$AsyncSupply.run(CompletableFuture.java:1744)
07-17 10:27:46.916 E/PhotoPickerProvider( 4980): 	at java.util.concurrent.ThreadPoolExecutor.runWorker(ThreadPoolExecutor.java:1100)
07-17 10:27:46.916 E/PhotoPickerProvider( 4980): 	at java.util.concurrent.ThreadPoolExecutor$Worker.run(ThreadPoolExecutor.java:624)
07-17 10:27:46.916 E/PhotoPickerProvider( 4980): 	at com.android.providers.media.util.ThreadFactoryUtil$1.$r8$lambda$Wm4GPOYBu_O7miOEhuUfhyf0mgc(ThreadFactoryUtil.java:77)
07-17 10:27:46.916 E/PhotoPickerProvider( 4980): 	at com.android.providers.media.util.ThreadFactoryUtil$1$$ExternalSyntheticLambda0.run(R8$$SyntheticClass:0)
07-17 10:27:46.916 E/PhotoPickerProvider( 4980): 	at java.lang.Thread.run(Thread.java:1572)
07-17 10:27:46.919 E/PhotoPickerProvider( 6602): Failed to check if local search is enabled
07-17 10:27:46.919 E/PhotoPickerProvider( 6602): java.lang.IllegalStateException: Service not connected
07-17 10:27:46.919 E/PhotoPickerProvider( 6602): 	at com.android.providers.media.photopicker.PhotoPickerLocalSearchManager.isSemanticSearchSupported(PhotoPickerLocalSearchManager.java:155)
07-17 10:27:46.919 E/PhotoPickerProvider( 6602): 	at com.android.providers.media.photopicker.PhotoPickerProvider.isSearchEnabled(PhotoPickerProvider.java:329)
07-17 10:27:46.919 E/PhotoPickerProvider( 6602): 	at com.android.providers.media.photopicker.PhotoPickerProvider.onGetCapabilities(PhotoPickerProvider.java:319)
07-17 10:27:46.919 E/PhotoPickerProvider( 6602): 	at android.provider.CloudMediaProvider.callUnchecked(CloudMediaProvider.java:761)
07-17 10:27:46.919 E/PhotoPickerProvider( 6602): 	at android.provider.CloudMediaProvider.call(CloudMediaProvider.java:734)
07-17 10:27:46.919 E/PhotoPickerProvider( 6602): 	at android.content.ContentProvider.call(ContentProvider.java:2770)
07-17 10:27:46.919 E/PhotoPickerProvider( 6602): 	at android.content.ContentProvider$Transport.call(ContentProvider.java:644)
07-17 10:27:46.919 E/PhotoPickerProvider( 6602): 	at android.content.ContentProviderClient.call(ContentProviderClient.java:601)
07-17 10:27:46.919 E/PhotoPickerProvider( 6602): 	at android.content.ContentProviderClient.call(ContentProviderClient.java:589)
07-17 10:27:46.919 E/PhotoPickerProvider( 6602): 	at com.android.providers.media.photopicker.sync.PickerSearchProviderClient.fetchCapabilities(PickerSearchProviderClient.java:254)
07-17 10:27:46.919 E/PhotoPickerProvider( 6602): 	at com.android.providers.media.photopicker.SearchState.doesLocalProviderSupportSearch(SearchState.java:108)
07-17 10:27:46.919 E/PhotoPickerProvider( 6602): 	at com.android.providers.media.photopicker.SearchState.isLocalSearchEnabled(SearchState.java:136)
07-17 10:27:46.919 E/PhotoPickerProvider( 6602): 	at com.android.providers.media.photopicker.v2.PickerDataLayerV2.$r8$lambda$LzYBg9FQAjB2SfoOD3HXjF_LAKc(PickerDataLayerV2.java:1954)
07-17 10:27:46.919 E/PhotoPickerProvider( 6602): 	at com.android.providers.media.photopicker.v2.PickerDataLayerV2$$ExternalSyntheticLambda1.get(R8$$SyntheticClass:0)
07-17 10:27:46.919 E/PhotoPickerProvider( 6602): 	at java.util.concurrent.CompletableFuture$AsyncSupply.run(CompletableFuture.java:1744)
07-17 10:27:46.919 E/PhotoPickerProvider( 6602): 	at java.util.concurrent.ThreadPoolExecutor.runWorker(ThreadPoolExecutor.java:1100)
07-17 10:27:46.919 E/PhotoPickerProvider( 6602): 	at java.util.concurrent.ThreadPoolExecutor$Worker.run(ThreadPoolExecutor.java:624)
07-17 10:27:46.919 E/PhotoPickerProvider( 6602): 	at com.android.providers.media.util.ThreadFactoryUtil$1.$r8$lambda$Wm4GPOYBu_O7miOEhuUfhyf0mgc(ThreadFactoryUtil.java:77)
07-17 10:27:46.919 E/PhotoPickerProvider( 6602): 	at com.android.providers.media.util.ThreadFactoryUtil$1$$ExternalSyntheticLambda0.run(R8$$SyntheticClass:0)
07-17 10:27:46.919 E/PhotoPickerProvider( 6602): 	at java.lang.Thread.run(Thread.java:1572)
07-17 10:27:46.966 E/ashmem  (12904): Pinning is deprecated since Android Q. Please use trim or other methods.
07-17 10:27:47.010 E/PickerDataLayerV2( 4980): Timed out waiting for search capabilities.
07-17 10:27:47.010 E/PickerDataLayerV2( 4980): java.util.concurrent.TimeoutException
07-17 10:27:47.010 E/PickerDataLayerV2( 4980): 	at java.util.concurrent.CompletableFuture.timedGet(CompletableFuture.java:1936)
07-17 10:27:47.010 E/PickerDataLayerV2( 4980): 	at java.util.concurrent.CompletableFuture.get(CompletableFuture.java:2071)
07-17 10:27:47.010 E/PickerDataLayerV2( 4980): 	at com.android.providers.media.photopicker.v2.PickerDataLayerV2.getSearchProviders(PickerDataLayerV2.java:1958)
07-17 10:27:47.010 E/PickerDataLayerV2( 4980): 	at com.android.providers.media.photopicker.v2.PickerDataLayerV2.getSearchProviders(PickerDataLayerV2.java:1918)
07-17 10:27:47.010 E/PickerDataLayerV2( 4980): 	at com.android.providers.media.MediaProvider.getPickerSearchProviders(MediaProvider.java:8497)
07-17 10:27:47.010 E/PickerDataLayerV2( 4980): 	at com.android.providers.media.MediaProvider.callInternal(MediaProvider.java:7602)
07-17 10:27:47.010 E/PickerDataLayerV2( 4980): 	at com.android.providers.media.MediaProvider.call(MediaProvider.java:7514)
07-17 10:27:47.010 E/PickerDataLayerV2( 4980): 	at android.content.ContentProvider.call(ContentProvider.java:2770)
07-17 10:27:47.010 E/PickerDataLayerV2( 4980): 	at android.content.ContentProvider$Transport.call(ContentProvider.java:644)
07-17 10:27:47.010 E/PickerDataLayerV2( 4980): 	at android.content.ContentProviderNative.onTransact(ContentProviderNative.java:307)
07-17 10:27:47.010 E/PickerDataLayerV2( 4980): 	at android.os.Binder.execTransactInternal(Binder.java:1457)
07-17 10:27:47.010 E/PickerDataLayerV2( 4980): 	at android.os.Binder.execTransact(Binder.java:1401)
07-17 10:27:47.044 E/SurfaceFlinger( 1465): alpha changed 1.000 -> 0.000 - ActivityRecord{145410684 u0 com.google.android.documentsui/com.android.documentsui.picker.PickActivity t18857}#29247
07-17 10:27:47.044 E/SurfaceFlinger( 1465): alpha changed 1.000 -> 0.000 - DimTransitionLayer for Surface(name=ActivityRecord{145410684 u0 com.google.android.documentsui/com.android.documentsui.picker.PickActivity t18857})/@0x18a25d2#29251
07-17 10:27:47.061 E/SurfaceFlinger( 1465): alpha changed 0.000 -> 1.000 - ActivityRecord{145410684 u0 com.google.android.documentsui/com.android.documentsui.picker.PickActivity t18857}#29247
07-17 10:27:47.093 E/SurfaceFlinger( 1465): alpha changed 0.000 -> 0.020 - DimTransitionLayer for Surface(name=ActivityRecord{145410684 u0 com.google.android.documentsui/com.android.documentsui.picker.PickActivity t18857})/@0x18a25d2#29251
07-17 10:27:47.363 E/ashmem  (12953): Pinning is deprecated since Android Q. Please use trim or other methods.
07-17 10:27:47.437 E/HeatmapThread( 1457): ECT Thread time in milliseconds: 1784269667
07-17 10:27:47.437 E/HeatmapThread( 1457): !@Could not open '/efs/FactoryApp/bsoh', errno = 13
07-17 10:27:47.437 E/HeatmapThread( 1457): !@ CAM Could not access BSOH EFS
07-17 10:27:47.437 E/HeatmapThread( 1457): !@ CAM New BSOH: 0
07-17 10:27:47.586 E/NotificationService( 1740): isPkgBlocked = true
07-17 10:27:47.587 E/NotificationService( 1740): isRecordBlocked = false
07-17 10:27:47.587 E/NotificationService( 1740): Suppressing notification from package phone.clean.master.battery.antivirus.ora by user request.
07-17 10:27:47.670 E/ashmem  (12925): Pinning is deprecated since Android Q. Please use trim or other methods.
07-17 10:27:48.437 E/HeatmapThread( 1457): ECT Thread time in milliseconds: 1784269668
07-17 10:27:48.437 E/HeatmapThread( 1457): !@Could not open '/efs/FactoryApp/bsoh', errno = 13
07-17 10:27:48.437 E/HeatmapThread( 1457): !@ CAM Could not access BSOH EFS
07-17 10:27:48.437 E/HeatmapThread( 1457): !@ CAM New BSOH: 0
07-17 10:27:48.930 E/ashmem  (13056): Pinning is deprecated since Android Q. Please use trim or other methods.
07-17 10:27:48.961 E/ashmem  ( 9889): Pinning is deprecated since Android Q. Please use trim or other methods.
07-17 10:27:49.260 E/ActivityThread(13056): Failed to find provider info for com.orange.update.provider.attributionprovider
07-17 10:27:49.287 E/ashmem  (13032): Pinning is deprecated since Android Q. Please use trim or other methods.
07-17 10:27:49.437 E/HeatmapThread( 1457): ECT Thread time in milliseconds: 1784269669
07-17 10:27:49.437 E/HeatmapThread( 1457): !@Could not open '/efs/FactoryApp/bsoh', errno = 13
07-17 10:27:49.437 E/HeatmapThread( 1457): !@ CAM Could not access BSOH EFS
07-17 10:27:49.437 E/HeatmapThread( 1457): !@ CAM New BSOH: 0
07-17 10:27:49.443 E/ashmem  (13047): Pinning is deprecated since Android Q. Please use trim or other methods.
07-17 10:27:49.511 E/keystore2(  688): system/security/keystore2/src/error.rs:185 - Rc(r#KEY_NOT_FOUND), "system/security/keystore2/src/service.rs:178: In get_key_entry, while trying to load key info. 5009, Some(\"com.samsung.android.scloud_SERVER_CERT\")"
07-17 10:27:49.514 E/keystore2(  688): system/security/keystore2/src/error.rs:185 - Rc(r#KEY_NOT_FOUND), "system/security/keystore2/src/service.rs:178: In get_key_entry, while trying to load key info. 5009, Some(\"com.samsung.android.scloud_SERVER_CERT\")"
07-17 10:27:49.520 E/ashmem  (13053): Pinning is deprecated since Android Q. Please use trim or other methods.
07-17 10:27:49.582 E/[SC]SyncDependencyFactory(13053): [E] dependency meta data not found: com.sec.android.app.sbrowser 
07-17 10:27:49.616 E/[SC]InternetFunction(13053): [E] updateContentIdList: com.sec.android.app.sbrowser 
07-17 10:27:49.755 E/[SC]SyncDependencyFactory(13053): [E] dependency meta data not found: com.samsung.android.app.notes 
07-17 10:27:49.760 E/[SC]SyncDependencyFactory(13053): [E] dependency meta data not found: com.samsung.android.app.memo 
07-17 10:27:49.762 E/[SC]SyncDependencyFactory(13053): [E] dependency meta data not found: com.samsung.android.snote 
07-17 10:27:49.779 E/oid.documentsui(12904): No package ID ff found for resource ID 0xffffffff.
07-17 10:27:49.785 E/[SC]SyncDependencyFactory(13053): [E] dependency meta data not found: com.samsung.android.app.pinboard 
07-17 10:27:49.865 E/ActivityThread(13056): Failed to find provider info for com.orange.update.provider.attributionprovider
07-17 10:27:49.868 E/oid.documentsui(12904): No package ID ff found for resource ID 0xffffffff.
07-17 10:27:50.033 E/ashmem  (13264): Pinning is deprecated since Android Q. Please use trim or other methods.
07-17 10:27:50.059 E/oid.documentsui(12904): No package ID ff found for resource ID 0xffffffff.
07-17 10:27:50.161 E/ActivityThread(13081): Failed to find provider info for com.microsoft.yourphonecompanion.contentprovider.featureoverride
07-17 10:27:50.178 E/pageboostd( 3230): Received HALT command code 2
07-17 10:27:50.195 E/WindowManager( 1740): win=Window{dc89e8 u0 com.dmvp.app/com.dmvp.app.MainActivity} destroySurfaces: appStopped=true cleanupOnResume=false win.mWindowRemovalAllowed=false win.mRemoveOnExit=false win.mViewVisibility=8 caller=com.android.server.wm.ActivityRecord.destroySurfaces:25 com.android.server.wm.ActivityRecord.activityStopped:192 com.android.server.wm.ActivityClientController.activityStopped:97 android.app.IActivityClientController$Stub.onTransact:740 com.android.server.wm.ActivityClientController.onTransact:1 android.os.Binder.execTransactInternal:1462 android.os.Binder.execTransact:1401 
07-17 10:27:50.221 E/SurfaceFlinger( 1465): alpha changed 1.000 -> 0.000 - Surface(name=74b47cf InputMethod)/@0x9ed1065 - animation-leash of insets_animation#29260
07-17 10:27:50.247 E/ashmem  (13081): Pinning is deprecated since Android Q. Please use trim or other methods.
07-17 10:27:50.264 E/ashmem  (13350): Pinning is deprecated since Android Q. Please use trim or other methods.
07-17 10:27:50.310 E/ashmem  (13383): Pinning is deprecated since Android Q. Please use trim or other methods.
07-17 10:27:50.437 E/HeatmapThread( 1457): ECT Thread time in milliseconds: 1784269670
07-17 10:27:50.437 E/HeatmapThread( 1457): !@Could not open '/efs/FactoryApp/bsoh', errno = 13
07-17 10:27:50.437 E/HeatmapThread( 1457): !@ CAM Could not access BSOH EFS
07-17 10:27:50.437 E/HeatmapThread( 1457): !@ CAM New BSOH: 0
07-17 10:27:50.487 E/[SC]SyncPermission(13053): [E] com.samsung.android.app.notes 
07-17 10:27:50.531 E/appmanager:auth(13081): hiddenapi: Accessing hidden method Lsun/misc/Unsafe;->getAndAddLong(Ljava/lang/Object;JJ)J (runtime_flags=0, domain=core-platform, api=max-target-r) from Lio/opentelemetry/internal/shaded/jctools/util/UnsafeAccess; (domain=app, TargetSdkVersion=36) using reflection: denied
07-17 10:27:50.717 E/ashmem  (13215): Pinning is deprecated since Android Q. Please use trim or other methods.
07-17 10:27:50.798 E/oid.documentsui(12904): No package ID ff found for resource ID 0xffffffff.
07-17 10:27:50.808 E/chromium(13032): [ERROR:android_webview/browser/variations/variations_seed_loader.cc:39] Seed missing signature.
07-17 10:27:50.907 E/ashmem  (13455): Pinning is deprecated since Android Q. Please use trim or other methods.
07-17 10:27:51.031 E/libc    (13543): SetHeapTaggingLevel: re-enabling tagging after it was disabled is not supported
07-17 10:27:51.070 E/ActivityThread(13455): Failed to find provider info for com.microsoft.yourphonecompanion.contentprovider.featureoverride
07-17 10:27:51.081 E/ashmem  (13452): Pinning is deprecated since Android Q. Please use trim or other methods.
07-17 10:27:51.437 E/HeatmapThread( 1457): ECT Thread time in milliseconds: 1784269671
07-17 10:27:51.437 E/HeatmapThread( 1457): !@Could not open '/efs/FactoryApp/bsoh', errno = 13
07-17 10:27:51.437 E/HeatmapThread( 1457): !@ CAM Could not access BSOH EFS
07-17 10:27:51.437 E/HeatmapThread( 1457): !@ CAM New BSOH: 0
07-17 10:27:51.579 E/NotificationService( 1740): isPkgBlocked = true
07-17 10:27:51.580 E/NotificationService( 1740): isRecordBlocked = false
07-17 10:27:51.580 E/NotificationService( 1740): Suppressing notification from package phone.clean.master.battery.antivirus.ora by user request.
07-17 10:27:51.938 E/.osp.app.signin(13215): No package ID 6a found for resource ID 0x6a0b0013.
07-17 10:27:52.437 E/HeatmapThread( 1457): ECT Thread time in milliseconds: 1784269672
07-17 10:27:52.437 E/HeatmapThread( 1457): !@Could not open '/efs/FactoryApp/bsoh', errno = 13
07-17 10:27:52.438 E/HeatmapThread( 1457): !@ CAM Could not access BSOH EFS
07-17 10:27:52.438 E/HeatmapThread( 1457): !@ CAM New BSOH: 0
07-17 10:27:52.456 E/FrameTracker( 2415): force finish cuj, time out: J<SPLASHSCREEN_EXIT_ANIM>
07-17 10:27:52.497 E/SamsungAccount(13215): [SettingCustomizationRequester] Programs are null. - It will be set as default
07-17 10:27:52.654 E/OneAuthLog(12953): [OneAuth:0003:Error::00000000] [Common] [2026-07-17 06:27:52 - thread_id: 307, correlation_id: UNSET - Android 36] Broker Result not returned from Broker   
07-17 10:27:52.693 E/OneAuthLog(12953): [OneAuth:0005:Error:96xl9:73e56b06] Setting correlation ID to identical value
07-17 10:27:52.693 E/OneAuthLog(12953): [OneAuth:0005:Error:96q8r:73e56b06] Attempting to set a new correlation ID to a thread with an existing correlation ID.
07-17 10:27:53.437 E/HeatmapThread( 1457): ECT Thread time in milliseconds: 1784269673
07-17 10:27:53.498 E/HeatmapThread( 1457): !@Could not open '/efs/FactoryApp/bsoh', errno = 13
07-17 10:27:53.498 E/HeatmapThread( 1457): !@ CAM Could not access BSOH EFS
07-17 10:27:53.498 E/HeatmapThread( 1457): !@ CAM New BSOH: 0
07-17 10:27:53.979 E/ashmem  (13747): Pinning is deprecated since Android Q. Please use trim or other methods.
07-17 10:27:54.437 E/HeatmapThread( 1457): ECT Thread time in milliseconds: 1784269674
07-17 10:27:54.439 E/HeatmapThread( 1457): !@Could not open '/efs/FactoryApp/bsoh', errno = 13
07-17 10:27:54.439 E/HeatmapThread( 1457): !@ CAM Could not access BSOH EFS
07-17 10:27:54.439 E/HeatmapThread( 1457): !@ CAM New BSOH: 0
07-17 10:27:55.217 E/SatelliteController( 2393): registerForSatelliteModemStateChanged: mSatelliteSessionController is not initialized yet
07-17 10:27:55.437 E/HeatmapThread( 1457): ECT Thread time in milliseconds: 1784269675
07-17 10:27:55.437 E/HeatmapThread( 1457): !@Could not open '/efs/FactoryApp/bsoh', errno = 13
07-17 10:27:55.437 E/HeatmapThread( 1457): !@ CAM Could not access BSOH EFS
07-17 10:27:55.437 E/HeatmapThread( 1457): !@ CAM New BSOH: 0
07-17 10:27:55.581 E/NotificationService( 1740): isPkgBlocked = true
07-17 10:27:55.581 E/NotificationService( 1740): isRecordBlocked = false
07-17 10:27:55.581 E/NotificationService( 1740): Suppressing notification from package phone.clean.master.battery.antivirus.ora by user request.
07-17 10:27:55.623 E/ashmem  (13777): Pinning is deprecated since Android Q. Please use trim or other methods.
07-17 10:27:55.767 E/Mocca_MoccaSystemService( 1740): (1.1.04.1)BinderDeadEvent received
07-17 10:27:55.767 E/Mocca_MoccaSystemService( 1740): (1.1.04.1)BinderDeadEvent received
07-17 10:27:56.437 E/HeatmapThread( 1457): ECT Thread time in milliseconds: 1784269676
07-17 10:27:56.437 E/HeatmapThread( 1457): !@Could not open '/efs/FactoryApp/bsoh', errno = 13
07-17 10:27:56.437 E/HeatmapThread( 1457): !@ CAM Could not access BSOH EFS
07-17 10:27:56.437 E/HeatmapThread( 1457): !@ CAM New BSOH: 0
07-17 10:27:56.962 E/SurfaceFlinger( 1465): alpha changed 1.000 -> 0.000 - DimTransitionLayer for Surface(name=ActivityRecord{145410684 u0 com.google.android.documentsui/com.android.documentsui.picker.PickActivity t18857})/@0x9a22a11#29265
07-17 10:27:56.962 E/SurfaceFlinger( 1465): alpha changed 0.000 -> 0.180 - DimTransitionLayer for Surface(name=ActivityRecord{145410684 u0 com.google.android.documentsui/com.android.documentsui.picker.PickActivity t18857})/@0x9a22a11#29265
07-17 10:27:57.029 E/SurfaceFlinger( 1465): alpha changed 1.000 -> 0.000 - Surface(name=74b47cf InputMethod)/@0x9ed1065 - animation-leash of insets_animation#29266
07-17 10:27:57.129 E/SurfaceFlinger( 1465): alpha changed 0.019 -> 0.000 - DimTransitionLayer for Surface(name=ActivityRecord{145410684 u0 com.google.android.documentsui/com.android.documentsui.picker.PickActivity t18857})/@0x9a22a11#29265
07-17 10:27:57.437 E/HeatmapThread( 1457): ECT Thread time in milliseconds: 1784269677
07-17 10:27:57.437 E/HeatmapThread( 1457): !@Could not open '/efs/FactoryApp/bsoh', errno = 13
07-17 10:27:57.437 E/HeatmapThread( 1457): !@ CAM Could not access BSOH EFS
07-17 10:27:57.437 E/HeatmapThread( 1457): !@ CAM New BSOH: 0
07-17 10:27:58.437 E/HeatmapThread( 1457): ECT Thread time in milliseconds: 1784269678
07-17 10:27:58.437 E/HeatmapThread( 1457): !@Could not open '/efs/FactoryApp/bsoh', errno = 13
07-17 10:27:58.437 E/HeatmapThread( 1457): !@ CAM Could not access BSOH EFS
07-17 10:27:58.437 E/HeatmapThread( 1457): !@ CAM New BSOH: 0
07-17 10:27:59.156 E/AuthPII (21171): [RequestTokenManager] getToken() -> BAD_AUTHENTICATION. App: com.android.vending, Service: oauth2:https://www.googleapis.com/auth/googleplay
07-17 10:27:59.156 E/AuthPII (21171): bkli: Long live credential not available.
07-17 10:27:59.156 E/AuthPII (21171): 	at aiip.a(:com.google.android.gms@262532035@26.25.32 (260400-944114241):1347)
07-17 10:27:59.156 E/AuthPII (21171): 	at aiiw.b(:com.google.android.gms@262532035@26.25.32 (260400-944114241):26)
07-17 10:27:59.156 E/AuthPII (21171): 	at aiiu.a(:com.google.android.gms@262532035@26.25.32 (260400-944114241):661)
07-17 10:27:59.156 E/AuthPII (21171): 	at aiit.b(:com.google.android.gms@262532035@26.25.32 (260400-944114241):151)
07-17 10:27:59.156 E/AuthPII (21171): 	at abcj.d(:com.google.android.gms@262532035@26.25.32 (260400-944114241):829)
07-17 10:27:59.156 E/AuthPII (21171): 	at aicg.getAuthToken(:com.google.android.gms@262532035@26.25.32 (260400-944114241):408)
07-17 10:27:59.156 E/AuthPII (21171): 	at android.accounts.AbstractAccountAuthenticator$Transport.getAuthToken(AbstractAccountAuthenticator.java:248)
07-17 10:27:59.156 E/AuthPII (21171): 	at android.accounts.IAccountAuthenticator$Stub.onTransact(IAccountAuthenticator.java:254)
07-17 10:27:59.156 E/AuthPII (21171): 	at android.os.Binder.transact(Binder.java:1309)
07-17 10:27:59.156 E/AuthPII (21171): 	at cszx.onTransact(:com.google.android.gms@262532035@26.25.32 (260400-944114241):12)
07-17 10:27:59.156 E/AuthPII (21171): 	at android.os.Binder.transact(Binder.java:1309)
07-17 10:27:59.156 E/AuthPII (21171): 	at ceme.onTransact(:com.google.android.gms@262532035@26.25.32 (260400-944114241):169)
07-17 10:27:59.156 E/AuthPII (21171): 	at android.os.Binder.execTransactInternal(Binder.java:1462)
07-17 10:27:59.156 E/AuthPII (21171): 	at android.os.Binder.execTransact(Binder.java:1401)
07-17 10:27:59.157 E/AuthPII (21171): Message is Long live credential not available.
07-17 10:27:59.157 E/AuthPII (21171): bkli: Long live credential not available.
07-17 10:27:59.157 E/AuthPII (21171): 	at aiip.a(:com.google.android.gms@262532035@26.25.32 (260400-944114241):1347)
07-17 10:27:59.157 E/AuthPII (21171): 	at aiiw.b(:com.google.android.gms@262532035@26.25.32 (260400-944114241):26)
07-17 10:27:59.157 E/AuthPII (21171): 	at aiiu.a(:com.google.android.gms@262532035@26.25.32 (260400-944114241):661)
07-17 10:27:59.157 E/AuthPII (21171): 	at aiit.b(:com.google.android.gms@262532035@26.25.32 (260400-944114241):151)
07-17 10:27:59.157 E/AuthPII (21171): 	at abcj.d(:com.google.android.gms@262532035@26.25.32 (260400-944114241):829)
07-17 10:27:59.157 E/AuthPII (21171): 	at aicg.getAuthToken(:com.google.android.gms@262532035@26.25.32 (260400-944114241):408)
07-17 10:27:59.157 E/AuthPII (21171): 	at android.accounts.AbstractAccountAuthenticator$Transport.getAuthToken(AbstractAccountAuthenticator.java:248)
07-17 10:27:59.157 E/AuthPII (21171): 	at android.accounts.IAccountAuthenticator$Stub.onTransact(IAccountAuthenticator.java:254)
07-17 10:27:59.157 E/AuthPII (21171): 	at android.os.Binder.transact(Binder.java:1309)
07-17 10:27:59.157 E/AuthPII (21171): 	at cszx.onTransact(:com.google.android.gms@262532035@26.25.32 (260400-944114241):12)
07-17 10:27:59.157 E/AuthPII (21171): 	at android.os.Binder.transact(Binder.java:1309)
07-17 10:27:59.157 E/AuthPII (21171): 	at ceme.onTransact(:com.google.android.gms@262532035@26.25.32 (260400-944114241):169)
07-17 10:27:59.157 E/AuthPII (21171): 	at android.os.Binder.execTransactInternal(Binder.java:1462)
07-17 10:27:59.157 E/AuthPII (21171): 	at android.os.Binder.execTransact(Binder.java:1401)
07-17 10:27:59.183 E/AuthPII (21171): [RequestTokenManager] getToken() -> BAD_AUTHENTICATION. App: com.android.vending, Service: oauth2:https://www.googleapis.com/auth/googleplay
07-17 10:27:59.183 E/AuthPII (21171): bkli: Long live credential not available.
07-17 10:27:59.183 E/AuthPII (21171): 	at aiip.a(:com.google.android.gms@262532035@26.25.32 (260400-944114241):1347)
07-17 10:27:59.183 E/AuthPII (21171): 	at aiiw.b(:com.google.android.gms@262532035@26.25.32 (260400-944114241):26)
07-17 10:27:59.183 E/AuthPII (21171): 	at aiiu.a(:com.google.android.gms@262532035@26.25.32 (260400-944114241):661)
07-17 10:27:59.183 E/AuthPII (21171): 	at aiit.b(:com.google.android.gms@262532035@26.25.32 (260400-944114241):151)
07-17 10:27:59.183 E/AuthPII (21171): 	at abcj.d(:com.google.android.gms@262532035@26.25.32 (260400-944114241):829)
07-17 10:27:59.183 E/AuthPII (21171): 	at aicg.getAuthToken(:com.google.android.gms@262532035@26.25.32 (260400-944114241):408)
07-17 10:27:59.183 E/AuthPII (21171): 	at android.accounts.AbstractAccountAuthenticator$Transport.getAuthToken(AbstractAccountAuthenticator.java:248)
07-17 10:27:59.183 E/AuthPII (21171): 	at android.accounts.IAccountAuthenticator$Stub.onTransact(IAccountAuthenticator.java:254)
07-17 10:27:59.183 E/AuthPII (21171): 	at android.os.Binder.transact(Binder.java:1309)
07-17 10:27:59.183 E/AuthPII (21171): 	at cszx.onTransact(:com.google.android.gms@262532035@26.25.32 (260400-944114241):12)
07-17 10:27:59.183 E/AuthPII (21171): 	at android.os.Binder.transact(Binder.java:1309)
07-17 10:27:59.183 E/AuthPII (21171): 	at ceme.onTransact(:com.google.android.gms@262532035@26.25.32 (260400-944114241):169)
07-17 10:27:59.183 E/AuthPII (21171): 	at android.os.Binder.execTransactInternal(Binder.java:1462)
07-17 10:27:59.183 E/AuthPII (21171): 	at android.os.Binder.execTransact(Binder.java:1401)
07-17 10:27:59.183 E/AuthPII (21171): Message is Long live credential not available.
07-17 10:27:59.183 E/AuthPII (21171): bkli: Long live credential not available.
07-17 10:27:59.183 E/AuthPII (21171): 	at aiip.a(:com.google.android.gms@262532035@26.25.32 (260400-944114241):1347)
07-17 10:27:59.183 E/AuthPII (21171): 	at aiiw.b(:com.google.android.gms@262532035@26.25.32 (260400-944114241):26)
07-17 10:27:59.183 E/AuthPII (21171): 	at aiiu.a(:com.google.android.gms@262532035@26.25.32 (260400-944114241):661)
07-17 10:27:59.183 E/AuthPII (21171): 	at aiit.b(:com.google.android.gms@262532035@26.25.32 (260400-944114241):151)
07-17 10:27:59.183 E/AuthPII (21171): 	at abcj.d(:com.google.android.gms@262532035@26.25.32 (260400-944114241):829)
07-17 10:27:59.183 E/AuthPII (21171): 	at aicg.getAuthToken(:com.google.android.gms@262532035@26.25.32 (260400-944114241):408)
07-17 10:27:59.183 E/AuthPII (21171): 	at android.accounts.AbstractAccountAuthenticator$Transport.getAuthToken(AbstractAccountAuthenticator.java:248)
07-17 10:27:59.183 E/AuthPII (21171): 	at android.accounts.IAccountAuthenticator$Stub.onTransact(IAccountAuthenticator.java:254)
07-17 10:27:59.183 E/AuthPII (21171): 	at android.os.Binder.transact(Binder.java:1309)
07-17 10:27:59.183 E/AuthPII (21171): 	at cszx.onTransact(:com.google.android.gms@262532035@26.25.32 (260400-944114241):12)
07-17 10:27:59.183 E/AuthPII (21171): 	at android.os.Binder.transact(Binder.java:1309)
07-17 10:27:59.183 E/AuthPII (21171): 	at ceme.onTransact(:com.google.android.gms@262532035@26.25.32 (260400-944114241):169)
07-17 10:27:59.183 E/AuthPII (21171): 	at android.os.Binder.execTransactInternal(Binder.java:1462)
07-17 10:27:59.183 E/AuthPII (21171): 	at android.os.Binder.execTransact(Binder.java:1401)
07-17 10:27:59.437 E/HeatmapThread( 1457): ECT Thread time in milliseconds: 1784269679
07-17 10:27:59.438 E/HeatmapThread( 1457): !@Could not open '/efs/FactoryApp/bsoh', errno = 13
07-17 10:27:59.438 E/HeatmapThread( 1457): !@ CAM Could not access BSOH EFS
07-17 10:27:59.438 E/HeatmapThread( 1457): !@ CAM New BSOH: 0
07-17 10:27:59.588 E/NotificationService( 1740): isPkgBlocked = true
07-17 10:27:59.588 E/NotificationService( 1740): isRecordBlocked = false
07-17 10:27:59.588 E/NotificationService( 1740): Suppressing notification from package phone.clean.master.battery.antivirus.ora by user request.
07-17 10:27:59.696 E/DMVP_DEBUG(12718): HTTP 401 body={"error_code":"INVALID_SIGNATURE","message":"The request signature does not match the signed payload for the claimed device key.","detail":{},"policy_version":"unspecified","request_id":"960bf5fc-1002-4a47-9095-61c28ff27780"}
07-17 10:28:00.437 E/HeatmapThread( 1457): ECT Thread time in milliseconds: 1784269680
07-17 10:28:00.439 E/HeatmapThread( 1457): !@Could not open '/efs/FactoryApp/bsoh', errno = 13
07-17 10:28:00.439 E/HeatmapThread( 1457): !@ CAM Could not access BSOH EFS
07-17 10:28:00.439 E/HeatmapThread( 1457): !@ CAM New BSOH: 0
07-17 10:28:01.437 E/HeatmapThread( 1457): ECT Thread time in milliseconds: 1784269681
07-17 10:28:01.439 E/HeatmapThread( 1457): !@Could not open '/efs/FactoryApp/bsoh', errno = 13
07-17 10:28:01.439 E/HeatmapThread( 1457): !@ CAM Could not access BSOH EFS
07-17 10:28:01.439 E/HeatmapThread( 1457): !@ CAM New BSOH: 0
07-17 10:28:02.437 E/HeatmapThread( 1457): ECT Thread time in milliseconds: 1784269682
07-17 10:28:02.438 E/HeatmapThread( 1457): !@Could not open '/efs/FactoryApp/bsoh', errno = 13
07-17 10:28:02.439 E/HeatmapThread( 1457): !@ CAM Could not access BSOH EFS
07-17 10:28:02.439 E/HeatmapThread( 1457): !@ CAM New BSOH: 0
07-17 10:28:03.437 E/HeatmapThread( 1457): ECT Thread time in milliseconds: 1784269683
07-17 10:28:03.438 E/HeatmapThread( 1457): !@Could not open '/efs/FactoryApp/bsoh', errno = 13
07-17 10:28:03.438 E/HeatmapThread( 1457): !@ CAM Could not access BSOH EFS
07-17 10:28:03.438 E/HeatmapThread( 1457): !@ CAM New BSOH: 0
07-17 10:28:03.594 E/NotificationService( 1740): isPkgBlocked = true
07-17 10:28:03.594 E/NotificationService( 1740): isRecordBlocked = false
07-17 10:28:03.594 E/NotificationService( 1740): Suppressing notification from package phone.clean.master.battery.antivirus.ora by user request.
07-17 10:28:04.437 E/HeatmapThread( 1457): ECT Thread time in milliseconds: 1784269684
07-17 10:28:04.439 E/HeatmapThread( 1457): !@Could not open '/efs/FactoryApp/bsoh', errno = 13
07-17 10:28:04.440 E/HeatmapThread( 1457): !@ CAM Could not access BSOH EFS
07-17 10:28:04.440 E/HeatmapThread( 1457): !@ CAM New BSOH: 0
07-17 10:28:04.653 E/pageboostd( 3230): Received HALT command code 2
07-17 10:28:04.719 E/pageboostd( 3230): Received HALT command code 2
07-17 10:28:04.746 E/PhotoPickerProvider( 4980): Failed to check if local search is enabled
07-17 10:28:04.746 E/PhotoPickerProvider( 4980): java.lang.IllegalStateException: Service not connected
07-17 10:28:04.746 E/PhotoPickerProvider( 4980): 	at com.android.providers.media.photopicker.PhotoPickerLocalSearchManager.isSemanticSearchSupported(PhotoPickerLocalSearchManager.java:155)
07-17 10:28:04.746 E/PhotoPickerProvider( 4980): 	at com.android.providers.media.photopicker.PhotoPickerProvider.isSearchEnabled(PhotoPickerProvider.java:329)
07-17 10:28:04.746 E/PhotoPickerProvider( 4980): 	at com.android.providers.media.photopicker.PhotoPickerProvider.onGetCapabilities(PhotoPickerProvider.java:319)
07-17 10:28:04.746 E/PhotoPickerProvider( 4980): 	at android.provider.CloudMediaProvider.callUnchecked(CloudMediaProvider.java:761)
07-17 10:28:04.746 E/PhotoPickerProvider( 4980): 	at android.provider.CloudMediaProvider.call(CloudMediaProvider.java:734)
07-17 10:28:04.746 E/PhotoPickerProvider( 4980): 	at android.content.ContentProvider.call(ContentProvider.java:2770)
07-17 10:28:04.746 E/PhotoPickerProvider( 4980): 	at android.content.ContentProvider$Transport.call(ContentProvider.java:644)
07-17 10:28:04.746 E/PhotoPickerProvider( 4980): 	at android.content.ContentProviderClient.call(ContentProviderClient.java:601)
07-17 10:28:04.746 E/PhotoPickerProvider( 4980): 	at android.content.ContentProviderClient.call(ContentProviderClient.java:589)
07-17 10:28:04.746 E/PhotoPickerProvider( 4980): 	at com.android.providers.media.photopicker.sync.PickerSearchProviderClient.fetchCapabilities(PickerSearchProviderClient.java:254)
07-17 10:28:04.746 E/PhotoPickerProvider( 4980): 	at com.android.providers.media.photopicker.SearchState.doesLocalProviderSupportSearch(SearchState.java:108)
07-17 10:28:04.746 E/PhotoPickerProvider( 4980): 	at com.android.providers.media.photopicker.SearchState.isLocalSearchEnabled(SearchState.java:136)
07-17 10:28:04.746 E/PhotoPickerProvider( 4980): 	at com.android.providers.media.photopicker.v2.PickerDataLayerV2.$r8$lambda$LzYBg9FQAjB2SfoOD3HXjF_LAKc(PickerDataLayerV2.java:1954)
07-17 10:28:04.746 E/PhotoPickerProvider( 4980): 	at com.android.providers.media.photopicker.v2.PickerDataLayerV2$$ExternalSyntheticLambda1.get(R8$$SyntheticClass:0)
07-17 10:28:04.746 E/PhotoPickerProvider( 4980): 	at java.util.concurrent.CompletableFuture$AsyncSupply.run(CompletableFuture.java:1744)
07-17 10:28:04.746 E/PhotoPickerProvider( 4980): 	at java.util.concurrent.ThreadPoolExecutor.runWorker(ThreadPoolExecutor.java:1100)
07-17 10:28:04.746 E/PhotoPickerProvider( 4980): 	at java.util.concurrent.ThreadPoolExecutor$Worker.run(ThreadPoolExecutor.java:624)
07-17 10:28:04.746 E/PhotoPickerProvider( 4980): 	at com.android.providers.media.util.ThreadFactoryUtil$1.$r8$lambda$Wm4GPOYBu_O7miOEhuUfhyf0mgc(ThreadFactoryUtil.java:77)
07-17 10:28:04.746 E/PhotoPickerProvider( 4980): 	at com.android.providers.media.util.ThreadFactoryUtil$1$$ExternalSyntheticLambda0.run(R8$$SyntheticClass:0)
07-17 10:28:04.746 E/PhotoPickerProvider( 4980): 	at java.lang.Thread.run(Thread.java:1572)
07-17 10:28:04.746 E/PhotoPickerProvider( 6602): Failed to check if local search is enabled
07-17 10:28:04.746 E/PhotoPickerProvider( 6602): java.lang.IllegalStateException: Service not connected
07-17 10:28:04.746 E/PhotoPickerProvider( 6602): 	at com.android.providers.media.photopicker.PhotoPickerLocalSearchManager.isSemanticSearchSupported(PhotoPickerLocalSearchManager.java:155)
07-17 10:28:04.746 E/PhotoPickerProvider( 6602): 	at com.android.providers.media.photopicker.PhotoPickerProvider.isSearchEnabled(PhotoPickerProvider.java:329)
07-17 10:28:04.746 E/PhotoPickerProvider( 6602): 	at com.android.providers.media.photopicker.PhotoPickerProvider.onGetCapabilities(PhotoPickerProvider.java:319)
07-17 10:28:04.746 E/PhotoPickerProvider( 6602): 	at android.provider.CloudMediaProvider.callUnchecked(CloudMediaProvider.java:761)
07-17 10:28:04.746 E/PhotoPickerProvider( 6602): 	at android.provider.CloudMediaProvider.call(CloudMediaProvider.java:734)
07-17 10:28:04.746 E/PhotoPickerProvider( 6602): 	at android.content.ContentProvider.call(ContentProvider.java:2770)
07-17 10:28:04.746 E/PhotoPickerProvider( 6602): 	at android.content.ContentProvider$Transport.call(ContentProvider.java:644)
07-17 10:28:04.746 E/PhotoPickerProvider( 6602): 	at android.content.ContentProviderClient.call(ContentProviderClient.java:601)
07-17 10:28:04.746 E/PhotoPickerProvider( 6602): 	at android.content.ContentProviderClient.call(ContentProviderClient.java:589)
07-17 10:28:04.746 E/PhotoPickerProvider( 6602): 	at com.android.providers.media.photopicker.sync.PickerSearchProviderClient.fetchCapabilities(PickerSearchProviderClient.java:254)
07-17 10:28:04.746 E/PhotoPickerProvider( 6602): 	at com.android.providers.media.photopicker.SearchState.doesLocalProviderSupportSearch(SearchState.java:108)
07-17 10:28:04.746 E/PhotoPickerProvider( 6602): 	at com.android.providers.media.photopicker.SearchState.isLocalSearchEnabled(SearchState.java:136)
07-17 10:28:04.746 E/PhotoPickerProvider( 6602): 	at com.android.providers.media.photopicker.v2.PickerDataLayerV2.$r8$lambda$LzYBg9FQAjB2SfoOD3HXjF_LAKc(PickerDataLayerV2.java:1954)
07-17 10:28:04.746 E/PhotoPickerProvider( 6602): 	at com.android.providers.media.photopicker.v2.PickerDataLayerV2$$ExternalSyntheticLambda1.get(R8$$SyntheticClass:0)
07-17 10:28:04.746 E/PhotoPickerProvider( 6602): 	at java.util.concurrent.CompletableFuture$AsyncSupply.run(CompletableFuture.java:1744)
07-17 10:28:04.746 E/PhotoPickerProvider( 6602): 	at java.util.concurrent.ThreadPoolExecutor.runWorker(ThreadPoolExecutor.java:1100)
07-17 10:28:04.746 E/PhotoPickerProvider( 6602): 	at java.util.concurrent.ThreadPoolExecutor$Worker.run(ThreadPoolExecutor.java:624)
07-17 10:28:04.746 E/PhotoPickerProvider( 6602): 	at com.android.providers.media.util.ThreadFactoryUtil$1.$r8$lambda$Wm4GPOYBu_O7miOEhuUfhyf0mgc(ThreadFactoryUtil.java:77)
07-17 10:28:04.746 E/PhotoPickerProvider( 6602): 	at com.android.providers.media.util.ThreadFactoryUtil$1$$ExternalSyntheticLambda0.run(R8$$SyntheticClass:0)
07-17 10:28:04.746 E/PhotoPickerProvider( 6602): 	at java.lang.Thread.run(Thread.java:1572)
07-17 10:28:04.836 E/oid.documentsui(12904): No package ID ff found for resource ID 0xffffffff.
07-17 10:28:04.844 E/oid.documentsui(12904): No package ID ff found for resource ID 0xffffffff.
07-17 10:28:04.915 E/oid.documentsui(12904): No package ID ff found for resource ID 0xffffffff.
07-17 10:28:04.977 E/oid.documentsui(12904): No package ID ff found for resource ID 0xffffffff.
07-17 10:28:05.119 E/oid.documentsui(12904): No package ID ff found for resource ID 0xffffffff.
07-17 10:28:05.136 E/pageboostd( 3230): Received HALT command code 2
07-17 10:28:05.142 E/SurfaceFlinger( 1465): alpha changed 1.000 -> 0.000 - ActivityRecord{99300524 u0 com.google.android.documentsui/com.android.documentsui.picker.PickActivity t18857}#29268
07-17 10:28:05.142 E/SurfaceFlinger( 1465): alpha changed 1.000 -> 0.000 - DimTransitionLayer for Surface(name=ActivityRecord{99300524 u0 com.google.android.documentsui/com.android.documentsui.picker.PickActivity t18857})/@0xa9c4f41#29275
07-17 10:28:05.142 E/SurfaceFlinger( 1465): alpha changed 0.000 -> 1.000 - ActivityRecord{99300524 u0 com.google.android.documentsui/com.android.documentsui.picker.PickActivity t18857}#29268
07-17 10:28:05.142 E/SurfaceFlinger( 1465): alpha changed 0.000 -> 0.000 - DimTransitionLayer for Surface(name=ActivityRecord{99300524 u0 com.google.android.documentsui/com.android.documentsui.picker.PickActivity t18857})/@0xa9c4f41#29275
07-17 10:28:05.175 E/SurfaceFlinger( 1465): alpha changed 0.000 -> 0.019 - DimTransitionLayer for Surface(name=ActivityRecord{99300524 u0 com.google.android.documentsui/com.android.documentsui.picker.PickActivity t18857})/@0xa9c4f41#29275
07-17 10:28:05.376 E/SurfaceFlinger( 1465): alpha changed 1.000 -> 0.000 - Surface(name=74b47cf InputMethod)/@0x9ed1065 - animation-leash of insets_animation#29276
07-17 10:28:05.437 E/HeatmapThread( 1457): ECT Thread time in milliseconds: 1784269685
07-17 10:28:05.437 E/HeatmapThread( 1457): !@Could not open '/efs/FactoryApp/bsoh', errno = 13
07-17 10:28:05.437 E/HeatmapThread( 1457): !@ CAM Could not access BSOH EFS
07-17 10:28:05.437 E/HeatmapThread( 1457): !@ CAM New BSOH: 0
07-17 10:28:05.630 E/WindowManager( 1740): win=Window{dc89e8 u0 com.dmvp.app/com.dmvp.app.MainActivity} destroySurfaces: appStopped=true cleanupOnResume=false win.mWindowRemovalAllowed=false win.mRemoveOnExit=false win.mViewVisibility=8 caller=com.android.server.wm.ActivityRecord.destroySurfaces:25 com.android.server.wm.ActivityRecord.activityStopped:192 com.android.server.wm.ActivityClientController.activityStopped:97 android.app.IActivityClientController$Stub.onTransact:740 com.android.server.wm.ActivityClientController.onTransact:1 android.os.Binder.execTransactInternal:1462 android.os.Binder.execTransact:1401 
07-17 10:28:06.437 E/HeatmapThread( 1457): ECT Thread time in milliseconds: 1784269686
07-17 10:28:06.438 E/HeatmapThread( 1457): !@Could not open '/efs/FactoryApp/bsoh', errno = 13
07-17 10:28:06.438 E/HeatmapThread( 1457): !@ CAM Could not access BSOH EFS
07-17 10:28:06.438 E/HeatmapThread( 1457): !@ CAM New BSOH: 0
07-17 10:28:07.265 E/FilePhenotypeFlags(13032): Config package com.google.android.gms.clearcut_client#me.proton.android.drive cannot use FILE backing without declarative registration. See go/phenotype-android-integration#phenotype for more information. This will lead to stale flags.
07-17 10:28:07.269 E/FilePhenotypeFlags(13032): Config package com.google.android.gms.clearcut_client#me.proton.android.drive cannot use FILE backing without declarative registration. See go/phenotype-android-integration#phenotype for more information. This will lead to stale flags.
07-17 10:28:07.279 E/FilePhenotypeFlags(13032): Config package com.google.android.gms.clearcut_client#me.proton.android.drive cannot use FILE backing without declarative registration. See go/phenotype-android-integration#phenotype for more information. This will lead to stale flags.
07-17 10:28:07.279 E/FilePhenotypeFlags(13032): Config package com.google.android.gms.clearcut_client#me.proton.android.drive cannot use FILE backing without declarative registration. See go/phenotype-android-integration#phenotype for more information. This will lead to stale flags.
07-17 10:28:07.437 E/HeatmapThread( 1457): ECT Thread time in milliseconds: 1784269687
07-17 10:28:07.437 E/HeatmapThread( 1457): !@Could not open '/efs/FactoryApp/bsoh', errno = 13
07-17 10:28:07.437 E/HeatmapThread( 1457): !@ CAM Could not access BSOH EFS
