07-17 10:28:07.437 E/HeatmapThread( 1457): !@ CAM New BSOH: 0
07-17 10:28:07.585 E/NotificationService( 1740): isPkgBlocked = true
07-17 10:28:07.585 E/NotificationService( 1740): isRecordBlocked = false
07-17 10:28:07.585 E/NotificationService( 1740): Suppressing notification from package phone.clean.master.battery.antivirus.ora by user request.
07-17 10:28:08.438 E/HeatmapThread( 1457): ECT Thread time in milliseconds: 1784269688
07-17 10:28:08.439 E/HeatmapThread( 1457): !@Could not open '/efs/FactoryApp/bsoh', errno = 13
07-17 10:28:08.439 E/HeatmapThread( 1457): !@ CAM Could not access BSOH EFS
07-17 10:28:08.440 E/HeatmapThread( 1457): !@ CAM New BSOH: 0
07-17 10:28:09.437 E/HeatmapThread( 1457): ECT Thread time in milliseconds: 1784269689
07-17 10:28:09.437 E/HeatmapThread( 1457): !@Could not open '/efs/FactoryApp/bsoh', errno = 13
07-17 10:28:09.437 E/HeatmapThread( 1457): !@ CAM Could not access BSOH EFS
07-17 10:28:09.437 E/HeatmapThread( 1457): !@ CAM New BSOH: 0
07-17 10:28:09.440 E/SurfaceFlinger( 1465): alpha changed 1.000 -> 0.000 - DimTransitionLayer for Surface(name=ActivityRecord{99300524 u0 com.google.android.documentsui/com.android.documentsui.picker.PickActivity t18857})/@0x103ef00#29281
07-17 10:28:09.440 E/SurfaceFlinger( 1465): alpha changed 0.000 -> 0.180 - DimTransitionLayer for Surface(name=ActivityRecord{99300524 u0 com.google.android.documentsui/com.android.documentsui.picker.PickActivity t18857})/@0x103ef00#29281
07-17 10:28:09.490 E/SurfaceFlinger( 1465): alpha changed 1.000 -> 0.000 - Surface(name=74b47cf InputMethod)/@0x9ed1065 - animation-leash of insets_animation#29282
07-17 10:28:09.608 E/SurfaceFlinger( 1465): alpha changed 0.020 -> 0.000 - DimTransitionLayer for Surface(name=ActivityRecord{99300524 u0 com.google.android.documentsui/com.android.documentsui.picker.PickActivity t18857})/@0x103ef00#29281
07-17 10:28:10.437 E/HeatmapThread( 1457): ECT Thread time in milliseconds: 1784269690
07-17 10:28:10.438 E/HeatmapThread( 1457): !@Could not open '/efs/FactoryApp/bsoh', errno = 13
07-17 10:28:10.438 E/HeatmapThread( 1457): !@ CAM Could not access BSOH EFS
07-17 10:28:10.438 E/HeatmapThread( 1457): !@ CAM New BSOH: 0
07-17 10:28:11.437 E/HeatmapThread( 1457): ECT Thread time in milliseconds: 1784269691
07-17 10:28:11.439 E/HeatmapThread( 1457): !@Could not open '/efs/FactoryApp/bsoh', errno = 13
07-17 10:28:11.439 E/HeatmapThread( 1457): !@ CAM Could not access BSOH EFS
07-17 10:28:11.440 E/HeatmapThread( 1457): !@ CAM New BSOH: 0
07-17 10:28:11.603 E/NotificationService( 1740): isPkgBlocked = true
07-17 10:28:11.603 E/NotificationService( 1740): isRecordBlocked = false
07-17 10:28:11.603 E/NotificationService( 1740): Suppressing notification from package phone.clean.master.battery.antivirus.ora by user request.
07-17 10:28:12.437 E/HeatmapThread( 1457): ECT Thread time in milliseconds: 1784269692
07-17 10:28:12.438 E/HeatmapThread( 1457): !@Could not open '/efs/FactoryApp/bsoh', errno = 13
07-17 10:28:12.438 E/HeatmapThread( 1457): !@ CAM Could not access BSOH EFS
07-17 10:28:12.438 E/HeatmapThread( 1457): !@ CAM New BSOH: 0
07-17 10:28:13.437 E/HeatmapThread( 1457): ECT Thread time in milliseconds: 1784269693
07-17 10:28:13.438 E/HeatmapThread( 1457): !@Could not open '/efs/FactoryApp/bsoh', errno = 13
07-17 10:28:13.438 E/HeatmapThread( 1457): !@ CAM Could not access BSOH EFS
07-17 10:28:13.438 E/HeatmapThread( 1457): !@ CAM New BSOH: 0
07-17 10:28:14.169 E/AuthPII (21171): [RequestTokenManager] getToken() -> BAD_AUTHENTICATION. App: com.android.vending, Service: oauth2:https://www.googleapis.com/auth/googleplay
07-17 10:28:14.169 E/AuthPII (21171): bkli: Long live credential not available.
07-17 10:28:14.169 E/AuthPII (21171): 	at aiip.a(:com.google.android.gms@262532035@26.25.32 (260400-944114241):1347)
07-17 10:28:14.169 E/AuthPII (21171): 	at aiiw.b(:com.google.android.gms@262532035@26.25.32 (260400-944114241):26)
07-17 10:28:14.169 E/AuthPII (21171): 	at aiiu.a(:com.google.android.gms@262532035@26.25.32 (260400-944114241):661)
07-17 10:28:14.169 E/AuthPII (21171): 	at aiit.b(:com.google.android.gms@262532035@26.25.32 (260400-944114241):151)
07-17 10:28:14.169 E/AuthPII (21171): 	at abcj.d(:com.google.android.gms@262532035@26.25.32 (260400-944114241):829)
07-17 10:28:14.169 E/AuthPII (21171): 	at aicg.getAuthToken(:com.google.android.gms@262532035@26.25.32 (260400-944114241):408)
07-17 10:28:14.169 E/AuthPII (21171): 	at android.accounts.AbstractAccountAuthenticator$Transport.getAuthToken(AbstractAccountAuthenticator.java:248)
07-17 10:28:14.169 E/AuthPII (21171): 	at android.accounts.IAccountAuthenticator$Stub.onTransact(IAccountAuthenticator.java:254)
07-17 10:28:14.169 E/AuthPII (21171): 	at android.os.Binder.transact(Binder.java:1309)
07-17 10:28:14.169 E/AuthPII (21171): 	at cszx.onTransact(:com.google.android.gms@262532035@26.25.32 (260400-944114241):12)
07-17 10:28:14.169 E/AuthPII (21171): 	at android.os.Binder.transact(Binder.java:1309)
07-17 10:28:14.169 E/AuthPII (21171): 	at ceme.onTransact(:com.google.android.gms@262532035@26.25.32 (260400-944114241):169)
07-17 10:28:14.169 E/AuthPII (21171): 	at android.os.Binder.execTransactInternal(Binder.java:1462)
07-17 10:28:14.169 E/AuthPII (21171): 	at android.os.Binder.execTransact(Binder.java:1401)
07-17 10:28:14.169 E/AuthPII (21171): Message is Long live credential not available.
07-17 10:28:14.169 E/AuthPII (21171): bkli: Long live credential not available.
07-17 10:28:14.169 E/AuthPII (21171): 	at aiip.a(:com.google.android.gms@262532035@26.25.32 (260400-944114241):1347)
07-17 10:28:14.169 E/AuthPII (21171): 	at aiiw.b(:com.google.android.gms@262532035@26.25.32 (260400-944114241):26)
07-17 10:28:14.169 E/AuthPII (21171): 	at aiiu.a(:com.google.android.gms@262532035@26.25.32 (260400-944114241):661)
07-17 10:28:14.169 E/AuthPII (21171): 	at aiit.b(:com.google.android.gms@262532035@26.25.32 (260400-944114241):151)
07-17 10:28:14.169 E/AuthPII (21171): 	at abcj.d(:com.google.android.gms@262532035@26.25.32 (260400-944114241):829)
07-17 10:28:14.169 E/AuthPII (21171): 	at aicg.getAuthToken(:com.google.android.gms@262532035@26.25.32 (260400-944114241):408)
07-17 10:28:14.169 E/AuthPII (21171): 	at android.accounts.AbstractAccountAuthenticator$Transport.getAuthToken(AbstractAccountAuthenticator.java:248)
07-17 10:28:14.169 E/AuthPII (21171): 	at android.accounts.IAccountAuthenticator$Stub.onTransact(IAccountAuthenticator.java:254)
07-17 10:28:14.169 E/AuthPII (21171): 	at android.os.Binder.transact(Binder.java:1309)
07-17 10:28:14.169 E/AuthPII (21171): 	at cszx.onTransact(:com.google.android.gms@262532035@26.25.32 (260400-944114241):12)
07-17 10:28:14.169 E/AuthPII (21171): 	at android.os.Binder.transact(Binder.java:1309)
07-17 10:28:14.169 E/AuthPII (21171): 	at ceme.onTransact(:com.google.android.gms@262532035@26.25.32 (260400-944114241):169)
07-17 10:28:14.169 E/AuthPII (21171): 	at android.os.Binder.execTransactInternal(Binder.java:1462)
07-17 10:28:14.169 E/AuthPII (21171): 	at android.os.Binder.execTransact(Binder.java:1401)
07-17 10:28:14.437 E/HeatmapThread( 1457): ECT Thread time in milliseconds: 1784269694
07-17 10:28:14.439 E/HeatmapThread( 1457): !@Could not open '/efs/FactoryApp/bsoh', errno = 13
07-17 10:28:14.439 E/HeatmapThread( 1457): !@ CAM Could not access BSOH EFS
07-17 10:28:14.439 E/HeatmapThread( 1457): !@ CAM New BSOH: 0
07-17 10:28:15.071 E/AuthPII (21171): [RequestTokenManager] getToken() -> BAD_AUTHENTICATION. App: com.android.vending, Service: oauth2:https://www.googleapis.com/auth/googleplay
07-17 10:28:15.071 E/AuthPII (21171): bkli: Long live credential not available.
07-17 10:28:15.071 E/AuthPII (21171): 	at aiip.a(:com.google.android.gms@262532035@26.25.32 (260400-944114241):1347)
07-17 10:28:15.071 E/AuthPII (21171): 	at aiiw.b(:com.google.android.gms@262532035@26.25.32 (260400-944114241):26)
07-17 10:28:15.071 E/AuthPII (21171): 	at aiiu.a(:com.google.android.gms@262532035@26.25.32 (260400-944114241):661)
07-17 10:28:15.071 E/AuthPII (21171): 	at aiit.b(:com.google.android.gms@262532035@26.25.32 (260400-944114241):151)
07-17 10:28:15.071 E/AuthPII (21171): 	at abcj.d(:com.google.android.gms@262532035@26.25.32 (260400-944114241):829)
07-17 10:28:15.071 E/AuthPII (21171): 	at aicg.getAuthToken(:com.google.android.gms@262532035@26.25.32 (260400-944114241):408)
07-17 10:28:15.071 E/AuthPII (21171): 	at android.accounts.AbstractAccountAuthenticator$Transport.getAuthToken(AbstractAccountAuthenticator.java:248)
07-17 10:28:15.071 E/AuthPII (21171): 	at android.accounts.IAccountAuthenticator$Stub.onTransact(IAccountAuthenticator.java:254)
07-17 10:28:15.071 E/AuthPII (21171): 	at android.os.Binder.transact(Binder.java:1309)
07-17 10:28:15.071 E/AuthPII (21171): 	at cszx.onTransact(:com.google.android.gms@262532035@26.25.32 (260400-944114241):12)
07-17 10:28:15.071 E/AuthPII (21171): 	at android.os.Binder.transact(Binder.java:1309)
07-17 10:28:15.071 E/AuthPII (21171): 	at ceme.onTransact(:com.google.android.gms@262532035@26.25.32 (260400-944114241):169)
07-17 10:28:15.071 E/AuthPII (21171): 	at android.os.Binder.execTransactInternal(Binder.java:1462)
07-17 10:28:15.071 E/AuthPII (21171): 	at android.os.Binder.execTransact(Binder.java:1401)
07-17 10:28:15.072 E/AuthPII (21171): Message is Long live credential not available.
07-17 10:28:15.072 E/AuthPII (21171): bkli: Long live credential not available.
07-17 10:28:15.072 E/AuthPII (21171): 	at aiip.a(:com.google.android.gms@262532035@26.25.32 (260400-944114241):1347)
07-17 10:28:15.072 E/AuthPII (21171): 	at aiiw.b(:com.google.android.gms@262532035@26.25.32 (260400-944114241):26)
07-17 10:28:15.072 E/AuthPII (21171): 	at aiiu.a(:com.google.android.gms@262532035@26.25.32 (260400-944114241):661)
07-17 10:28:15.072 E/AuthPII (21171): 	at aiit.b(:com.google.android.gms@262532035@26.25.32 (260400-944114241):151)
07-17 10:28:15.072 E/AuthPII (21171): 	at abcj.d(:com.google.android.gms@262532035@26.25.32 (260400-944114241):829)
07-17 10:28:15.072 E/AuthPII (21171): 	at aicg.getAuthToken(:com.google.android.gms@262532035@26.25.32 (260400-944114241):408)
07-17 10:28:15.072 E/AuthPII (21171): 	at android.accounts.AbstractAccountAuthenticator$Transport.getAuthToken(AbstractAccountAuthenticator.java:248)
07-17 10:28:15.072 E/AuthPII (21171): 	at android.accounts.IAccountAuthenticator$Stub.onTransact(IAccountAuthenticator.java:254)
07-17 10:28:15.072 E/AuthPII (21171): 	at android.os.Binder.transact(Binder.java:1309)
07-17 10:28:15.072 E/AuthPII (21171): 	at cszx.onTransact(:com.google.android.gms@262532035@26.25.32 (260400-944114241):12)
07-17 10:28:15.072 E/AuthPII (21171): 	at android.os.Binder.transact(Binder.java:1309)
07-17 10:28:15.072 E/AuthPII (21171): 	at ceme.onTransact(:com.google.android.gms@262532035@26.25.32 (260400-944114241):169)
07-17 10:28:15.072 E/AuthPII (21171): 	at android.os.Binder.execTransactInternal(Binder.java:1462)
07-17 10:28:15.072 E/AuthPII (21171): 	at android.os.Binder.execTransact(Binder.java:1401)
07-17 10:28:15.437 E/HeatmapThread( 1457): ECT Thread time in milliseconds: 1784269695
07-17 10:28:15.438 E/HeatmapThread( 1457): !@Could not open '/efs/FactoryApp/bsoh', errno = 13
07-17 10:28:15.438 E/HeatmapThread( 1457): !@ CAM Could not access BSOH EFS
07-17 10:28:15.438 E/HeatmapThread( 1457): !@ CAM New BSOH: 0
07-17 10:28:15.609 E/NotificationService( 1740): isPkgBlocked = true
07-17 10:28:15.610 E/NotificationService( 1740): isRecordBlocked = false
07-17 10:28:15.610 E/NotificationService( 1740): Suppressing notification from package phone.clean.master.battery.antivirus.ora by user request.
07-17 10:28:16.205 E/Watchdog( 1740): !@Sync: 3580 heap(MB): 151 / 163 native(MB): 92 FD: 1395 WaitTime: 54 ms GCcnt: 0 FullGC: 0 [2026-07-17 10:28:16.133]
07-17 10:28:16.437 E/HeatmapThread( 1457): ECT Thread time in milliseconds: 1784269696
07-17 10:28:16.438 E/HeatmapThread( 1457): !@Could not open '/efs/FactoryApp/bsoh', errno = 13
07-17 10:28:16.438 E/HeatmapThread( 1457): !@ CAM Could not access BSOH EFS
07-17 10:28:16.438 E/HeatmapThread( 1457): !@ CAM New BSOH: 0
07-17 10:28:17.076 E/pageboostd( 3230): Received HALT command code 2
07-17 10:28:17.112 E/pageboostd( 3230): Received HALT command code 2
07-17 10:28:17.134 E/PhotoPickerProvider( 4980): Failed to check if local search is enabled
07-17 10:28:17.134 E/PhotoPickerProvider( 4980): java.lang.IllegalStateException: Service not connected
07-17 10:28:17.134 E/PhotoPickerProvider( 4980): 	at com.android.providers.media.photopicker.PhotoPickerLocalSearchManager.isSemanticSearchSupported(PhotoPickerLocalSearchManager.java:155)
07-17 10:28:17.134 E/PhotoPickerProvider( 4980): 	at com.android.providers.media.photopicker.PhotoPickerProvider.isSearchEnabled(PhotoPickerProvider.java:329)
07-17 10:28:17.134 E/PhotoPickerProvider( 4980): 	at com.android.providers.media.photopicker.PhotoPickerProvider.onGetCapabilities(PhotoPickerProvider.java:319)
07-17 10:28:17.134 E/PhotoPickerProvider( 4980): 	at android.provider.CloudMediaProvider.callUnchecked(CloudMediaProvider.java:761)
07-17 10:28:17.134 E/PhotoPickerProvider( 4980): 	at android.provider.CloudMediaProvider.call(CloudMediaProvider.java:734)
07-17 10:28:17.134 E/PhotoPickerProvider( 4980): 	at android.content.ContentProvider.call(ContentProvider.java:2770)
07-17 10:28:17.134 E/PhotoPickerProvider( 4980): 	at android.content.ContentProvider$Transport.call(ContentProvider.java:644)
07-17 10:28:17.134 E/PhotoPickerProvider( 4980): 	at android.content.ContentProviderClient.call(ContentProviderClient.java:601)
07-17 10:28:17.134 E/PhotoPickerProvider( 4980): 	at android.content.ContentProviderClient.call(ContentProviderClient.java:589)
07-17 10:28:17.134 E/PhotoPickerProvider( 4980): 	at com.android.providers.media.photopicker.sync.PickerSearchProviderClient.fetchCapabilities(PickerSearchProviderClient.java:254)
07-17 10:28:17.134 E/PhotoPickerProvider( 4980): 	at com.android.providers.media.photopicker.SearchState.doesLocalProviderSupportSearch(SearchState.java:108)
07-17 10:28:17.134 E/PhotoPickerProvider( 4980): 	at com.android.providers.media.photopicker.SearchState.isLocalSearchEnabled(SearchState.java:136)
07-17 10:28:17.134 E/PhotoPickerProvider( 4980): 	at com.android.providers.media.photopicker.v2.PickerDataLayerV2.$r8$lambda$LzYBg9FQAjB2SfoOD3HXjF_LAKc(PickerDataLayerV2.java:1954)
07-17 10:28:17.134 E/PhotoPickerProvider( 4980): 	at com.android.providers.media.photopicker.v2.PickerDataLayerV2$$ExternalSyntheticLambda1.get(R8$$SyntheticClass:0)
07-17 10:28:17.134 E/PhotoPickerProvider( 4980): 	at java.util.concurrent.CompletableFuture$AsyncSupply.run(CompletableFuture.java:1744)
07-17 10:28:17.134 E/PhotoPickerProvider( 4980): 	at java.util.concurrent.ThreadPoolExecutor.runWorker(ThreadPoolExecutor.java:1100)
07-17 10:28:17.134 E/PhotoPickerProvider( 4980): 	at java.util.concurrent.ThreadPoolExecutor$Worker.run(ThreadPoolExecutor.java:624)
07-17 10:28:17.134 E/PhotoPickerProvider( 4980): 	at com.android.providers.media.util.ThreadFactoryUtil$1.$r8$lambda$Wm4GPOYBu_O7miOEhuUfhyf0mgc(ThreadFactoryUtil.java:77)
07-17 10:28:17.134 E/PhotoPickerProvider( 4980): 	at com.android.providers.media.util.ThreadFactoryUtil$1$$ExternalSyntheticLambda0.run(R8$$SyntheticClass:0)
07-17 10:28:17.134 E/PhotoPickerProvider( 4980): 	at java.lang.Thread.run(Thread.java:1572)
07-17 10:28:17.137 E/PhotoPickerProvider( 6602): Failed to check if local search is enabled
07-17 10:28:17.137 E/PhotoPickerProvider( 6602): java.lang.IllegalStateException: Service not connected
07-17 10:28:17.137 E/PhotoPickerProvider( 6602): 	at com.android.providers.media.photopicker.PhotoPickerLocalSearchManager.isSemanticSearchSupported(PhotoPickerLocalSearchManager.java:155)
07-17 10:28:17.137 E/PhotoPickerProvider( 6602): 	at com.android.providers.media.photopicker.PhotoPickerProvider.isSearchEnabled(PhotoPickerProvider.java:329)
07-17 10:28:17.137 E/PhotoPickerProvider( 6602): 	at com.android.providers.media.photopicker.PhotoPickerProvider.onGetCapabilities(PhotoPickerProvider.java:319)
07-17 10:28:17.137 E/PhotoPickerProvider( 6602): 	at android.provider.CloudMediaProvider.callUnchecked(CloudMediaProvider.java:761)
07-17 10:28:17.137 E/PhotoPickerProvider( 6602): 	at android.provider.CloudMediaProvider.call(CloudMediaProvider.java:734)
07-17 10:28:17.137 E/PhotoPickerProvider( 6602): 	at android.content.ContentProvider.call(ContentProvider.java:2770)
07-17 10:28:17.137 E/PhotoPickerProvider( 6602): 	at android.content.ContentProvider$Transport.call(ContentProvider.java:644)
07-17 10:28:17.137 E/PhotoPickerProvider( 6602): 	at android.content.ContentProviderClient.call(ContentProviderClient.java:601)
07-17 10:28:17.137 E/PhotoPickerProvider( 6602): 	at android.content.ContentProviderClient.call(ContentProviderClient.java:589)
07-17 10:28:17.137 E/PhotoPickerProvider( 6602): 	at com.android.providers.media.photopicker.sync.PickerSearchProviderClient.fetchCapabilities(PickerSearchProviderClient.java:254)
07-17 10:28:17.137 E/PhotoPickerProvider( 6602): 	at com.android.providers.media.photopicker.SearchState.doesLocalProviderSupportSearch(SearchState.java:108)
07-17 10:28:17.137 E/PhotoPickerProvider( 6602): 	at com.android.providers.media.photopicker.SearchState.isLocalSearchEnabled(SearchState.java:136)
07-17 10:28:17.137 E/PhotoPickerProvider( 6602): 	at com.android.providers.media.photopicker.v2.PickerDataLayerV2.$r8$lambda$LzYBg9FQAjB2SfoOD3HXjF_LAKc(PickerDataLayerV2.java:1954)
07-17 10:28:17.137 E/PhotoPickerProvider( 6602): 	at com.android.providers.media.photopicker.v2.PickerDataLayerV2$$ExternalSyntheticLambda1.get(R8$$SyntheticClass:0)
07-17 10:28:17.137 E/PhotoPickerProvider( 6602): 	at java.util.concurrent.CompletableFuture$AsyncSupply.run(CompletableFuture.java:1744)
07-17 10:28:17.137 E/PhotoPickerProvider( 6602): 	at java.util.concurrent.ThreadPoolExecutor.runWorker(ThreadPoolExecutor.java:1100)
07-17 10:28:17.137 E/PhotoPickerProvider( 6602): 	at java.util.concurrent.ThreadPoolExecutor$Worker.run(ThreadPoolExecutor.java:624)
07-17 10:28:17.137 E/PhotoPickerProvider( 6602): 	at com.android.providers.media.util.ThreadFactoryUtil$1.$r8$lambda$Wm4GPOYBu_O7miOEhuUfhyf0mgc(ThreadFactoryUtil.java:77)
07-17 10:28:17.137 E/PhotoPickerProvider( 6602): 	at com.android.providers.media.util.ThreadFactoryUtil$1$$ExternalSyntheticLambda0.run(R8$$SyntheticClass:0)
07-17 10:28:17.137 E/PhotoPickerProvider( 6602): 	at java.lang.Thread.run(Thread.java:1572)
07-17 10:28:17.199 E/oid.documentsui(12904): No package ID ff found for resource ID 0xffffffff.
07-17 10:28:17.210 E/oid.documentsui(12904): No package ID ff found for resource ID 0xffffffff.
07-17 10:28:17.252 E/oid.documentsui(12904): No package ID ff found for resource ID 0xffffffff.
07-17 10:28:17.312 E/oid.documentsui(12904): No package ID ff found for resource ID 0xffffffff.
07-17 10:28:17.437 E/HeatmapThread( 1457): ECT Thread time in milliseconds: 1784269697
07-17 10:28:17.437 E/HeatmapThread( 1457): !@Could not open '/efs/FactoryApp/bsoh', errno = 13
07-17 10:28:17.437 E/HeatmapThread( 1457): !@ CAM Could not access BSOH EFS
07-17 10:28:17.437 E/HeatmapThread( 1457): !@ CAM New BSOH: 0
07-17 10:28:17.452 E/oid.documentsui(12904): No package ID ff found for resource ID 0xffffffff.
07-17 10:28:17.458 E/pageboostd( 3230): Received HALT command code 2
07-17 10:28:17.469 E/SurfaceFlinger( 1465): alpha changed 1.000 -> 0.000 - ActivityRecord{45919187 u0 com.google.android.documentsui/com.android.documentsui.picker.PickActivity t18857}#29284
07-17 10:28:17.469 E/SurfaceFlinger( 1465): alpha changed 1.000 -> 0.000 - DimTransitionLayer for Surface(name=ActivityRecord{45919187 u0 com.google.android.documentsui/com.android.documentsui.picker.PickActivity t18857})/@0x42d631#29290
07-17 10:28:17.469 E/SurfaceFlinger( 1465): alpha changed 0.000 -> 1.000 - ActivityRecord{45919187 u0 com.google.android.documentsui/com.android.documentsui.picker.PickActivity t18857}#29284
07-17 10:28:17.469 E/SurfaceFlinger( 1465): alpha changed 0.000 -> 0.000 - DimTransitionLayer for Surface(name=ActivityRecord{45919187 u0 com.google.android.documentsui/com.android.documentsui.picker.PickActivity t18857})/@0x42d631#29290
07-17 10:28:17.503 E/SurfaceFlinger( 1465): alpha changed 0.000 -> 0.020 - DimTransitionLayer for Surface(name=ActivityRecord{45919187 u0 com.google.android.documentsui/com.android.documentsui.picker.PickActivity t18857})/@0x42d631#29290
07-17 10:28:17.688 E/SurfaceFlinger( 1465): alpha changed 1.000 -> 0.000 - Surface(name=74b47cf InputMethod)/@0x9ed1065 - animation-leash of insets_animation#29292
07-17 10:28:17.966 E/WindowManager( 1740): win=Window{dc89e8 u0 com.dmvp.app/com.dmvp.app.MainActivity} destroySurfaces: appStopped=true cleanupOnResume=false win.mWindowRemovalAllowed=false win.mRemoveOnExit=false win.mViewVisibility=8 caller=com.android.server.wm.ActivityRecord.destroySurfaces:25 com.android.server.wm.ActivityRecord.activityStopped:192 com.android.server.wm.ActivityClientController.activityStopped:97 android.app.IActivityClientController$Stub.onTransact:740 com.android.server.wm.ActivityClientController.onTransact:1 android.os.Binder.execTransactInternal:1462 android.os.Binder.execTransact:1401 
07-17 10:28:18.437 E/HeatmapThread( 1457): ECT Thread time in milliseconds: 1784269698
07-17 10:28:18.438 E/HeatmapThread( 1457): !@Could not open '/efs/FactoryApp/bsoh', errno = 13
07-17 10:28:18.438 E/HeatmapThread( 1457): !@ CAM Could not access BSOH EFS
07-17 10:28:18.438 E/HeatmapThread( 1457): !@ CAM New BSOH: 0
07-17 10:28:19.437 E/HeatmapThread( 1457): ECT Thread time in milliseconds: 1784269699
07-17 10:28:19.438 E/HeatmapThread( 1457): !@Could not open '/efs/FactoryApp/bsoh', errno = 13
07-17 10:28:19.438 E/HeatmapThread( 1457): !@ CAM Could not access BSOH EFS
07-17 10:28:19.438 E/HeatmapThread( 1457): !@ CAM New BSOH: 0
07-17 10:28:19.604 E/NotificationService( 1740): isPkgBlocked = true
07-17 10:28:19.604 E/NotificationService( 1740): isRecordBlocked = false
07-17 10:28:19.604 E/NotificationService( 1740): Suppressing notification from package phone.clean.master.battery.antivirus.ora by user request.
07-17 10:28:20.437 E/HeatmapThread( 1457): ECT Thread time in milliseconds: 1784269700
07-17 10:28:20.439 E/HeatmapThread( 1457): !@Could not open '/efs/FactoryApp/bsoh', errno = 13
07-17 10:28:20.439 E/HeatmapThread( 1457): !@ CAM Could not access BSOH EFS
07-17 10:28:20.439 E/HeatmapThread( 1457): !@ CAM New BSOH: 0
07-17 10:28:21.437 E/HeatmapThread( 1457): ECT Thread time in milliseconds: 1784269701
07-17 10:28:21.437 E/HeatmapThread( 1457): !@Could not open '/efs/FactoryApp/bsoh', errno = 13
07-17 10:28:21.437 E/HeatmapThread( 1457): !@ CAM Could not access BSOH EFS
07-17 10:28:21.437 E/HeatmapThread( 1457): !@ CAM New BSOH: 0
07-17 10:28:21.500 E/SurfaceFlinger( 1465): alpha changed 1.000 -> 0.000 - DimTransitionLayer for Surface(name=ActivityRecord{45919187 u0 com.google.android.documentsui/com.android.documentsui.picker.PickActivity t18857})/@0x4a7d829#29297
07-17 10:28:21.500 E/SurfaceFlinger( 1465): alpha changed 0.000 -> 0.180 - DimTransitionLayer for Surface(name=ActivityRecord{45919187 u0 com.google.android.documentsui/com.android.documentsui.picker.PickActivity t18857})/@0x4a7d829#29297
07-17 10:28:21.550 E/SurfaceFlinger( 1465): alpha changed 1.000 -> 0.000 - Surface(name=74b47cf InputMethod)/@0x9ed1065 - animation-leash of insets_animation#29298
07-17 10:28:21.667 E/SurfaceFlinger( 1465): alpha changed 0.019 -> 0.000 - DimTransitionLayer for Surface(name=ActivityRecord{45919187 u0 com.google.android.documentsui/com.android.documentsui.picker.PickActivity t18857})/@0x4a7d829#29297
07-17 10:28:22.437 E/HeatmapThread( 1457): ECT Thread time in milliseconds: 1784269702
07-17 10:28:22.437 E/HeatmapThread( 1457): !@Could not open '/efs/FactoryApp/bsoh', errno = 13
07-17 10:28:22.437 E/HeatmapThread( 1457): !@ CAM Could not access BSOH EFS
07-17 10:28:22.437 E/HeatmapThread( 1457): !@ CAM New BSOH: 0
07-17 10:28:22.668 E/DMVPRepository$searchEvidence(12718): Search failed
07-17 10:28:22.668 E/DMVPRepository$searchEvidence(12718): retrofit2.HttpException: HTTP 400 
07-17 10:28:22.668 E/DMVPRepository$searchEvidence(12718): 	at retrofit2.KotlinExtensions$await$2$2.onResponse(KotlinExtensions.kt:53)
07-17 10:28:22.668 E/DMVPRepository$searchEvidence(12718): 	at retrofit2.OkHttpCall$1.onResponse(OkHttpCall.java:161)
07-17 10:28:22.668 E/DMVPRepository$searchEvidence(12718): 	at okhttp3.internal.connection.RealCall$AsyncCall.run(RealCall.kt:519)
07-17 10:28:22.668 E/DMVPRepository$searchEvidence(12718): 	at java.util.concurrent.ThreadPoolExecutor.runWorker(ThreadPoolExecutor.java:1100)
07-17 10:28:22.668 E/DMVPRepository$searchEvidence(12718): 	at java.util.concurrent.ThreadPoolExecutor$Worker.run(ThreadPoolExecutor.java:624)
07-17 10:28:22.668 E/DMVPRepository$searchEvidence(12718): 	at java.lang.Thread.run(Thread.java:1572)
07-17 10:28:22.668 E/SearchViewModel(12718): Search failed: null - HTTP 400 
07-17 10:28:23.130 E/AuthPII (21171): [RequestTokenManager] getToken() -> BAD_AUTHENTICATION. App: com.android.vending, Service: oauth2:https://www.googleapis.com/auth/googleplay
07-17 10:28:23.130 E/AuthPII (21171): bkli: Long live credential not available.
07-17 10:28:23.130 E/AuthPII (21171): 	at aiip.a(:com.google.android.gms@262532035@26.25.32 (260400-944114241):1347)
07-17 10:28:23.130 E/AuthPII (21171): 	at aiiw.b(:com.google.android.gms@262532035@26.25.32 (260400-944114241):26)
07-17 10:28:23.130 E/AuthPII (21171): 	at aiiu.a(:com.google.android.gms@262532035@26.25.32 (260400-944114241):661)
07-17 10:28:23.130 E/AuthPII (21171): 	at aiit.b(:com.google.android.gms@262532035@26.25.32 (260400-944114241):151)
07-17 10:28:23.130 E/AuthPII (21171): 	at abcj.d(:com.google.android.gms@262532035@26.25.32 (260400-944114241):829)
07-17 10:28:23.130 E/AuthPII (21171): 	at aicg.getAuthToken(:com.google.android.gms@262532035@26.25.32 (260400-944114241):408)
07-17 10:28:23.130 E/AuthPII (21171): 	at android.accounts.AbstractAccountAuthenticator$Transport.getAuthToken(AbstractAccountAuthenticator.java:248)
07-17 10:28:23.130 E/AuthPII (21171): 	at android.accounts.IAccountAuthenticator$Stub.onTransact(IAccountAuthenticator.java:254)
07-17 10:28:23.130 E/AuthPII (21171): 	at android.os.Binder.transact(Binder.java:1309)
07-17 10:28:23.130 E/AuthPII (21171): 	at cszx.onTransact(:com.google.android.gms@262532035@26.25.32 (260400-944114241):12)
07-17 10:28:23.130 E/AuthPII (21171): 	at android.os.Binder.transact(Binder.java:1309)
07-17 10:28:23.130 E/AuthPII (21171): 	at ceme.onTransact(:com.google.android.gms@262532035@26.25.32 (260400-944114241):169)
07-17 10:28:23.130 E/AuthPII (21171): 	at android.os.Binder.execTransactInternal(Binder.java:1462)
07-17 10:28:23.130 E/AuthPII (21171): 	at android.os.Binder.execTransact(Binder.java:1401)
07-17 10:28:23.130 E/AuthPII (21171): Message is Long live credential not available.
07-17 10:28:23.130 E/AuthPII (21171): bkli: Long live credential not available.
07-17 10:28:23.130 E/AuthPII (21171): 	at aiip.a(:com.google.android.gms@262532035@26.25.32 (260400-944114241):1347)
07-17 10:28:23.130 E/AuthPII (21171): 	at aiiw.b(:com.google.android.gms@262532035@26.25.32 (260400-944114241):26)
07-17 10:28:23.130 E/AuthPII (21171): 	at aiiu.a(:com.google.android.gms@262532035@26.25.32 (260400-944114241):661)
07-17 10:28:23.130 E/AuthPII (21171): 	at aiit.b(:com.google.android.gms@262532035@26.25.32 (260400-944114241):151)
07-17 10:28:23.130 E/AuthPII (21171): 	at abcj.d(:com.google.android.gms@262532035@26.25.32 (260400-944114241):829)
07-17 10:28:23.130 E/AuthPII (21171): 	at aicg.getAuthToken(:com.google.android.gms@262532035@26.25.32 (260400-944114241):408)
07-17 10:28:23.130 E/AuthPII (21171): 	at android.accounts.AbstractAccountAuthenticator$Transport.getAuthToken(AbstractAccountAuthenticator.java:248)
07-17 10:28:23.130 E/AuthPII (21171): 	at android.accounts.IAccountAuthenticator$Stub.onTransact(IAccountAuthenticator.java:254)
07-17 10:28:23.130 E/AuthPII (21171): 	at android.os.Binder.transact(Binder.java:1309)
07-17 10:28:23.130 E/AuthPII (21171): 	at cszx.onTransact(:com.google.android.gms@262532035@26.25.32 (260400-944114241):12)
07-17 10:28:23.130 E/AuthPII (21171): 	at android.os.Binder.transact(Binder.java:1309)
07-17 10:28:23.130 E/AuthPII (21171): 	at ceme.onTransact(:com.google.android.gms@262532035@26.25.32 (260400-944114241):169)
07-17 10:28:23.130 E/AuthPII (21171): 	at android.os.Binder.execTransactInternal(Binder.java:1462)
07-17 10:28:23.130 E/AuthPII (21171): 	at android.os.Binder.execTransact(Binder.java:1401)
07-17 10:28:23.145 E/AuthPII (21171): [RequestTokenManager] getToken() -> BAD_AUTHENTICATION. App: com.android.vending, Service: oauth2:https://www.googleapis.com/auth/googleplay
07-17 10:28:23.145 E/AuthPII (21171): bkli: Long live credential not available.
07-17 10:28:23.145 E/AuthPII (21171): 	at aiip.a(:com.google.android.gms@262532035@26.25.32 (260400-944114241):1347)
07-17 10:28:23.145 E/AuthPII (21171): 	at aiiw.b(:com.google.android.gms@262532035@26.25.32 (260400-944114241):26)
07-17 10:28:23.145 E/AuthPII (21171): 	at aiiu.a(:com.google.android.gms@262532035@26.25.32 (260400-944114241):661)
07-17 10:28:23.145 E/AuthPII (21171): 	at aiit.b(:com.google.android.gms@262532035@26.25.32 (260400-944114241):151)
07-17 10:28:23.145 E/AuthPII (21171): 	at abcj.d(:com.google.android.gms@262532035@26.25.32 (260400-944114241):829)
07-17 10:28:23.145 E/AuthPII (21171): 	at aicg.getAuthToken(:com.google.android.gms@262532035@26.25.32 (260400-944114241):408)
07-17 10:28:23.145 E/AuthPII (21171): 	at android.accounts.AbstractAccountAuthenticator$Transport.getAuthToken(AbstractAccountAuthenticator.java:248)
07-17 10:28:23.145 E/AuthPII (21171): 	at android.accounts.IAccountAuthenticator$Stub.onTransact(IAccountAuthenticator.java:254)
07-17 10:28:23.145 E/AuthPII (21171): 	at android.os.Binder.transact(Binder.java:1309)
07-17 10:28:23.145 E/AuthPII (21171): 	at cszx.onTransact(:com.google.android.gms@262532035@26.25.32 (260400-944114241):12)
07-17 10:28:23.145 E/AuthPII (21171): 	at android.os.Binder.transact(Binder.java:1309)
07-17 10:28:23.145 E/AuthPII (21171): 	at ceme.onTransact(:com.google.android.gms@262532035@26.25.32 (260400-944114241):169)
07-17 10:28:23.145 E/AuthPII (21171): 	at android.os.Binder.execTransactInternal(Binder.java:1462)
07-17 10:28:23.145 E/AuthPII (21171): 	at android.os.Binder.execTransact(Binder.java:1401)
07-17 10:28:23.145 E/AuthPII (21171): Message is Long live credential not available.
07-17 10:28:23.145 E/AuthPII (21171): bkli: Long live credential not available.
07-17 10:28:23.145 E/AuthPII (21171): 	at aiip.a(:com.google.android.gms@262532035@26.25.32 (260400-944114241):1347)
07-17 10:28:23.145 E/AuthPII (21171): 	at aiiw.b(:com.google.android.gms@262532035@26.25.32 (260400-944114241):26)
07-17 10:28:23.145 E/AuthPII (21171): 	at aiiu.a(:com.google.android.gms@262532035@26.25.32 (260400-944114241):661)
07-17 10:28:23.145 E/AuthPII (21171): 	at aiit.b(:com.google.android.gms@262532035@26.25.32 (260400-944114241):151)
07-17 10:28:23.145 E/AuthPII (21171): 	at abcj.d(:com.google.android.gms@262532035@26.25.32 (260400-944114241):829)
07-17 10:28:23.145 E/AuthPII (21171): 	at aicg.getAuthToken(:com.google.android.gms@262532035@26.25.32 (260400-944114241):408)
07-17 10:28:23.145 E/AuthPII (21171): 	at android.accounts.AbstractAccountAuthenticator$Transport.getAuthToken(AbstractAccountAuthenticator.java:248)
07-17 10:28:23.145 E/AuthPII (21171): 	at android.accounts.IAccountAuthenticator$Stub.onTransact(IAccountAuthenticator.java:254)
07-17 10:28:23.145 E/AuthPII (21171): 	at android.os.Binder.transact(Binder.java:1309)
07-17 10:28:23.145 E/AuthPII (21171): 	at cszx.onTransact(:com.google.android.gms@262532035@26.25.32 (260400-944114241):12)
07-17 10:28:23.145 E/AuthPII (21171): 	at android.os.Binder.transact(Binder.java:1309)
07-17 10:28:23.145 E/AuthPII (21171): 	at ceme.onTransact(:com.google.android.gms@262532035@26.25.32 (260400-944114241):169)
07-17 10:28:23.145 E/AuthPII (21171): 	at android.os.Binder.execTransactInternal(Binder.java:1462)
07-17 10:28:23.145 E/AuthPII (21171): 	at android.os.Binder.execTransact(Binder.java:1401)
07-17 10:28:23.437 E/HeatmapThread( 1457): ECT Thread time in milliseconds: 1784269703
07-17 10:28:23.438 E/HeatmapThread( 1457): !@Could not open '/efs/FactoryApp/bsoh', errno = 13
07-17 10:28:23.438 E/HeatmapThread( 1457): !@ CAM Could not access BSOH EFS
07-17 10:28:23.438 E/HeatmapThread( 1457): !@ CAM New BSOH: 0
07-17 10:28:23.611 E/NotificationService( 1740): isPkgBlocked = true
07-17 10:28:23.611 E/NotificationService( 1740): isRecordBlocked = false
07-17 10:28:23.611 E/NotificationService( 1740): Suppressing notification from package phone.clean.master.battery.antivirus.ora by user request.
07-17 10:28:24.437 E/HeatmapThread( 1457): ECT Thread time in milliseconds: 1784269704
07-17 10:28:24.439 E/HeatmapThread( 1457): !@Could not open '/efs/FactoryApp/bsoh', errno = 13
07-17 10:28:24.439 E/HeatmapThread( 1457): !@ CAM Could not access BSOH EFS
07-17 10:28:24.439 E/HeatmapThread( 1457): !@ CAM New BSOH: 0
07-17 10:28:25.437 E/HeatmapThread( 1457): ECT Thread time in milliseconds: 1784269705
07-17 10:28:25.439 E/HeatmapThread( 1457): !@Could not open '/efs/FactoryApp/bsoh', errno = 13
07-17 10:28:25.439 E/HeatmapThread( 1457): !@ CAM Could not access BSOH EFS
07-17 10:28:25.439 E/HeatmapThread( 1457): !@ CAM New BSOH: 0
07-17 10:28:26.437 E/HeatmapThread( 1457): ECT Thread time in milliseconds: 1784269706
07-17 10:28:26.438 E/HeatmapThread( 1457): !@Could not open '/efs/FactoryApp/bsoh', errno = 13
07-17 10:28:26.438 E/HeatmapThread( 1457): !@ CAM Could not access BSOH EFS
07-17 10:28:26.438 E/HeatmapThread( 1457): !@ CAM New BSOH: 0
07-17 10:28:27.437 E/HeatmapThread( 1457): ECT Thread time in milliseconds: 1784269707
07-17 10:28:27.439 E/HeatmapThread( 1457): !@Could not open '/efs/FactoryApp/bsoh', errno = 13
07-17 10:28:27.439 E/HeatmapThread( 1457): !@ CAM Could not access BSOH EFS
07-17 10:28:27.439 E/HeatmapThread( 1457): !@ CAM New BSOH: 0
07-17 10:28:27.616 E/NotificationService( 1740): isPkgBlocked = true
07-17 10:28:27.617 E/NotificationService( 1740): isRecordBlocked = false
07-17 10:28:27.617 E/NotificationService( 1740): Suppressing notification from package phone.clean.master.battery.antivirus.ora by user request.
07-17 10:28:28.437 E/HeatmapThread( 1457): ECT Thread time in milliseconds: 1784269708
07-17 10:28:28.438 E/HeatmapThread( 1457): !@Could not open '/efs/FactoryApp/bsoh', errno = 13
07-17 10:28:28.438 E/HeatmapThread( 1457): !@ CAM Could not access BSOH EFS
07-17 10:28:28.438 E/HeatmapThread( 1457): !@ CAM New BSOH: 0
07-17 10:28:29.437 E/HeatmapThread( 1457): ECT Thread time in milliseconds: 1784269709
07-17 10:28:29.437 E/HeatmapThread( 1457): !@Could not open '/efs/FactoryApp/bsoh', errno = 13
07-17 10:28:29.437 E/HeatmapThread( 1457): !@ CAM Could not access BSOH EFS
07-17 10:28:29.437 E/HeatmapThread( 1457): !@ CAM New BSOH: 0
07-17 10:28:30.437 E/HeatmapThread( 1457): ECT Thread time in milliseconds: 1784269710
07-17 10:28:30.439 E/HeatmapThread( 1457): !@Could not open '/efs/FactoryApp/bsoh', errno = 13
07-17 10:28:30.439 E/HeatmapThread( 1457): !@ CAM Could not access BSOH EFS
07-17 10:28:30.440 E/HeatmapThread( 1457): !@ CAM New BSOH: 0
07-17 10:28:31.437 E/HeatmapThread( 1457): ECT Thread time in milliseconds: 1784269711
07-17 10:28:31.438 E/HeatmapThread( 1457): !@Could not open '/efs/FactoryApp/bsoh', errno = 13
07-17 10:28:31.438 E/HeatmapThread( 1457): !@ CAM Could not access BSOH EFS
07-17 10:28:31.438 E/HeatmapThread( 1457): !@ CAM New BSOH: 0
07-17 10:28:31.609 E/NotificationService( 1740): isPkgBlocked = true
07-17 10:28:31.609 E/NotificationService( 1740): isRecordBlocked = false
07-17 10:28:31.609 E/NotificationService( 1740): Suppressing notification from package phone.clean.master.battery.antivirus.ora by user request.
07-17 10:28:32.438 E/HeatmapThread( 1457): ECT Thread time in milliseconds: 1784269712
07-17 10:28:32.439 E/HeatmapThread( 1457): !@Could not open '/efs/FactoryApp/bsoh', errno = 13
07-17 10:28:32.439 E/HeatmapThread( 1457): !@ CAM Could not access BSOH EFS
07-17 10:28:32.440 E/HeatmapThread( 1457): !@ CAM New BSOH: 0
07-17 10:28:32.662 E/SecVibrator-HAL-AIDL-CORE( 1442): V_2_0: Vibrator on for timeoutMs: 45
07-17 10:28:32.663 E/SecVibrator-HAL-AIDL-CORE( 1442): HW_API: do_on for timeoutMs: 45
07-17 10:28:32.663 E/SecVibrator-HAL-AIDL-CORE( 1442): HW_API: >> writeNode node:/timed_output/vibrator/enable val:45
07-17 10:28:32.665 E/SecVibrator-HAL-AIDL-CORE( 1442): HW_API: << writeNode node OK : 3
07-17 10:28:32.715 E/SecVibrator-HAL-AIDL-CORE( 1442): V_2_0: Vibrator off
07-17 10:28:32.715 E/SecVibrator-HAL-AIDL-CORE( 1442): HW_API: do_off
07-17 10:28:32.715 E/SecVibrator-HAL-AIDL-CORE( 1442): HW_API: >> writeNode node:/timed_output/vibrator/enable val:0
07-17 10:28:32.716 E/SecVibrator-HAL-AIDL-CORE( 1442): HW_API: << writeNode node OK : 2
07-17 10:28:33.437 E/HeatmapThread( 1457): ECT Thread time in milliseconds: 1784269713
07-17 10:28:33.438 E/HeatmapThread( 1457): !@Could not open '/efs/FactoryApp/bsoh', errno = 13
07-17 10:28:33.438 E/HeatmapThread( 1457): !@ CAM Could not access BSOH EFS
07-17 10:28:33.438 E/HeatmapThread( 1457): !@ CAM New BSOH: 0
07-17 10:28:34.437 E/HeatmapThread( 1457): ECT Thread time in milliseconds: 1784269714
07-17 10:28:34.440 E/HeatmapThread( 1457): !@Entered the read from path function
07-17 10:28:34.441 E/HeatmapThread( 1457): !@Could not open '/efs/FactoryApp/extended_heatmap', errno = 13
07-17 10:28:34.441 E/HeatmapThread( 1457): !@Extended_heatmap efs Forced Reset
07-17 10:28:34.441 E/HeatmapThread( 1457): !@Read Extended_heatmap from efs is: 
07-17 10:28:34.444 E/HeatmapThread( 1457): !@Write Extended Heatmap to efs is: 0 0 0 0 0 0 0 0 0 0 0 0 0 0 0 0 0 0 0 0 0 0 0 0 0 0 0 0 0 0 0 0 0 0 0 0 0 0 0 0 0 0 0 0 0 0 0 0 0 0 0 0 0 0 0 0 0 0 0 0 0 0 0 0 0 0 0 0 0 0 0 0 0 0 0 0 0 0 0 0 0 0 0 0 0 0 0 0 0 0 0 0 0 0 0 0 0 0 0 0 0 0 0 0 0 0 0 0 0 0 0 0 0 0 0 0 0 0 0 0 0 0 0 0 0 0 0 0 0 0 0 0 0 0 0 0 0 0 0 0 0 0 0 0 0 0 0 0 0 0 0 0 0 0 0 0 0 0 0 0 0 0 0 0 0 0 0 0 0 0 0 0 0 0 0 0 0 0 0 0 0 0 0 0 0 0 0 0 0 0 0 0 0 0 0 0 0 0 0 0 0 0 0 0 0 0 0 0 0 0 0 0 0 0 0 0 0 0 0 0 0 0 0 0 0 0 0 0 0 0 0 0 0 0 0 0 0 0 0 0 0 0 0 0 0 0 0 0 0 0 0 0 0 0 0 0 0 0 0 0 0 0 0 0 0 0 0 0 0 0 0 0 0 0 0 0 0 0 0 0 0 0 0 0 0 0 0 0 0 0 0 0 0 0 0 0 0 0 0 0 0 0 0 0 0 0 0 0 0 0 0 0 0 0 0 0 0 0 0 0 0 0 0 0 0 0 0 0 0 0 0 0 0 0 0 0 0 0 0 0 0 0 0 0 0 0 0 0 0 0 0 0 0 0 0 0 0 0 0 0 0 0 0 0 0 0 0 0 0 0 0 0 0 0 0 0 0 0 0 0 0 0 0 0 0 0 0 0 0 0 0 0 0 0 0 0 0 0 0 0 0 0 0 0 0 0 0 0 0 0 0 0 0 0 0 0 0 0 0 0 0 0 0 0 0 0 0 0 0 0 0 0 0 0 0 0 0 0 0 0 0 0 0 0 0 0 0 0 0 0 0 0 0 0 0 0 0 0 0 0 0 0 0 0 0 0 0 0 0 0 0 0 0 0 0 0 0 0 0 0 0 0 0 0 0 0 0 0 0 0 0 0 0 0
07-17 10:28:34.446 E/HeatmapThread( 1457): !@Could not open '/efs/FactoryApp/extended_heatmap', errno = 13
07-17 10:28:34.446 E/HeatmapThread( 1457): !@Could not open '/efs/FactoryApp/bsoh', errno = 13
07-17 10:28:34.447 E/HeatmapThread( 1457): !@ CAM Could not access BSOH EFS
07-17 10:28:34.447 E/HeatmapThread( 1457): !@ CAM New BSOH: 0
07-17 10:28:35.437 E/HeatmapThread( 1457): ECT Thread time in milliseconds: 1784269715
07-17 10:28:35.439 E/HeatmapThread( 1457): !@Could not open '/efs/FactoryApp/bsoh', errno = 13
07-17 10:28:35.439 E/HeatmapThread( 1457): !@ CAM Could not access BSOH EFS
07-17 10:28:35.439 E/HeatmapThread( 1457): !@ CAM New BSOH: 0
07-17 10:28:35.621 E/NotificationService( 1740): isPkgBlocked = true
07-17 10:28:35.622 E/NotificationService( 1740): isRecordBlocked = false
07-17 10:28:35.622 E/NotificationService( 1740): Suppressing notification from package phone.clean.master.battery.antivirus.ora by user request.
