07-17 17:29:40.918 E/AuthPII (21171): 	at com.google.android.gms.clearcut.uploader.QosUploaderChimeraService.g(:com.google.android.gms@262532035@26.25.32 (260400-944114241):1563)
07-17 17:29:40.918 E/AuthPII (21171): 	at com.google.android.gms.clearcut.uploader.QosUploaderChimeraService.a(:com.google.android.gms@262532035@26.25.32 (260400-944114241):42)
07-17 17:29:40.918 E/AuthPII (21171): 	at deaa.call(:com.google.android.gms@262532035@26.25.32 (260400-944114241):36)
07-17 17:29:40.918 E/AuthPII (21171): 	at java.util.concurrent.FutureTask.run(FutureTask.java:328)
07-17 17:29:40.918 E/AuthPII (21171): 	at blse.c(:com.google.android.gms@262532035@26.25.32 (260400-944114241):50)
07-17 17:29:40.918 E/AuthPII (21171): 	at blse.run(:com.google.android.gms@262532035@26.25.32 (260400-944114241):66)
07-17 17:29:40.918 E/AuthPII (21171): 	at java.util.concurrent.ThreadPoolExecutor.runWorker(ThreadPoolExecutor.java:1100)
07-17 17:29:40.918 E/AuthPII (21171): 	at java.util.concurrent.ThreadPoolExecutor$Worker.run(ThreadPoolExecutor.java:624)
07-17 17:29:40.918 E/AuthPII (21171): 	at blxx.run(:com.google.android.gms@262532035@26.25.32 (260400-944114241):8)
07-17 17:29:40.918 E/AuthPII (21171): 	at java.lang.Thread.run(Thread.java:1572)
07-17 17:29:40.934 E/AuthPII (21171): [RequestTokenManager] getToken() -> BAD_AUTHENTICATION. App: com.android.vending, Service: oauth2:https://www.googleapis.com/auth/googleplay
07-17 17:29:40.934 E/AuthPII (21171): bkli: Long live credential not available.
07-17 17:29:40.934 E/AuthPII (21171): 	at aiip.a(:com.google.android.gms@262532035@26.25.32 (260400-944114241):1347)
07-17 17:29:40.934 E/AuthPII (21171): 	at aiiw.b(:com.google.android.gms@262532035@26.25.32 (260400-944114241):26)
07-17 17:29:40.934 E/AuthPII (21171): 	at aiiu.a(:com.google.android.gms@262532035@26.25.32 (260400-944114241):661)
07-17 17:29:40.934 E/AuthPII (21171): 	at aiit.b(:com.google.android.gms@262532035@26.25.32 (260400-944114241):151)
07-17 17:29:40.934 E/AuthPII (21171): 	at abcj.d(:com.google.android.gms@262532035@26.25.32 (260400-944114241):829)
07-17 17:29:40.934 E/AuthPII (21171): 	at aicg.getAuthToken(:com.google.android.gms@262532035@26.25.32 (260400-944114241):408)
07-17 17:29:40.934 E/AuthPII (21171): 	at android.accounts.AbstractAccountAuthenticator$Transport.getAuthToken(AbstractAccountAuthenticator.java:248)
07-17 17:29:40.934 E/AuthPII (21171): 	at android.accounts.IAccountAuthenticator$Stub.onTransact(IAccountAuthenticator.java:254)
07-17 17:29:40.934 E/AuthPII (21171): 	at android.os.Binder.transact(Binder.java:1309)
07-17 17:29:40.934 E/AuthPII (21171): 	at cszx.onTransact(:com.google.android.gms@262532035@26.25.32 (260400-944114241):12)
07-17 17:29:40.934 E/AuthPII (21171): 	at android.os.Binder.transact(Binder.java:1309)
07-17 17:29:40.934 E/AuthPII (21171): 	at ceme.onTransact(:com.google.android.gms@262532035@26.25.32 (260400-944114241):169)
07-17 17:29:40.934 E/AuthPII (21171): 	at android.os.Binder.execTransactInternal(Binder.java:1462)
07-17 17:29:40.934 E/AuthPII (21171): 	at android.os.Binder.execTransact(Binder.java:1401)
07-17 17:29:40.934 E/AuthPII (21171): Message is Long live credential not available.
07-17 17:29:40.934 E/AuthPII (21171): bkli: Long live credential not available.
07-17 17:29:40.934 E/AuthPII (21171): 	at aiip.a(:com.google.android.gms@262532035@26.25.32 (260400-944114241):1347)
07-17 17:29:40.934 E/AuthPII (21171): 	at aiiw.b(:com.google.android.gms@262532035@26.25.32 (260400-944114241):26)
07-17 17:29:40.934 E/AuthPII (21171): 	at aiiu.a(:com.google.android.gms@262532035@26.25.32 (260400-944114241):661)
07-17 17:29:40.934 E/AuthPII (21171): 	at aiit.b(:com.google.android.gms@262532035@26.25.32 (260400-944114241):151)
07-17 17:29:40.934 E/AuthPII (21171): 	at abcj.d(:com.google.android.gms@262532035@26.25.32 (260400-944114241):829)
07-17 17:29:40.934 E/AuthPII (21171): 	at aicg.getAuthToken(:com.google.android.gms@262532035@26.25.32 (260400-944114241):408)
07-17 17:29:40.934 E/AuthPII (21171): 	at android.accounts.AbstractAccountAuthenticator$Transport.getAuthToken(AbstractAccountAuthenticator.java:248)
07-17 17:29:40.934 E/AuthPII (21171): 	at android.accounts.IAccountAuthenticator$Stub.onTransact(IAccountAuthenticator.java:254)
07-17 17:29:40.934 E/AuthPII (21171): 	at android.os.Binder.transact(Binder.java:1309)
07-17 17:29:40.934 E/AuthPII (21171): 	at cszx.onTransact(:com.google.android.gms@262532035@26.25.32 (260400-944114241):12)
07-17 17:29:40.934 E/AuthPII (21171): 	at android.os.Binder.transact(Binder.java:1309)
07-17 17:29:40.934 E/AuthPII (21171): 	at ceme.onTransact(:com.google.android.gms@262532035@26.25.32 (260400-944114241):169)
07-17 17:29:40.934 E/AuthPII (21171): 	at android.os.Binder.execTransactInternal(Binder.java:1462)
07-17 17:29:40.934 E/AuthPII (21171): 	at android.os.Binder.execTransact(Binder.java:1401)
07-17 17:29:40.994 E/AuthPII (21171): [RequestTokenManager] getToken() -> BAD_AUTHENTICATION. App: com.google.android.gms, Service: oauth2:https://www.googleapis.com/auth/userinfo.email https://www.googleapis.com/auth/account.capabilities https://www.googleapis.com/auth/account.service_flags
07-17 17:29:40.994 E/AuthPII (21171): bkli: Long live credential not available.
07-17 17:29:40.994 E/AuthPII (21171): 	at aiip.a(:com.google.android.gms@262532035@26.25.32 (260400-944114241):1347)
07-17 17:29:40.994 E/AuthPII (21171): 	at aiiw.b(:com.google.android.gms@262532035@26.25.32 (260400-944114241):26)
07-17 17:29:40.994 E/AuthPII (21171): 	at aiiu.a(:com.google.android.gms@262532035@26.25.32 (260400-944114241):661)
07-17 17:29:40.994 E/AuthPII (21171): 	at ahsm.a(:com.google.android.gms@262532035@26.25.32 (260400-944114241):55)
07-17 17:29:40.994 E/AuthPII (21171): 	at ahsm.h(:com.google.android.gms@262532035@26.25.32 (260400-944114241):108)
07-17 17:29:40.994 E/AuthPII (21171): 	at ahsm.b(:com.google.android.gms@262532035@26.25.32 (260400-944114241):817)
07-17 17:29:40.994 E/AuthPII (21171): 	at ahsm.c(:com.google.android.gms@262532035@26.25.32 (260400-944114241):5)
07-17 17:29:40.994 E/AuthPII (21171): 	at abcj.d(:com.google.android.gms@262532035@26.25.32 (260400-944114241):459)
07-17 17:29:40.994 E/AuthPII (21171): 	at ahke.a(:com.google.android.gms@262532035@26.25.32 (260400-944114241):33)
07-17 17:29:40.994 E/AuthPII (21171): 	at ahkk.s(:com.google.android.gms@262532035@26.25.32 (260400-944114241):34)
07-17 17:29:40.994 E/AuthPII (21171): 	at ahkk.r(:com.google.android.gms@262532035@26.25.32 (260400-944114241):64)
07-17 17:29:40.994 E/AuthPII (21171): 	at ahkk.f(:com.google.android.gms@262532035@26.25.32 (260400-944114241):1)
07-17 17:29:40.994 E/AuthPII (21171): 	at ahkk.j(:com.google.android.gms@262532035@26.25.32 (260400-944114241):4)
07-17 17:29:40.994 E/AuthPII (21171): 	at ahkk.k(:com.google.android.gms@262532035@26.25.32 (260400-944114241):8)
07-17 17:29:40.994 E/AuthPII (21171): 	at ahkk.h(:com.google.android.gms@262532035@26.25.32 (260400-944114241):21)
07-17 17:29:40.994 E/AuthPII (21171): 	at aiaq.d(:com.google.android.gms@262532035@26.25.32 (260400-944114241):51)
07-17 17:29:40.994 E/AuthPII (21171): 	at bjly.b(:com.google.android.gms@262532035@26.25.32 (260400-944114241):72)
07-17 17:29:40.994 E/AuthPII (21171): 	at com.google.android.gms.clearcut.uploader.QosUploaderChimeraService.g(:com.google.android.gms@262532035@26.25.32 (260400-944114241):1563)
07-17 17:29:40.994 E/AuthPII (21171): 	at com.google.android.gms.clearcut.uploader.QosUploaderChimeraService.a(:com.google.android.gms@262532035@26.25.32 (260400-944114241):42)
07-17 17:29:40.994 E/AuthPII (21171): 	at deaa.call(:com.google.android.gms@262532035@26.25.32 (260400-944114241):36)
07-17 17:29:40.994 E/AuthPII (21171): 	at java.util.concurrent.FutureTask.run(FutureTask.java:328)
07-17 17:29:40.994 E/AuthPII (21171): 	at blse.c(:com.google.android.gms@262532035@26.25.32 (260400-944114241):50)
07-17 17:29:40.994 E/AuthPII (21171): 	at blse.run(:com.google.android.gms@262532035@26.25.32 (260400-944114241):66)
07-17 17:29:40.994 E/AuthPII (21171): 	at java.util.concurrent.ThreadPoolExecutor.runWorker(ThreadPoolExecutor.java:1100)
07-17 17:29:40.994 E/AuthPII (21171): 	at java.util.concurrent.ThreadPoolExecutor$Worker.run(ThreadPoolExecutor.java:624)
07-17 17:29:40.994 E/AuthPII (21171): 	at blxx.run(:com.google.android.gms@262532035@26.25.32 (260400-944114241):8)
07-17 17:29:40.994 E/AuthPII (21171): 	at java.lang.Thread.run(Thread.java:1572)
07-17 17:29:40.994 E/AuthPII (21171): Message is Long live credential not available.
07-17 17:29:40.994 E/AuthPII (21171): bkli: Long live credential not available.
07-17 17:29:40.994 E/AuthPII (21171): 	at aiip.a(:com.google.android.gms@262532035@26.25.32 (260400-944114241):1347)
07-17 17:29:40.994 E/AuthPII (21171): 	at aiiw.b(:com.google.android.gms@262532035@26.25.32 (260400-944114241):26)
07-17 17:29:40.994 E/AuthPII (21171): 	at aiiu.a(:com.google.android.gms@262532035@26.25.32 (260400-944114241):661)
07-17 17:29:40.994 E/AuthPII (21171): 	at ahsm.a(:com.google.android.gms@262532035@26.25.32 (260400-944114241):55)
07-17 17:29:40.994 E/AuthPII (21171): 	at ahsm.h(:com.google.android.gms@262532035@26.25.32 (260400-944114241):108)
07-17 17:29:40.994 E/AuthPII (21171): 	at ahsm.b(:com.google.android.gms@262532035@26.25.32 (260400-944114241):817)
07-17 17:29:40.994 E/AuthPII (21171): 	at ahsm.c(:com.google.android.gms@262532035@26.25.32 (260400-944114241):5)
07-17 17:29:40.994 E/AuthPII (21171): 	at abcj.d(:com.google.android.gms@262532035@26.25.32 (260400-944114241):459)
07-17 17:29:40.994 E/AuthPII (21171): 	at ahke.a(:com.google.android.gms@262532035@26.25.32 (260400-944114241):33)
07-17 17:29:40.994 E/AuthPII (21171): 	at ahkk.s(:com.google.android.gms@262532035@26.25.32 (260400-944114241):34)
07-17 17:29:40.994 E/AuthPII (21171): 	at ahkk.r(:com.google.android.gms@262532035@26.25.32 (260400-944114241):64)
07-17 17:29:40.994 E/AuthPII (21171): 	at ahkk.f(:com.google.android.gms@262532035@26.25.32 (260400-944114241):1)
07-17 17:29:40.994 E/AuthPII (21171): 	at ahkk.j(:com.google.android.gms@262532035@26.25.32 (260400-944114241):4)
07-17 17:29:40.994 E/AuthPII (21171): 	at ahkk.k(:com.google.android.gms@262532035@26.25.32 (260400-944114241):8)
07-17 17:29:40.994 E/AuthPII (21171): 	at ahkk.h(:com.google.android.gms@262532035@26.25.32 (260400-944114241):21)
07-17 17:29:40.994 E/AuthPII (21171): 	at aiaq.d(:com.google.android.gms@262532035@26.25.32 (260400-944114241):51)
07-17 17:29:40.994 E/AuthPII (21171): 	at bjly.b(:com.google.android.gms@262532035@26.25.32 (260400-944114241):72)
07-17 17:29:40.994 E/AuthPII (21171): 	at com.google.android.gms.clearcut.uploader.QosUploaderChimeraService.g(:com.google.android.gms@262532035@26.25.32 (260400-944114241):1563)
07-17 17:29:40.994 E/AuthPII (21171): 	at com.google.android.gms.clearcut.uploader.QosUploaderChimeraService.a(:com.google.android.gms@262532035@26.25.32 (260400-944114241):42)
07-17 17:29:40.994 E/AuthPII (21171): 	at deaa.call(:com.google.android.gms@262532035@26.25.32 (260400-944114241):36)
07-17 17:29:40.994 E/AuthPII (21171): 	at java.util.concurrent.FutureTask.run(FutureTask.java:328)
07-17 17:29:40.994 E/AuthPII (21171): 	at blse.c(:com.google.android.gms@262532035@26.25.32 (260400-944114241):50)
07-17 17:29:40.994 E/AuthPII (21171): 	at blse.run(:com.google.android.gms@262532035@26.25.32 (260400-944114241):66)
07-17 17:29:40.994 E/AuthPII (21171): 	at java.util.concurrent.ThreadPoolExecutor.runWorker(ThreadPoolExecutor.java:1100)
07-17 17:29:40.994 E/AuthPII (21171): 	at java.util.concurrent.ThreadPoolExecutor$Worker.run(ThreadPoolExecutor.java:624)
07-17 17:29:40.994 E/AuthPII (21171): 	at blxx.run(:com.google.android.gms@262532035@26.25.32 (260400-944114241):8)
07-17 17:29:40.994 E/AuthPII (21171): 	at java.lang.Thread.run(Thread.java:1572)
07-17 17:29:41.042 E/SemLocationManager(12210): parameters are not vaild
07-17 17:29:41.045 E/AuthPII (21171): [RequestTokenManager] getToken() -> BAD_AUTHENTICATION. App: com.google.android.gms, Service: oauth2:https://www.googleapis.com/auth/cclog
07-17 17:29:41.045 E/AuthPII (21171): bkli: Long live credential not available.
07-17 17:29:41.045 E/AuthPII (21171): 	at aiip.a(:com.google.android.gms@262532035@26.25.32 (260400-944114241):1347)
07-17 17:29:41.045 E/AuthPII (21171): 	at aiiw.b(:com.google.android.gms@262532035@26.25.32 (260400-944114241):26)
07-17 17:29:41.045 E/AuthPII (21171): 	at aiiu.a(:com.google.android.gms@262532035@26.25.32 (260400-944114241):661)
07-17 17:29:41.045 E/AuthPII (21171): 	at aiit.b(:com.google.android.gms@262532035@26.25.32 (260400-944114241):151)
07-17 17:29:41.045 E/AuthPII (21171): 	at ahwy.a(:com.google.android.gms@262532035@26.25.32 (260400-944114241):328)
07-17 17:29:41.045 E/AuthPII (21171): 	at ahrx.f(:com.google.android.gms@262532035@26.25.32 (260400-944114241):24)
07-17 17:29:41.045 E/AuthPII (21171): 	at dchh.fH(:com.google.android.gms@262532035@26.25.32 (260400-944114241):1)
07-17 17:29:41.045 E/AuthPII (21171): 	at dchs.run(:com.google.android.gms@262532035@26.25.32 (260400-944114241):121)
07-17 17:29:41.045 E/AuthPII (21171): 	at hign.run(:com.google.android.gms@262532035@26.25.32 (260400-944114241):23)
07-17 17:29:41.045 E/AuthPII (21171): 	at blse.c(:com.google.android.gms@262532035@26.25.32 (260400-944114241):50)
07-17 17:29:41.045 E/AuthPII (21171): 	at blse.run(:com.google.android.gms@262532035@26.25.32 (260400-944114241):66)
07-17 17:29:41.045 E/AuthPII (21171): 	at java.util.concurrent.ThreadPoolExecutor.runWorker(ThreadPoolExecutor.java:1100)
07-17 17:29:41.045 E/AuthPII (21171): 	at java.util.concurrent.ThreadPoolExecutor$Worker.run(ThreadPoolExecutor.java:624)
07-17 17:29:41.045 E/AuthPII (21171): 	at blxx.run(:com.google.android.gms@262532035@26.25.32 (260400-944114241):8)
07-17 17:29:41.045 E/AuthPII (21171): 	at java.lang.Thread.run(Thread.java:1572)
07-17 17:29:41.045 E/AuthPII (21171): Message is Long live credential not available.
07-17 17:29:41.045 E/AuthPII (21171): bkli: Long live credential not available.
07-17 17:29:41.045 E/AuthPII (21171): 	at aiip.a(:com.google.android.gms@262532035@26.25.32 (260400-944114241):1347)
07-17 17:29:41.045 E/AuthPII (21171): 	at aiiw.b(:com.google.android.gms@262532035@26.25.32 (260400-944114241):26)
07-17 17:29:41.045 E/AuthPII (21171): 	at aiiu.a(:com.google.android.gms@262532035@26.25.32 (260400-944114241):661)
07-17 17:29:41.045 E/AuthPII (21171): 	at aiit.b(:com.google.android.gms@262532035@26.25.32 (260400-944114241):151)
07-17 17:29:41.045 E/AuthPII (21171): 	at ahwy.a(:com.google.android.gms@262532035@26.25.32 (260400-944114241):328)
07-17 17:29:41.045 E/AuthPII (21171): 	at ahrx.f(:com.google.android.gms@262532035@26.25.32 (260400-944114241):24)
07-17 17:29:41.045 E/AuthPII (21171): 	at dchh.fH(:com.google.android.gms@262532035@26.25.32 (260400-944114241):1)
07-17 17:29:41.045 E/AuthPII (21171): 	at dchs.run(:com.google.android.gms@262532035@26.25.32 (260400-944114241):121)
07-17 17:29:41.045 E/AuthPII (21171): 	at hign.run(:com.google.android.gms@262532035@26.25.32 (260400-944114241):23)
07-17 17:29:41.045 E/AuthPII (21171): 	at blse.c(:com.google.android.gms@262532035@26.25.32 (260400-944114241):50)
07-17 17:29:41.045 E/AuthPII (21171): 	at blse.run(:com.google.android.gms@262532035@26.25.32 (260400-944114241):66)
07-17 17:29:41.045 E/AuthPII (21171): 	at java.util.concurrent.ThreadPoolExecutor.runWorker(ThreadPoolExecutor.java:1100)
07-17 17:29:41.045 E/AuthPII (21171): 	at java.util.concurrent.ThreadPoolExecutor$Worker.run(ThreadPoolExecutor.java:624)
07-17 17:29:41.045 E/AuthPII (21171): 	at blxx.run(:com.google.android.gms@262532035@26.25.32 (260400-944114241):8)
07-17 17:29:41.045 E/AuthPII (21171): 	at java.lang.Thread.run(Thread.java:1572)
07-17 17:29:41.097 E/RequestManager_FLP( 3111): [LocationManager] Location remove 0009B7D7 from com.samsung.android.mcfds
07-17 17:29:41.100 E/RequestManager_FLP( 3111): [LocationManager] Location request 0009B7D7(PendingIntent) passive (min=40000ms) from com.samsung.android.mcfds (10078_FINE_visible_false_background)
07-17 17:29:41.171 E/AuthPII (21171): [RequestTokenManager] getToken() -> BAD_AUTHENTICATION. App: com.google.android.gms, Service: oauth2:https://www.googleapis.com/auth/plus.me
07-17 17:29:41.171 E/AuthPII (21171): bkli: Long live credential not available.
07-17 17:29:41.171 E/AuthPII (21171): 	at aiip.a(:com.google.android.gms@262532035@26.25.32 (260400-944114241):1347)
07-17 17:29:41.171 E/AuthPII (21171): 	at aiiw.b(:com.google.android.gms@262532035@26.25.32 (260400-944114241):26)
07-17 17:29:41.171 E/AuthPII (21171): 	at aiiu.a(:com.google.android.gms@262532035@26.25.32 (260400-944114241):661)
07-17 17:29:41.171 E/AuthPII (21171): 	at ahsg.a(:com.google.android.gms@262532035@26.25.32 (260400-944114241):82)
07-17 17:29:41.171 E/AuthPII (21171): 	at abcj.d(:com.google.android.gms@262532035@26.25.32 (260400-944114241):313)
07-17 17:29:41.171 E/AuthPII (21171): 	at ahke.a(:com.google.android.gms@262532035@26.25.32 (260400-944114241):33)
07-17 17:29:41.171 E/AuthPII (21171): 	at ahkk.s(:com.google.android.gms@262532035@26.25.32 (260400-944114241):34)
07-17 17:29:41.171 E/AuthPII (21171): 	at ahkk.r(:com.google.android.gms@262532035@26.25.32 (260400-944114241):64)
07-17 17:29:41.171 E/AuthPII (21171): 	at ahkk.f(:com.google.android.gms@262532035@26.25.32 (260400-944114241):1)
07-17 17:29:41.171 E/AuthPII (21171): 	at ahkk.j(:com.google.android.gms@262532035@26.25.32 (260400-944114241):4)
07-17 17:29:41.171 E/AuthPII (21171): 	at ahkk.k(:com.google.android.gms@262532035@26.25.32 (260400-944114241):8)
07-17 17:29:41.171 E/AuthPII (21171): 	at ahkk.h(:com.google.android.gms@262532035@26.25.32 (260400-944114241):21)
07-17 17:29:41.171 E/AuthPII (21171): 	at aiaq.d(:com.google.android.gms@262532035@26.25.32 (260400-944114241):51)
07-17 17:29:41.171 E/AuthPII (21171): 	at bjly.b(:com.google.android.gms@262532035@26.25.32 (260400-944114241):72)
07-17 17:29:41.171 E/AuthPII (21171): 	at com.google.android.gms.clearcut.uploader.QosUploaderChimeraService.g(:com.google.android.gms@262532035@26.25.32 (260400-944114241):1563)
07-17 17:29:41.171 E/AuthPII (21171): 	at com.google.android.gms.clearcut.uploader.QosUploaderChimeraService.a(:com.google.android.gms@262532035@26.25.32 (260400-944114241):42)
07-17 17:29:41.171 E/AuthPII (21171): 	at deaa.call(:com.google.android.gms@262532035@26.25.32 (260400-944114241):36)
07-17 17:29:41.171 E/AuthPII (21171): 	at java.util.concurrent.FutureTask.run(FutureTask.java:328)
07-17 17:29:41.171 E/AuthPII (21171): 	at blse.c(:com.google.android.gms@262532035@26.25.32 (260400-944114241):50)
07-17 17:29:41.171 E/AuthPII (21171): 	at blse.run(:com.google.android.gms@262532035@26.25.32 (260400-944114241):66)
07-17 17:29:41.171 E/AuthPII (21171): 	at java.util.concurrent.ThreadPoolExecutor.runWorker(ThreadPoolExecutor.java:1100)
07-17 17:29:41.171 E/AuthPII (21171): 	at java.util.concurrent.ThreadPoolExecutor$Worker.run(ThreadPoolExecutor.java:624)
07-17 17:29:41.171 E/AuthPII (21171): 	at blxx.run(:com.google.android.gms@262532035@26.25.32 (260400-944114241):8)
07-17 17:29:41.171 E/AuthPII (21171): 	at java.lang.Thread.run(Thread.java:1572)
07-17 17:29:41.171 E/AuthPII (21171): Message is Long live credential not available.
07-17 17:29:41.171 E/AuthPII (21171): bkli: Long live credential not available.
07-17 17:29:41.171 E/AuthPII (21171): 	at aiip.a(:com.google.android.gms@262532035@26.25.32 (260400-944114241):1347)
07-17 17:29:41.171 E/AuthPII (21171): 	at aiiw.b(:com.google.android.gms@262532035@26.25.32 (260400-944114241):26)
07-17 17:29:41.171 E/AuthPII (21171): 	at aiiu.a(:com.google.android.gms@262532035@26.25.32 (260400-944114241):661)
07-17 17:29:41.171 E/AuthPII (21171): 	at ahsg.a(:com.google.android.gms@262532035@26.25.32 (260400-944114241):82)
07-17 17:29:41.171 E/AuthPII (21171): 	at abcj.d(:com.google.android.gms@262532035@26.25.32 (260400-944114241):313)
07-17 17:29:41.171 E/AuthPII (21171): 	at ahke.a(:com.google.android.gms@262532035@26.25.32 (260400-944114241):33)
07-17 17:29:41.171 E/AuthPII (21171): 	at ahkk.s(:com.google.android.gms@262532035@26.25.32 (260400-944114241):34)
07-17 17:29:41.171 E/AuthPII (21171): 	at ahkk.r(:com.google.android.gms@262532035@26.25.32 (260400-944114241):64)
07-17 17:29:41.171 E/AuthPII (21171): 	at ahkk.f(:com.google.android.gms@262532035@26.25.32 (260400-944114241):1)
07-17 17:29:41.171 E/AuthPII (21171): 	at ahkk.j(:com.google.android.gms@262532035@26.25.32 (260400-944114241):4)
07-17 17:29:41.171 E/AuthPII (21171): 	at ahkk.k(:com.google.android.gms@262532035@26.25.32 (260400-944114241):8)
07-17 17:29:41.171 E/AuthPII (21171): 	at ahkk.h(:com.google.android.gms@262532035@26.25.32 (260400-944114241):21)
07-17 17:29:41.171 E/AuthPII (21171): 	at aiaq.d(:com.google.android.gms@262532035@26.25.32 (260400-944114241):51)
07-17 17:29:41.171 E/AuthPII (21171): 	at bjly.b(:com.google.android.gms@262532035@26.25.32 (260400-944114241):72)
07-17 17:29:41.171 E/AuthPII (21171): 	at com.google.android.gms.clearcut.uploader.QosUploaderChimeraService.g(:com.google.android.gms@262532035@26.25.32 (260400-944114241):1563)
07-17 17:29:41.171 E/AuthPII (21171): 	at com.google.android.gms.clearcut.uploader.QosUploaderChimeraService.a(:com.google.android.gms@262532035@26.25.32 (260400-944114241):42)
07-17 17:29:41.171 E/AuthPII (21171): 	at deaa.call(:com.google.android.gms@262532035@26.25.32 (260400-944114241):36)
07-17 17:29:41.171 E/AuthPII (21171): 	at java.util.concurrent.FutureTask.run(FutureTask.java:328)
07-17 17:29:41.171 E/AuthPII (21171): 	at blse.c(:com.google.android.gms@262532035@26.25.32 (260400-944114241):50)
07-17 17:29:41.171 E/AuthPII (21171): 	at blse.run(:com.google.android.gms@262532035@26.25.32 (260400-944114241):66)
07-17 17:29:41.171 E/AuthPII (21171): 	at java.util.concurrent.ThreadPoolExecutor.runWorker(ThreadPoolExecutor.java:1100)
07-17 17:29:41.171 E/AuthPII (21171): 	at java.util.concurrent.ThreadPoolExecutor$Worker.run(ThreadPoolExecutor.java:624)
07-17 17:29:41.171 E/AuthPII (21171): 	at blxx.run(:com.google.android.gms@262532035@26.25.32 (260400-944114241):8)
07-17 17:29:41.171 E/AuthPII (21171): 	at java.lang.Thread.run(Thread.java:1572)
07-17 17:29:41.177 E/ActivityThread(12250): Failed to find provider info for com.sec.android.calendar.preference
07-17 17:29:41.381 E/AuthPII (21171): [RequestTokenManager] getToken() -> BAD_AUTHENTICATION. App: com.google.android.gms, Service: oauth2:https://www.googleapis.com/auth/userinfo.email https://www.googleapis.com/auth/account.capabilities https://www.googleapis.com/auth/account.service_flags
07-17 17:29:41.381 E/AuthPII (21171): bkli: Long live credential not available.
07-17 17:29:41.381 E/AuthPII (21171): 	at aiip.a(:com.google.android.gms@262532035@26.25.32 (260400-944114241):1347)
07-17 17:29:41.381 E/AuthPII (21171): 	at aiiw.b(:com.google.android.gms@262532035@26.25.32 (260400-944114241):26)
07-17 17:29:41.381 E/AuthPII (21171): 	at aiiu.a(:com.google.android.gms@262532035@26.25.32 (260400-944114241):661)
07-17 17:29:41.381 E/AuthPII (21171): 	at ahsm.a(:com.google.android.gms@262532035@26.25.32 (260400-944114241):55)
07-17 17:29:41.381 E/AuthPII (21171): 	at ahsm.h(:com.google.android.gms@262532035@26.25.32 (260400-944114241):108)
07-17 17:29:41.381 E/AuthPII (21171): 	at ahsm.b(:com.google.android.gms@262532035@26.25.32 (260400-944114241):817)
07-17 17:29:41.381 E/AuthPII (21171): 	at ahsm.c(:com.google.android.gms@262532035@26.25.32 (260400-944114241):5)
07-17 17:29:41.381 E/AuthPII (21171): 	at abcj.d(:com.google.android.gms@262532035@26.25.32 (260400-944114241):459)
07-17 17:29:41.381 E/AuthPII (21171): 	at ahke.a(:com.google.android.gms@262532035@26.25.32 (260400-944114241):33)
07-17 17:29:41.381 E/AuthPII (21171): 	at ahkk.s(:com.google.android.gms@262532035@26.25.32 (260400-944114241):34)
07-17 17:29:41.381 E/AuthPII (21171): 	at ahkk.r(:com.google.android.gms@262532035@26.25.32 (260400-944114241):64)
07-17 17:29:41.381 E/AuthPII (21171): 	at ahkk.f(:com.google.android.gms@262532035@26.25.32 (260400-944114241):1)
07-17 17:29:41.381 E/AuthPII (21171): 	at ahkk.j(:com.google.android.gms@262532035@26.25.32 (260400-944114241):4)
07-17 17:29:41.381 E/AuthPII (21171): 	at ahkk.k(:com.google.android.gms@262532035@26.25.32 (260400-944114241):8)
07-17 17:29:41.381 E/AuthPII (21171): 	at ahkk.h(:com.google.android.gms@262532035@26.25.32 (260400-944114241):21)
07-17 17:29:41.381 E/AuthPII (21171): 	at aiaq.d(:com.google.android.gms@262532035@26.25.32 (260400-944114241):51)
07-17 17:29:41.381 E/AuthPII (21171): 	at bjly.b(:com.google.android.gms@262532035@26.25.32 (260400-944114241):72)
07-17 17:29:41.381 E/AuthPII (21171): 	at com.google.android.gms.clearcut.uploader.QosUploaderChimeraService.g(:com.google.android.gms@262532035@26.25.32 (260400-944114241):1563)
07-17 17:29:41.381 E/AuthPII (21171): 	at com.google.android.gms.clearcut.uploader.QosUploaderChimeraService.a(:com.google.android.gms@262532035@26.25.32 (260400-944114241):42)
07-17 17:29:41.381 E/AuthPII (21171): 	at deaa.call(:com.google.android.gms@262532035@26.25.32 (260400-944114241):36)
07-17 17:29:41.381 E/AuthPII (21171): 	at java.util.concurrent.FutureTask.run(FutureTask.java:328)
07-17 17:29:41.381 E/AuthPII (21171): 	at blse.c(:com.google.android.gms@262532035@26.25.32 (260400-944114241):50)
07-17 17:29:41.381 E/AuthPII (21171): 	at blse.run(:com.google.android.gms@262532035@26.25.32 (260400-944114241):66)
07-17 17:29:41.381 E/AuthPII (21171): 	at java.util.concurrent.ThreadPoolExecutor.runWorker(ThreadPoolExecutor.java:1100)
07-17 17:29:41.381 E/AuthPII (21171): 	at java.util.concurrent.ThreadPoolExecutor$Worker.run(ThreadPoolExecutor.java:624)
07-17 17:29:41.381 E/AuthPII (21171): 	at blxx.run(:com.google.android.gms@262532035@26.25.32 (260400-944114241):8)
07-17 17:29:41.381 E/AuthPII (21171): 	at java.lang.Thread.run(Thread.java:1572)
07-17 17:29:41.381 E/AuthPII (21171): Message is Long live credential not available.
07-17 17:29:41.381 E/AuthPII (21171): bkli: Long live credential not available.
07-17 17:29:41.381 E/AuthPII (21171): 	at aiip.a(:com.google.android.gms@262532035@26.25.32 (260400-944114241):1347)
07-17 17:29:41.381 E/AuthPII (21171): 	at aiiw.b(:com.google.android.gms@262532035@26.25.32 (260400-944114241):26)
07-17 17:29:41.381 E/AuthPII (21171): 	at aiiu.a(:com.google.android.gms@262532035@26.25.32 (260400-944114241):661)
07-17 17:29:41.381 E/AuthPII (21171): 	at ahsm.a(:com.google.android.gms@262532035@26.25.32 (260400-944114241):55)
07-17 17:29:41.381 E/AuthPII (21171): 	at ahsm.h(:com.google.android.gms@262532035@26.25.32 (260400-944114241):108)
07-17 17:29:41.381 E/AuthPII (21171): 	at ahsm.b(:com.google.android.gms@262532035@26.25.32 (260400-944114241):817)
07-17 17:29:41.381 E/AuthPII (21171): 	at ahsm.c(:com.google.android.gms@262532035@26.25.32 (260400-944114241):5)
07-17 17:29:41.381 E/AuthPII (21171): 	at abcj.d(:com.google.android.gms@262532035@26.25.32 (260400-944114241):459)
07-17 17:29:41.381 E/AuthPII (21171): 	at ahke.a(:com.google.android.gms@262532035@26.25.32 (260400-944114241):33)
07-17 17:29:41.381 E/AuthPII (21171): 	at ahkk.s(:com.google.android.gms@262532035@26.25.32 (260400-944114241):34)
07-17 17:29:41.381 E/AuthPII (21171): 	at ahkk.r(:com.google.android.gms@262532035@26.25.32 (260400-944114241):64)
07-17 17:29:41.381 E/AuthPII (21171): 	at ahkk.f(:com.google.android.gms@262532035@26.25.32 (260400-944114241):1)
07-17 17:29:41.381 E/AuthPII (21171): 	at ahkk.j(:com.google.android.gms@262532035@26.25.32 (260400-944114241):4)
07-17 17:29:41.381 E/AuthPII (21171): 	at ahkk.k(:com.google.android.gms@262532035@26.25.32 (260400-944114241):8)
07-17 17:29:41.381 E/AuthPII (21171): 	at ahkk.h(:com.google.android.gms@262532035@26.25.32 (260400-944114241):21)
07-17 17:29:41.381 E/AuthPII (21171): 	at aiaq.d(:com.google.android.gms@262532035@26.25.32 (260400-944114241):51)
07-17 17:29:41.381 E/AuthPII (21171): 	at bjly.b(:com.google.android.gms@262532035@26.25.32 (260400-944114241):72)
07-17 17:29:41.381 E/AuthPII (21171): 	at com.google.android.gms.clearcut.uploader.QosUploaderChimeraService.g(:com.google.android.gms@262532035@26.25.32 (260400-944114241):1563)
07-17 17:29:41.381 E/AuthPII (21171): 	at com.google.android.gms.clearcut.uploader.QosUploaderChimeraService.a(:com.google.android.gms@262532035@26.25.32 (260400-944114241):42)
07-17 17:29:41.381 E/AuthPII (21171): 	at deaa.call(:com.google.android.gms@262532035@26.25.32 (260400-944114241):36)
07-17 17:29:41.381 E/AuthPII (21171): 	at java.util.concurrent.FutureTask.run(FutureTask.java:328)
07-17 17:29:41.381 E/AuthPII (21171): 	at blse.c(:com.google.android.gms@262532035@26.25.32 (260400-944114241):50)
07-17 17:29:41.381 E/AuthPII (21171): 	at blse.run(:com.google.android.gms@262532035@26.25.32 (260400-944114241):66)
07-17 17:29:41.381 E/AuthPII (21171): 	at java.util.concurrent.ThreadPoolExecutor.runWorker(ThreadPoolExecutor.java:1100)
07-17 17:29:41.381 E/AuthPII (21171): 	at java.util.concurrent.ThreadPoolExecutor$Worker.run(ThreadPoolExecutor.java:624)
07-17 17:29:41.381 E/AuthPII (21171): 	at blxx.run(:com.google.android.gms@262532035@26.25.32 (260400-944114241):8)
07-17 17:29:41.381 E/AuthPII (21171): 	at java.lang.Thread.run(Thread.java:1572)
07-17 17:29:41.471 E/lowmemorykiller(  627): process_mrelease 12007 failed: No such process
07-17 17:29:41.489 E/RequestManager_FLP( 3111): [LocationManager] Location remove 029A7C18 from com.samsung.android.mcfds
07-17 17:29:41.492 E/RequestManager_FLP( 3111): [LocationManager] Location request 029A7C18(PendingIntent) passive (min=40000ms) from com.samsung.android.mcfds (10078_FINE_visible_false_background)
07-17 17:29:41.512 E/HeatmapThread( 1457): ECT Thread time in milliseconds: 1784294981
07-17 17:29:41.512 E/HeatmapThread( 1457): !@Could not open '/efs/FactoryApp/bsoh', errno = 13
07-17 17:29:41.512 E/HeatmapThread( 1457): !@ CAM Could not access BSOH EFS
07-17 17:29:41.512 E/HeatmapThread( 1457): !@ CAM New BSOH: 0
07-17 17:29:41.570 E/AuthPII (21171): [RequestTokenManager] getToken() -> BAD_AUTHENTICATION. App: com.google.android.gms, Service: oauth2:https://www.googleapis.com/auth/cclog
07-17 17:29:41.570 E/AuthPII (21171): bkli: Long live credential not available.
07-17 17:29:41.570 E/AuthPII (21171): 	at aiip.a(:com.google.android.gms@262532035@26.25.32 (260400-944114241):1347)
07-17 17:29:41.570 E/AuthPII (21171): 	at aiiw.b(:com.google.android.gms@262532035@26.25.32 (260400-944114241):26)
07-17 17:29:41.570 E/AuthPII (21171): 	at aiiu.a(:com.google.android.gms@262532035@26.25.32 (260400-944114241):661)
07-17 17:29:41.570 E/AuthPII (21171): 	at aiit.b(:com.google.android.gms@262532035@26.25.32 (260400-944114241):151)
07-17 17:29:41.570 E/AuthPII (21171): 	at ahwy.a(:com.google.android.gms@262532035@26.25.32 (260400-944114241):328)
07-17 17:29:41.570 E/AuthPII (21171): 	at ahrx.f(:com.google.android.gms@262532035@26.25.32 (260400-944114241):24)
07-17 17:29:41.570 E/AuthPII (21171): 	at dchh.fH(:com.google.android.gms@262532035@26.25.32 (260400-944114241):1)
07-17 17:29:41.570 E/AuthPII (21171): 	at dchs.run(:com.google.android.gms@262532035@26.25.32 (260400-944114241):121)
07-17 17:29:41.570 E/AuthPII (21171): 	at hign.run(:com.google.android.gms@262532035@26.25.32 (260400-944114241):23)
07-17 17:29:41.570 E/AuthPII (21171): 	at blse.c(:com.google.android.gms@262532035@26.25.32 (260400-944114241):50)
07-17 17:29:41.570 E/AuthPII (21171): 	at blse.run(:com.google.android.gms@262532035@26.25.32 (260400-944114241):66)
07-17 17:29:41.570 E/AuthPII (21171): 	at java.util.concurrent.ThreadPoolExecutor.runWorker(ThreadPoolExecutor.java:1100)
07-17 17:29:41.570 E/AuthPII (21171): 	at java.util.concurrent.ThreadPoolExecutor$Worker.run(ThreadPoolExecutor.java:624)
07-17 17:29:41.570 E/AuthPII (21171): 	at blxx.run(:com.google.android.gms@262532035@26.25.32 (260400-944114241):8)
07-17 17:29:41.570 E/AuthPII (21171): 	at java.lang.Thread.run(Thread.java:1572)
07-17 17:29:41.570 E/AuthPII (21171): Message is Long live credential not available.
07-17 17:29:41.570 E/AuthPII (21171): bkli: Long live credential not available.
07-17 17:29:41.570 E/AuthPII (21171): 	at aiip.a(:com.google.android.gms@262532035@26.25.32 (260400-944114241):1347)
07-17 17:29:41.570 E/AuthPII (21171): 	at aiiw.b(:com.google.android.gms@262532035@26.25.32 (260400-944114241):26)
07-17 17:29:41.570 E/AuthPII (21171): 	at aiiu.a(:com.google.android.gms@262532035@26.25.32 (260400-944114241):661)
07-17 17:29:41.570 E/AuthPII (21171): 	at aiit.b(:com.google.android.gms@262532035@26.25.32 (260400-944114241):151)
07-17 17:29:41.570 E/AuthPII (21171): 	at ahwy.a(:com.google.android.gms@262532035@26.25.32 (260400-944114241):328)
07-17 17:29:41.570 E/AuthPII (21171): 	at ahrx.f(:com.google.android.gms@262532035@26.25.32 (260400-944114241):24)
07-17 17:29:41.570 E/AuthPII (21171): 	at dchh.fH(:com.google.android.gms@262532035@26.25.32 (260400-944114241):1)
07-17 17:29:41.570 E/AuthPII (21171): 	at dchs.run(:com.google.android.gms@262532035@26.25.32 (260400-944114241):121)
07-17 17:29:41.570 E/AuthPII (21171): 	at hign.run(:com.google.android.gms@262532035@26.25.32 (260400-944114241):23)
07-17 17:29:41.570 E/AuthPII (21171): 	at blse.c(:com.google.android.gms@262532035@26.25.32 (260400-944114241):50)
07-17 17:29:41.570 E/AuthPII (21171): 	at blse.run(:com.google.android.gms@262532035@26.25.32 (260400-944114241):66)
07-17 17:29:41.570 E/AuthPII (21171): 	at java.util.concurrent.ThreadPoolExecutor.runWorker(ThreadPoolExecutor.java:1100)
07-17 17:29:41.570 E/AuthPII (21171): 	at java.util.concurrent.ThreadPoolExecutor$Worker.run(ThreadPoolExecutor.java:624)
07-17 17:29:41.570 E/AuthPII (21171): 	at blxx.run(:com.google.android.gms@262532035@26.25.32 (260400-944114241):8)
07-17 17:29:41.570 E/AuthPII (21171): 	at java.lang.Thread.run(Thread.java:1572)
07-17 17:29:41.620 E/SemContext.CaeProvider( 1740): setAttribute() : attribute is null!
07-17 17:29:41.633 E/lowmemorykiller(  627): process_mrelease 12250 failed: No such process
07-17 17:29:41.667 E/lowmemorykiller(  627): process_mrelease 12224 failed: No such process
07-17 17:29:41.672 E/AbstractLogEventBuilder( 6889): The provided ProductIdOrigin 3 is not one of the process-level expected values: 1 or 2
07-17 17:29:41.826 E/lowmemorykiller(  627): process_mrelease 11054 failed: No such process
07-17 17:29:41.860 E/lowmemorykiller(  627): process_mrelease 11458 failed: No such process
07-17 17:29:41.911 E/AuthPII (21171): [RequestTokenManager] getToken() -> BAD_AUTHENTICATION. App: com.google.android.gms, Service: oauth2:https://www.googleapis.com/auth/plus.me
07-17 17:29:41.911 E/AuthPII (21171): bkli: Long live credential not available.
07-17 17:29:41.911 E/AuthPII (21171): 	at aiip.a(:com.google.android.gms@262532035@26.25.32 (260400-944114241):1347)
07-17 17:29:41.911 E/AuthPII (21171): 	at aiiw.b(:com.google.android.gms@262532035@26.25.32 (260400-944114241):26)
07-17 17:29:41.911 E/AuthPII (21171): 	at aiiu.a(:com.google.android.gms@262532035@26.25.32 (260400-944114241):661)
07-17 17:29:41.911 E/AuthPII (21171): 	at ahsg.a(:com.google.android.gms@262532035@26.25.32 (260400-944114241):82)
07-17 17:29:41.911 E/AuthPII (21171): 	at abcj.d(:com.google.android.gms@262532035@26.25.32 (260400-944114241):313)
07-17 17:29:41.911 E/AuthPII (21171): 	at ahke.a(:com.google.android.gms@262532035@26.25.32 (260400-944114241):33)
07-17 17:29:41.911 E/AuthPII (21171): 	at ahkk.s(:com.google.android.gms@262532035@26.25.32 (260400-944114241):34)
07-17 17:29:41.911 E/AuthPII (21171): 	at ahkk.r(:com.google.android.gms@262532035@26.25.32 (260400-944114241):64)
07-17 17:29:41.911 E/AuthPII (21171): 	at ahkk.f(:com.google.android.gms@262532035@26.25.32 (260400-944114241):1)
07-17 17:29:41.911 E/AuthPII (21171): 	at ahkk.j(:com.google.android.gms@262532035@26.25.32 (260400-944114241):4)
07-17 17:29:41.911 E/AuthPII (21171): 	at ahkk.k(:com.google.android.gms@262532035@26.25.32 (260400-944114241):8)
07-17 17:29:41.911 E/AuthPII (21171): 	at ahkk.h(:com.google.android.gms@262532035@26.25.32 (260400-944114241):21)
07-17 17:29:41.911 E/AuthPII (21171): 	at aiaq.d(:com.google.android.gms@262532035@26.25.32 (260400-944114241):51)
07-17 17:29:41.911 E/AuthPII (21171): 	at bjly.b(:com.google.android.gms@262532035@26.25.32 (260400-944114241):72)
07-17 17:29:41.911 E/AuthPII (21171): 	at com.google.android.gms.clearcut.uploader.QosUploaderChimeraService.g(:com.google.android.gms@262532035@26.25.32 (260400-944114241):1563)
07-17 17:29:41.911 E/AuthPII (21171): 	at com.google.android.gms.clearcut.uploader.QosUploaderChimeraService.a(:com.google.android.gms@262532035@26.25.32 (260400-944114241):42)
07-17 17:29:41.911 E/AuthPII (21171): 	at deaa.call(:com.google.android.gms@262532035@26.25.32 (260400-944114241):36)
07-17 17:29:41.911 E/AuthPII (21171): 	at java.util.concurrent.FutureTask.run(FutureTask.java:328)
07-17 17:29:41.911 E/AuthPII (21171): 	at blse.c(:com.google.android.gms@262532035@26.25.32 (260400-944114241):50)
07-17 17:29:41.911 E/AuthPII (21171): 	at blse.run(:com.google.android.gms@262532035@26.25.32 (260400-944114241):66)
07-17 17:29:41.911 E/AuthPII (21171): 	at java.util.concurrent.ThreadPoolExecutor.runWorker(ThreadPoolExecutor.java:1100)
07-17 17:29:41.911 E/AuthPII (21171): 	at java.util.concurrent.ThreadPoolExecutor$Worker.run(ThreadPoolExecutor.java:624)
07-17 17:29:41.911 E/AuthPII (21171): 	at blxx.run(:com.google.android.gms@262532035@26.25.32 (260400-944114241):8)
07-17 17:29:41.911 E/AuthPII (21171): 	at java.lang.Thread.run(Thread.java:1572)
07-17 17:29:41.911 E/AuthPII (21171): Message is Long live credential not available.
07-17 17:29:41.911 E/AuthPII (21171): bkli: Long live credential not available.
07-17 17:29:41.911 E/AuthPII (21171): 	at aiip.a(:com.google.android.gms@262532035@26.25.32 (260400-944114241):1347)
07-17 17:29:41.911 E/AuthPII (21171): 	at aiiw.b(:com.google.android.gms@262532035@26.25.32 (260400-944114241):26)
07-17 17:29:41.911 E/AuthPII (21171): 	at aiiu.a(:com.google.android.gms@262532035@26.25.32 (260400-944114241):661)
07-17 17:29:41.911 E/AuthPII (21171): 	at ahsg.a(:com.google.android.gms@262532035@26.25.32 (260400-944114241):82)
07-17 17:29:41.911 E/AuthPII (21171): 	at abcj.d(:com.google.android.gms@262532035@26.25.32 (260400-944114241):313)
07-17 17:29:41.911 E/AuthPII (21171): 	at ahke.a(:com.google.android.gms@262532035@26.25.32 (260400-944114241):33)
07-17 17:29:41.911 E/AuthPII (21171): 	at ahkk.s(:com.google.android.gms@262532035@26.25.32 (260400-944114241):34)
07-17 17:29:41.911 E/AuthPII (21171): 	at ahkk.r(:com.google.android.gms@262532035@26.25.32 (260400-944114241):64)
07-17 17:29:41.911 E/AuthPII (21171): 	at ahkk.f(:com.google.android.gms@262532035@26.25.32 (260400-944114241):1)
07-17 17:29:41.911 E/AuthPII (21171): 	at ahkk.j(:com.google.android.gms@262532035@26.25.32 (260400-944114241):4)
07-17 17:29:41.911 E/AuthPII (21171): 	at ahkk.k(:com.google.android.gms@262532035@26.25.32 (260400-944114241):8)
07-17 17:29:41.911 E/AuthPII (21171): 	at ahkk.h(:com.google.android.gms@262532035@26.25.32 (260400-944114241):21)
07-17 17:29:41.911 E/AuthPII (21171): 	at aiaq.d(:com.google.android.gms@262532035@26.25.32 (260400-944114241):51)
07-17 17:29:41.911 E/AuthPII (21171): 	at bjly.b(:com.google.android.gms@262532035@26.25.32 (260400-944114241):72)
07-17 17:29:41.911 E/AuthPII (21171): 	at com.google.android.gms.clearcut.uploader.QosUploaderChimeraService.g(:com.google.android.gms@262532035@26.25.32 (260400-944114241):1563)
07-17 17:29:41.911 E/AuthPII (21171): 	at com.google.android.gms.clearcut.uploader.QosUploaderChimeraService.a(:com.google.android.gms@262532035@26.25.32 (260400-944114241):42)
07-17 17:29:41.911 E/AuthPII (21171): 	at deaa.call(:com.google.android.gms@262532035@26.25.32 (260400-944114241):36)
07-17 17:29:41.911 E/AuthPII (21171): 	at java.util.concurrent.FutureTask.run(FutureTask.java:328)
07-17 17:29:41.911 E/AuthPII (21171): 	at blse.c(:com.google.android.gms@262532035@26.25.32 (260400-944114241):50)
07-17 17:29:41.911 E/AuthPII (21171): 	at blse.run(:com.google.android.gms@262532035@26.25.32 (260400-944114241):66)
07-17 17:29:41.911 E/AuthPII (21171): 	at java.util.concurrent.ThreadPoolExecutor.runWorker(ThreadPoolExecutor.java:1100)
07-17 17:29:41.911 E/AuthPII (21171): 	at java.util.concurrent.ThreadPoolExecutor$Worker.run(ThreadPoolExecutor.java:624)
07-17 17:29:41.911 E/AuthPII (21171): 	at blxx.run(:com.google.android.gms@262532035@26.25.32 (260400-944114241):8)
07-17 17:29:41.911 E/AuthPII (21171): 	at java.lang.Thread.run(Thread.java:1572)
07-17 17:29:41.945 E/AuthPII (21171): [RequestTokenManager] getToken() -> BAD_AUTHENTICATION. App: com.google.android.gms, Service: oauth2:https://www.googleapis.com/auth/userinfo.email https://www.googleapis.com/auth/account.capabilities https://www.googleapis.com/auth/account.service_flags
07-17 17:29:41.945 E/AuthPII (21171): bkli: Long live credential not available.
07-17 17:29:41.945 E/AuthPII (21171): 	at aiip.a(:com.google.android.gms@262532035@26.25.32 (260400-944114241):1347)
07-17 17:29:41.945 E/AuthPII (21171): 	at aiiw.b(:com.google.android.gms@262532035@26.25.32 (260400-944114241):26)
07-17 17:29:41.945 E/AuthPII (21171): 	at aiiu.a(:com.google.android.gms@262532035@26.25.32 (260400-944114241):661)
07-17 17:29:41.945 E/AuthPII (21171): 	at ahsm.a(:com.google.android.gms@262532035@26.25.32 (260400-944114241):55)
07-17 17:29:41.945 E/AuthPII (21171): 	at ahsm.h(:com.google.android.gms@262532035@26.25.32 (260400-944114241):108)
07-17 17:29:41.945 E/AuthPII (21171): 	at ahsm.b(:com.google.android.gms@262532035@26.25.32 (260400-944114241):817)
07-17 17:29:41.945 E/AuthPII (21171): 	at ahsm.c(:com.google.android.gms@262532035@26.25.32 (260400-944114241):5)
07-17 17:29:41.945 E/AuthPII (21171): 	at abcj.d(:com.google.android.gms@262532035@26.25.32 (260400-944114241):459)
07-17 17:29:41.945 E/AuthPII (21171): 	at ahke.a(:com.google.android.gms@262532035@26.25.32 (260400-944114241):33)
07-17 17:29:41.945 E/AuthPII (21171): 	at ahkk.s(:com.google.android.gms@262532035@26.25.32 (260400-944114241):34)
07-17 17:29:41.945 E/AuthPII (21171): 	at ahkk.r(:com.google.android.gms@262532035@26.25.32 (260400-944114241):64)
07-17 17:29:41.945 E/AuthPII (21171): 	at ahkk.f(:com.google.android.gms@262532035@26.25.32 (260400-944114241):1)
07-17 17:29:41.945 E/AuthPII (21171): 	at ahkk.j(:com.google.android.gms@262532035@26.25.32 (260400-944114241):4)
07-17 17:29:41.945 E/AuthPII (21171): 	at ahkk.k(:com.google.android.gms@262532035@26.25.32 (260400-944114241):8)
07-17 17:29:41.945 E/AuthPII (21171): 	at ahkk.h(:com.google.android.gms@262532035@26.25.32 (260400-944114241):21)
07-17 17:29:41.945 E/AuthPII (21171): 	at aiaq.d(:com.google.android.gms@262532035@26.25.32 (260400-944114241):51)
07-17 17:29:41.945 E/AuthPII (21171): 	at bjly.b(:com.google.android.gms@262532035@26.25.32 (260400-944114241):72)
07-17 17:29:41.945 E/AuthPII (21171): 	at com.google.android.gms.clearcut.uploader.QosUploaderChimeraService.g(:com.google.android.gms@262532035@26.25.32 (260400-944114241):1563)
07-17 17:29:41.945 E/AuthPII (21171): 	at com.google.android.gms.clearcut.uploader.QosUploaderChimeraService.a(:com.google.android.gms@262532035@26.25.32 (260400-944114241):42)
07-17 17:29:41.945 E/AuthPII (21171): 	at deaa.call(:com.google.android.gms@262532035@26.25.32 (260400-944114241):36)
07-17 17:29:41.945 E/AuthPII (21171): 	at java.util.concurrent.FutureTask.run(FutureTask.java:328)
07-17 17:29:41.945 E/AuthPII (21171): 	at blse.c(:com.google.android.gms@262532035@26.25.32 (260400-944114241):50)
07-17 17:29:41.945 E/AuthPII (21171): 	at blse.run(:com.google.android.gms@262532035@26.25.32 (260400-944114241):66)
07-17 17:29:41.945 E/AuthPII (21171): 	at java.util.concurrent.ThreadPoolExecutor.runWorker(ThreadPoolExecutor.java:1100)
07-17 17:29:41.945 E/AuthPII (21171): 	at java.util.concurrent.ThreadPoolExecutor$Worker.run(ThreadPoolExecutor.java:624)
07-17 17:29:41.945 E/AuthPII (21171): 	at blxx.run(:com.google.android.gms@262532035@26.25.32 (260400-944114241):8)
07-17 17:29:41.945 E/AuthPII (21171): 	at java.lang.Thread.run(Thread.java:1572)
07-17 17:29:41.946 E/AuthPII (21171): Message is Long live credential not available.
07-17 17:29:41.946 E/AuthPII (21171): bkli: Long live credential not available.
07-17 17:29:41.946 E/AuthPII (21171): 	at aiip.a(:com.google.android.gms@262532035@26.25.32 (260400-944114241):1347)
07-17 17:29:41.946 E/AuthPII (21171): 	at aiiw.b(:com.google.android.gms@262532035@26.25.32 (260400-944114241):26)
07-17 17:29:41.946 E/AuthPII (21171): 	at aiiu.a(:com.google.android.gms@262532035@26.25.32 (260400-944114241):661)
07-17 17:29:41.946 E/AuthPII (21171): 	at ahsm.a(:com.google.android.gms@262532035@26.25.32 (260400-944114241):55)
07-17 17:29:41.946 E/AuthPII (21171): 	at ahsm.h(:com.google.android.gms@262532035@26.25.32 (260400-944114241):108)
07-17 17:29:41.946 E/AuthPII (21171): 	at ahsm.b(:com.google.android.gms@262532035@26.25.32 (260400-944114241):817)
07-17 17:29:41.946 E/AuthPII (21171): 	at ahsm.c(:com.google.android.gms@262532035@26.25.32 (260400-944114241):5)
07-17 17:29:41.946 E/AuthPII (21171): 	at abcj.d(:com.google.android.gms@262532035@26.25.32 (260400-944114241):459)
07-17 17:29:41.946 E/AuthPII (21171): 	at ahke.a(:com.google.android.gms@262532035@26.25.32 (260400-944114241):33)
07-17 17:29:41.946 E/AuthPII (21171): 	at ahkk.s(:com.google.android.gms@262532035@26.25.32 (260400-944114241):34)
07-17 17:29:41.946 E/AuthPII (21171): 	at ahkk.r(:com.google.android.gms@262532035@26.25.32 (260400-944114241):64)
07-17 17:29:41.946 E/AuthPII (21171): 	at ahkk.f(:com.google.android.gms@262532035@26.25.32 (260400-944114241):1)
07-17 17:29:41.946 E/AuthPII (21171): 	at ahkk.j(:com.google.android.gms@262532035@26.25.32 (260400-944114241):4)
07-17 17:29:41.946 E/AuthPII (21171): 	at ahkk.k(:com.google.android.gms@262532035@26.25.32 (260400-944114241):8)
07-17 17:29:41.946 E/AuthPII (21171): 	at ahkk.h(:com.google.android.gms@262532035@26.25.32 (260400-944114241):21)
07-17 17:29:41.946 E/AuthPII (21171): 	at aiaq.d(:com.google.android.gms@262532035@26.25.32 (260400-944114241):51)
07-17 17:29:41.946 E/AuthPII (21171): 	at bjly.b(:com.google.android.gms@262532035@26.25.32 (260400-944114241):72)
07-17 17:29:41.946 E/AuthPII (21171): 	at com.google.android.gms.clearcut.uploader.QosUploaderChimeraService.g(:com.google.android.gms@262532035@26.25.32 (260400-944114241):1563)
07-17 17:29:41.946 E/AuthPII (21171): 	at com.google.android.gms.clearcut.uploader.QosUploaderChimeraService.a(:com.google.android.gms@262532035@26.25.32 (260400-944114241):42)
07-17 17:29:41.946 E/AuthPII (21171): 	at deaa.call(:com.google.android.gms@262532035@26.25.32 (260400-944114241):36)
07-17 17:29:41.946 E/AuthPII (21171): 	at java.util.concurrent.FutureTask.run(FutureTask.java:328)
07-17 17:29:41.946 E/AuthPII (21171): 	at blse.c(:com.google.android.gms@262532035@26.25.32 (260400-944114241):50)
07-17 17:29:41.946 E/AuthPII (21171): 	at blse.run(:com.google.android.gms@262532035@26.25.32 (260400-944114241):66)
07-17 17:29:41.946 E/AuthPII (21171): 	at java.util.concurrent.ThreadPoolExecutor.runWorker(ThreadPoolExecutor.java:1100)
07-17 17:29:41.946 E/AuthPII (21171): 	at java.util.concurrent.ThreadPoolExecutor$Worker.run(ThreadPoolExecutor.java:624)
07-17 17:29:41.946 E/AuthPII (21171): 	at blxx.run(:com.google.android.gms@262532035@26.25.32 (260400-944114241):8)
07-17 17:29:41.946 E/AuthPII (21171): 	at java.lang.Thread.run(Thread.java:1572)
07-17 17:29:41.984 E/AuthPII (21171): [RequestTokenManager] getToken() -> BAD_AUTHENTICATION. App: com.google.android.gms, Service: oauth2:https://www.googleapis.com/auth/cclog
07-17 17:29:41.984 E/AuthPII (21171): bkli: Long live credential not available.
07-17 17:29:41.984 E/AuthPII (21171): 	at aiip.a(:com.google.android.gms@262532035@26.25.32 (260400-944114241):1347)
07-17 17:29:41.984 E/AuthPII (21171): 	at aiiw.b(:com.google.android.gms@262532035@26.25.32 (260400-944114241):26)
07-17 17:29:41.984 E/AuthPII (21171): 	at aiiu.a(:com.google.android.gms@262532035@26.25.32 (260400-944114241):661)
07-17 17:29:41.984 E/AuthPII (21171): 	at aiit.b(:com.google.android.gms@262532035@26.25.32 (260400-944114241):151)
07-17 17:29:41.984 E/AuthPII (21171): 	at ahwy.a(:com.google.android.gms@262532035@26.25.32 (260400-944114241):328)
07-17 17:29:41.984 E/AuthPII (21171): 	at ahrx.f(:com.google.android.gms@262532035@26.25.32 (260400-944114241):24)
07-17 17:29:41.984 E/AuthPII (21171): 	at dchh.fH(:com.google.android.gms@262532035@26.25.32 (260400-944114241):1)
07-17 17:29:41.984 E/AuthPII (21171): 	at dchs.run(:com.google.android.gms@262532035@26.25.32 (260400-944114241):121)
07-17 17:29:41.984 E/AuthPII (21171): 	at hign.run(:com.google.android.gms@262532035@26.25.32 (260400-944114241):23)
07-17 17:29:41.984 E/AuthPII (21171): 	at blse.c(:com.google.android.gms@262532035@26.25.32 (260400-944114241):50)
07-17 17:29:41.984 E/AuthPII (21171): 	at blse.run(:com.google.android.gms@262532035@26.25.32 (260400-944114241):66)
07-17 17:29:41.984 E/AuthPII (21171): 	at java.util.concurrent.ThreadPoolExecutor.runWorker(ThreadPoolExecutor.java:1100)
07-17 17:29:41.984 E/AuthPII (21171): 	at java.util.concurrent.ThreadPoolExecutor$Worker.run(ThreadPoolExecutor.java:624)
07-17 17:29:41.984 E/AuthPII (21171): 	at blxx.run(:com.google.android.gms@262532035@26.25.32 (260400-944114241):8)
07-17 17:29:41.984 E/AuthPII (21171): 	at java.lang.Thread.run(Thread.java:1572)
07-17 17:29:41.984 E/lowmemorykiller(  627): process_mrelease 12210 failed: No such process
07-17 17:29:41.984 E/AuthPII (21171): Message is Long live credential not available.
07-17 17:29:41.984 E/AuthPII (21171): bkli: Long live credential not available.
07-17 17:29:41.984 E/AuthPII (21171): 	at aiip.a(:com.google.android.gms@262532035@26.25.32 (260400-944114241):1347)
07-17 17:29:41.984 E/AuthPII (21171): 	at aiiw.b(:com.google.android.gms@262532035@26.25.32 (260400-944114241):26)
