--------- beginning of main
07-17 17:29:25.729 E/Finsky  ( 4213): [145] [Counters] attempted to use a non-positive increment for: 4752
07-17 17:29:25.730 E/Finsky  ( 4213): [145] [Counters] attempted to use a non-positive increment for: 4752
07-17 17:29:25.756 E/RoleControllerServiceImpl( 1740): Default/fallback role holder package doesn't qualify for the role, package: com.google.android.gms, role: android.app.role.SYSTEM_CALL_STREAMING, user: 0
07-17 17:29:25.791 E/lowmemorykiller(  627): process_mrelease 10797 failed: No such process
07-17 17:29:25.866 E/ashmem  (11397): Pinning is deprecated since Android Q. Please use trim or other methods.
07-17 17:29:25.906 E/lowmemorykiller(  627): process_mrelease 10475 failed: No such process
07-17 17:29:26.020 E/lowmemorykiller(  627): process_mrelease 8319 failed: No such process
07-17 17:29:26.117 E/pageboostd( 3230): Received HALT command code 2
07-17 17:29:26.122 E/Finsky  ( 4213): [148] [Counters] attempted to use a non-positive increment for: 4752
07-17 17:29:26.136 E/lowmemorykiller(  627): process_mrelease 10398 failed: No such process
07-17 17:29:26.141 E/Finsky  ( 4213): [148] [Counters] attempted to use a non-positive increment for: 4753
07-17 17:29:26.153 E/Finsky  ( 4213): [148] [Counters] attempted to use a non-positive increment for: 4752
07-17 17:29:26.153 E/Finsky  ( 4213): [148] [Counters] attempted to use a non-positive increment for: 4753
07-17 17:29:26.206 E/lowmemorykiller(  627): process_mrelease 10941 failed: No such process
07-17 17:29:26.333 E/RoleControllerServiceImpl( 1740): Default/fallback role holder package doesn't qualify for the role, package: com.google.android.gms, role: android.app.role.SYSTEM_DEPENDENCY_INSTALLER, user: 0
07-17 17:29:26.491 E/Finsky  ( 4213): [145] [Counters] attempted to use a non-positive increment for: 4753
07-17 17:29:26.501 E/FeatureFlagsImplExport(11354): android.os.flagging.AconfigStorageReadException: ERROR_PACKAGE_NOT_FOUND: package android.xr cannot be found on the device
07-17 17:29:26.511 E/HeatmapThread( 1457): ECT Thread time in milliseconds: 1784294966
07-17 17:29:26.512 E/HeatmapThread( 1457): !@Could not open '/efs/FactoryApp/bsoh', errno = 13
07-17 17:29:26.512 E/HeatmapThread( 1457): !@ CAM Could not access BSOH EFS
07-17 17:29:26.512 E/HeatmapThread( 1457): !@ CAM New BSOH: 0
07-17 17:29:26.517 E/Finsky  ( 4213): [148] [Counters] attempted to use a non-positive increment for: 4753
07-17 17:29:26.786 E/perfmond( 1462): [PERFMOND][BOTTLENECK_HINT]  HINT ON  WIN=20 AVG=10 JANK=0
07-17 17:29:26.786 E/PerfHint( 1462): PerfHint acquire
07-17 17:29:26.809 E/NativeCustomFrequencyManager( 1462): [NativeCFMS] BpCustomFrequencyManager::acquire()
07-17 17:29:26.811 E/PerfHint( 1462): REPORT_BOTTLENECK_HINT_TRANSACTION :: name = perfmond
07-17 17:29:26.831 E/ashmem  (11354): Pinning is deprecated since Android Q. Please use trim or other methods.
07-17 17:29:26.932 E/FeatureFlagsImplExport(11354): android.os.flagging.AconfigStorageReadException: ERROR_PACKAGE_NOT_FOUND: package com.android.settingslib.widget.theme.flags cannot be found on the device
07-17 17:29:27.094 E/lowmemorykiller(  627): process_mrelease 11126 failed: No such process
07-17 17:29:27.167 E/lowmemorykiller(  627): process_mrelease 10624 failed: No such process
07-17 17:29:27.174 E/AuthPII (21171): [RequestTokenManager] getToken() -> BAD_AUTHENTICATION. App: com.google.android.gms, Service: oauth2:https://www.googleapis.com/auth/plus.me
07-17 17:29:27.174 E/AuthPII (21171): bkli: Long live credential not available.
07-17 17:29:27.174 E/AuthPII (21171): 	at aiip.a(:com.google.android.gms@262532035@26.25.32 (260400-944114241):1347)
07-17 17:29:27.174 E/AuthPII (21171): 	at aiiw.b(:com.google.android.gms@262532035@26.25.32 (260400-944114241):26)
07-17 17:29:27.174 E/AuthPII (21171): 	at aiiu.a(:com.google.android.gms@262532035@26.25.32 (260400-944114241):661)
07-17 17:29:27.174 E/AuthPII (21171): 	at ahsg.a(:com.google.android.gms@262532035@26.25.32 (260400-944114241):82)
07-17 17:29:27.174 E/AuthPII (21171): 	at abcj.d(:com.google.android.gms@262532035@26.25.32 (260400-944114241):313)
07-17 17:29:27.174 E/AuthPII (21171): 	at ahke.a(:com.google.android.gms@262532035@26.25.32 (260400-944114241):33)
07-17 17:29:27.174 E/AuthPII (21171): 	at ahkk.s(:com.google.android.gms@262532035@26.25.32 (260400-944114241):34)
07-17 17:29:27.174 E/AuthPII (21171): 	at ahkk.r(:com.google.android.gms@262532035@26.25.32 (260400-944114241):64)
07-17 17:29:27.174 E/AuthPII (21171): 	at ahkk.f(:com.google.android.gms@262532035@26.25.32 (260400-944114241):1)
07-17 17:29:27.174 E/AuthPII (21171): 	at ahkk.j(:com.google.android.gms@262532035@26.25.32 (260400-944114241):4)
07-17 17:29:27.174 E/AuthPII (21171): 	at ahkk.k(:com.google.android.gms@262532035@26.25.32 (260400-944114241):8)
07-17 17:29:27.174 E/AuthPII (21171): 	at ahkk.h(:com.google.android.gms@262532035@26.25.32 (260400-944114241):21)
07-17 17:29:27.174 E/AuthPII (21171): 	at aiaq.d(:com.google.android.gms@262532035@26.25.32 (260400-944114241):51)
07-17 17:29:27.174 E/AuthPII (21171): 	at bjly.b(:com.google.android.gms@262532035@26.25.32 (260400-944114241):72)
07-17 17:29:27.174 E/AuthPII (21171): 	at com.google.android.gms.clearcut.uploader.QosUploaderChimeraService.g(:com.google.android.gms@262532035@26.25.32 (260400-944114241):1563)
07-17 17:29:27.174 E/AuthPII (21171): 	at com.google.android.gms.clearcut.uploader.QosUploaderChimeraService.a(:com.google.android.gms@262532035@26.25.32 (260400-944114241):42)
07-17 17:29:27.174 E/AuthPII (21171): 	at deaa.call(:com.google.android.gms@262532035@26.25.32 (260400-944114241):36)
07-17 17:29:27.174 E/AuthPII (21171): 	at java.util.concurrent.FutureTask.run(FutureTask.java:328)
07-17 17:29:27.174 E/AuthPII (21171): 	at blse.c(:com.google.android.gms@262532035@26.25.32 (260400-944114241):50)
07-17 17:29:27.174 E/AuthPII (21171): 	at blse.run(:com.google.android.gms@262532035@26.25.32 (260400-944114241):66)
07-17 17:29:27.174 E/AuthPII (21171): 	at java.util.concurrent.ThreadPoolExecutor.runWorker(ThreadPoolExecutor.java:1100)
07-17 17:29:27.174 E/AuthPII (21171): 	at java.util.concurrent.ThreadPoolExecutor$Worker.run(ThreadPoolExecutor.java:624)
07-17 17:29:27.174 E/AuthPII (21171): 	at blxx.run(:com.google.android.gms@262532035@26.25.32 (260400-944114241):8)
07-17 17:29:27.174 E/AuthPII (21171): 	at java.lang.Thread.run(Thread.java:1572)
07-17 17:29:27.180 E/AuthPII (21171): Message is Long live credential not available.
07-17 17:29:27.180 E/AuthPII (21171): bkli: Long live credential not available.
07-17 17:29:27.180 E/AuthPII (21171): 	at aiip.a(:com.google.android.gms@262532035@26.25.32 (260400-944114241):1347)
07-17 17:29:27.180 E/AuthPII (21171): 	at aiiw.b(:com.google.android.gms@262532035@26.25.32 (260400-944114241):26)
07-17 17:29:27.180 E/AuthPII (21171): 	at aiiu.a(:com.google.android.gms@262532035@26.25.32 (260400-944114241):661)
07-17 17:29:27.180 E/AuthPII (21171): 	at ahsg.a(:com.google.android.gms@262532035@26.25.32 (260400-944114241):82)
07-17 17:29:27.180 E/AuthPII (21171): 	at abcj.d(:com.google.android.gms@262532035@26.25.32 (260400-944114241):313)
07-17 17:29:27.180 E/AuthPII (21171): 	at ahke.a(:com.google.android.gms@262532035@26.25.32 (260400-944114241):33)
07-17 17:29:27.180 E/AuthPII (21171): 	at ahkk.s(:com.google.android.gms@262532035@26.25.32 (260400-944114241):34)
07-17 17:29:27.180 E/AuthPII (21171): 	at ahkk.r(:com.google.android.gms@262532035@26.25.32 (260400-944114241):64)
07-17 17:29:27.180 E/AuthPII (21171): 	at ahkk.f(:com.google.android.gms@262532035@26.25.32 (260400-944114241):1)
07-17 17:29:27.180 E/AuthPII (21171): 	at ahkk.j(:com.google.android.gms@262532035@26.25.32 (260400-944114241):4)
07-17 17:29:27.180 E/AuthPII (21171): 	at ahkk.k(:com.google.android.gms@262532035@26.25.32 (260400-944114241):8)
07-17 17:29:27.180 E/AuthPII (21171): 	at ahkk.h(:com.google.android.gms@262532035@26.25.32 (260400-944114241):21)
07-17 17:29:27.180 E/AuthPII (21171): 	at aiaq.d(:com.google.android.gms@262532035@26.25.32 (260400-944114241):51)
07-17 17:29:27.180 E/AuthPII (21171): 	at bjly.b(:com.google.android.gms@262532035@26.25.32 (260400-944114241):72)
07-17 17:29:27.180 E/AuthPII (21171): 	at com.google.android.gms.clearcut.uploader.QosUploaderChimeraService.g(:com.google.android.gms@262532035@26.25.32 (260400-944114241):1563)
07-17 17:29:27.180 E/AuthPII (21171): 	at com.google.android.gms.clearcut.uploader.QosUploaderChimeraService.a(:com.google.android.gms@262532035@26.25.32 (260400-944114241):42)
07-17 17:29:27.180 E/AuthPII (21171): 	at deaa.call(:com.google.android.gms@262532035@26.25.32 (260400-944114241):36)
07-17 17:29:27.180 E/AuthPII (21171): 	at java.util.concurrent.FutureTask.run(FutureTask.java:328)
07-17 17:29:27.180 E/AuthPII (21171): 	at blse.c(:com.google.android.gms@262532035@26.25.32 (260400-944114241):50)
07-17 17:29:27.180 E/AuthPII (21171): 	at blse.run(:com.google.android.gms@262532035@26.25.32 (260400-944114241):66)
07-17 17:29:27.180 E/AuthPII (21171): 	at java.util.concurrent.ThreadPoolExecutor.runWorker(ThreadPoolExecutor.java:1100)
07-17 17:29:27.180 E/AuthPII (21171): 	at java.util.concurrent.ThreadPoolExecutor$Worker.run(ThreadPoolExecutor.java:624)
07-17 17:29:27.180 E/AuthPII (21171): 	at blxx.run(:com.google.android.gms@262532035@26.25.32 (260400-944114241):8)
07-17 17:29:27.180 E/AuthPII (21171): 	at java.lang.Thread.run(Thread.java:1572)
07-17 17:29:27.187 E/AuthPII (21171): [RequestTokenManager] getToken() -> BAD_AUTHENTICATION. App: com.google.android.gms, Service: oauth2:https://www.googleapis.com/auth/userinfo.email https://www.googleapis.com/auth/account.capabilities https://www.googleapis.com/auth/account.service_flags
07-17 17:29:27.187 E/AuthPII (21171): bkli: Long live credential not available.
07-17 17:29:27.187 E/AuthPII (21171): 	at aiip.a(:com.google.android.gms@262532035@26.25.32 (260400-944114241):1347)
07-17 17:29:27.187 E/AuthPII (21171): 	at aiiw.b(:com.google.android.gms@262532035@26.25.32 (260400-944114241):26)
07-17 17:29:27.187 E/AuthPII (21171): 	at aiiu.a(:com.google.android.gms@262532035@26.25.32 (260400-944114241):661)
07-17 17:29:27.187 E/AuthPII (21171): 	at ahsm.a(:com.google.android.gms@262532035@26.25.32 (260400-944114241):55)
07-17 17:29:27.187 E/AuthPII (21171): 	at ahsm.h(:com.google.android.gms@262532035@26.25.32 (260400-944114241):108)
07-17 17:29:27.187 E/AuthPII (21171): 	at ahsm.b(:com.google.android.gms@262532035@26.25.32 (260400-944114241):817)
07-17 17:29:27.187 E/AuthPII (21171): 	at ahsm.c(:com.google.android.gms@262532035@26.25.32 (260400-944114241):5)
07-17 17:29:27.187 E/AuthPII (21171): 	at abcj.d(:com.google.android.gms@262532035@26.25.32 (260400-944114241):459)
07-17 17:29:27.187 E/AuthPII (21171): 	at ahke.a(:com.google.android.gms@262532035@26.25.32 (260400-944114241):33)
07-17 17:29:27.187 E/AuthPII (21171): 	at ahkk.s(:com.google.android.gms@262532035@26.25.32 (260400-944114241):34)
07-17 17:29:27.187 E/AuthPII (21171): 	at ahkk.r(:com.google.android.gms@262532035@26.25.32 (260400-944114241):64)
07-17 17:29:27.187 E/AuthPII (21171): 	at ahkk.f(:com.google.android.gms@262532035@26.25.32 (260400-944114241):1)
07-17 17:29:27.187 E/AuthPII (21171): 	at ahkk.j(:com.google.android.gms@262532035@26.25.32 (260400-944114241):4)
07-17 17:29:27.187 E/AuthPII (21171): 	at ahkk.k(:com.google.android.gms@262532035@26.25.32 (260400-944114241):8)
07-17 17:29:27.187 E/AuthPII (21171): 	at ahkk.h(:com.google.android.gms@262532035@26.25.32 (260400-944114241):21)
07-17 17:29:27.187 E/AuthPII (21171): 	at aiaq.d(:com.google.android.gms@262532035@26.25.32 (260400-944114241):51)
07-17 17:29:27.187 E/AuthPII (21171): 	at bjly.b(:com.google.android.gms@262532035@26.25.32 (260400-944114241):72)
07-17 17:29:27.187 E/AuthPII (21171): 	at com.google.android.gms.clearcut.uploader.QosUploaderChimeraService.g(:com.google.android.gms@262532035@26.25.32 (260400-944114241):1563)
07-17 17:29:27.187 E/AuthPII (21171): 	at com.google.android.gms.clearcut.uploader.QosUploaderChimeraService.a(:com.google.android.gms@262532035@26.25.32 (260400-944114241):42)
07-17 17:29:27.187 E/AuthPII (21171): 	at deaa.call(:com.google.android.gms@262532035@26.25.32 (260400-944114241):36)
07-17 17:29:27.187 E/AuthPII (21171): 	at java.util.concurrent.FutureTask.run(FutureTask.java:328)
07-17 17:29:27.187 E/AuthPII (21171): 	at blse.c(:com.google.android.gms@262532035@26.25.32 (260400-944114241):50)
07-17 17:29:27.187 E/AuthPII (21171): 	at blse.run(:com.google.android.gms@262532035@26.25.32 (260400-944114241):66)
07-17 17:29:27.187 E/AuthPII (21171): 	at java.util.concurrent.ThreadPoolExecutor.runWorker(ThreadPoolExecutor.java:1100)
07-17 17:29:27.187 E/AuthPII (21171): 	at java.util.concurrent.ThreadPoolExecutor$Worker.run(ThreadPoolExecutor.java:624)
07-17 17:29:27.187 E/AuthPII (21171): 	at blxx.run(:com.google.android.gms@262532035@26.25.32 (260400-944114241):8)
07-17 17:29:27.187 E/AuthPII (21171): 	at java.lang.Thread.run(Thread.java:1572)
07-17 17:29:27.187 E/AuthPII (21171): Message is Long live credential not available.
07-17 17:29:27.187 E/AuthPII (21171): bkli: Long live credential not available.
07-17 17:29:27.187 E/AuthPII (21171): 	at aiip.a(:com.google.android.gms@262532035@26.25.32 (260400-944114241):1347)
07-17 17:29:27.187 E/AuthPII (21171): 	at aiiw.b(:com.google.android.gms@262532035@26.25.32 (260400-944114241):26)
07-17 17:29:27.187 E/AuthPII (21171): 	at aiiu.a(:com.google.android.gms@262532035@26.25.32 (260400-944114241):661)
07-17 17:29:27.187 E/AuthPII (21171): 	at ahsm.a(:com.google.android.gms@262532035@26.25.32 (260400-944114241):55)
07-17 17:29:27.187 E/AuthPII (21171): 	at ahsm.h(:com.google.android.gms@262532035@26.25.32 (260400-944114241):108)
07-17 17:29:27.187 E/AuthPII (21171): 	at ahsm.b(:com.google.android.gms@262532035@26.25.32 (260400-944114241):817)
07-17 17:29:27.187 E/AuthPII (21171): 	at ahsm.c(:com.google.android.gms@262532035@26.25.32 (260400-944114241):5)
07-17 17:29:27.187 E/AuthPII (21171): 	at abcj.d(:com.google.android.gms@262532035@26.25.32 (260400-944114241):459)
07-17 17:29:27.187 E/AuthPII (21171): 	at ahke.a(:com.google.android.gms@262532035@26.25.32 (260400-944114241):33)
07-17 17:29:27.187 E/AuthPII (21171): 	at ahkk.s(:com.google.android.gms@262532035@26.25.32 (260400-944114241):34)
07-17 17:29:27.187 E/AuthPII (21171): 	at ahkk.r(:com.google.android.gms@262532035@26.25.32 (260400-944114241):64)
07-17 17:29:27.187 E/AuthPII (21171): 	at ahkk.f(:com.google.android.gms@262532035@26.25.32 (260400-944114241):1)
07-17 17:29:27.187 E/AuthPII (21171): 	at ahkk.j(:com.google.android.gms@262532035@26.25.32 (260400-944114241):4)
07-17 17:29:27.187 E/AuthPII (21171): 	at ahkk.k(:com.google.android.gms@262532035@26.25.32 (260400-944114241):8)
07-17 17:29:27.187 E/AuthPII (21171): 	at ahkk.h(:com.google.android.gms@262532035@26.25.32 (260400-944114241):21)
07-17 17:29:27.187 E/AuthPII (21171): 	at aiaq.d(:com.google.android.gms@262532035@26.25.32 (260400-944114241):51)
07-17 17:29:27.187 E/AuthPII (21171): 	at bjly.b(:com.google.android.gms@262532035@26.25.32 (260400-944114241):72)
07-17 17:29:27.187 E/AuthPII (21171): 	at com.google.android.gms.clearcut.uploader.QosUploaderChimeraService.g(:com.google.android.gms@262532035@26.25.32 (260400-944114241):1563)
07-17 17:29:27.187 E/AuthPII (21171): 	at com.google.android.gms.clearcut.uploader.QosUploaderChimeraService.a(:com.google.android.gms@262532035@26.25.32 (260400-944114241):42)
07-17 17:29:27.187 E/AuthPII (21171): 	at deaa.call(:com.google.android.gms@262532035@26.25.32 (260400-944114241):36)
07-17 17:29:27.187 E/AuthPII (21171): 	at java.util.concurrent.FutureTask.run(FutureTask.java:328)
07-17 17:29:27.187 E/AuthPII (21171): 	at blse.c(:com.google.android.gms@262532035@26.25.32 (260400-944114241):50)
07-17 17:29:27.187 E/AuthPII (21171): 	at blse.run(:com.google.android.gms@262532035@26.25.32 (260400-944114241):66)
07-17 17:29:27.187 E/AuthPII (21171): 	at java.util.concurrent.ThreadPoolExecutor.runWorker(ThreadPoolExecutor.java:1100)
07-17 17:29:27.187 E/AuthPII (21171): 	at java.util.concurrent.ThreadPoolExecutor$Worker.run(ThreadPoolExecutor.java:624)
07-17 17:29:27.187 E/AuthPII (21171): 	at blxx.run(:com.google.android.gms@262532035@26.25.32 (260400-944114241):8)
07-17 17:29:27.187 E/AuthPII (21171): 	at java.lang.Thread.run(Thread.java:1572)
--------- beginning of system
07-17 17:29:27.286 E/keystore2(  688): system/security/keystore2/src/error.rs:185 - Rc(r#KEY_NOT_FOUND), "system/security/keystore2/src/service.rs:401: In delete_key: Trying to unbind the key. 15010222, Some(\"unstable.c7202ece89390c490b1b94d5b71225e1.B-8625720129927228671\")"
07-17 17:29:27.386 E/ThermalManagerService$ThermalHalWrapper( 1740): Couldn't get cooling device because of HAL error: no cooling device for cooling type 0
07-17 17:29:27.388 E/ThermalManagerService$ThermalHalWrapper( 1740): Couldn't get temperature thresholds because of HAL error: no threshold data for temperature type 0
07-17 17:29:27.389 E/AppOps  ( 1740): Bad call made by uid 1000. Package "com.google.android.apps.photos" does not belong to uid 1000.
07-17 17:29:27.397 E/lowmemorykiller(  627): process_mrelease 11227 failed: No such process
07-17 17:29:27.492 E/Mocca_MoccaSystemService( 1740): (1.1.04.1)BinderDeadEvent received
07-17 17:29:27.511 E/HeatmapThread( 1457): ECT Thread time in milliseconds: 1784294967
07-17 17:29:27.512 E/HeatmapThread( 1457): !@Could not open '/efs/FactoryApp/bsoh', errno = 13
07-17 17:29:27.512 E/HeatmapThread( 1457): !@ CAM Could not access BSOH EFS
07-17 17:29:27.512 E/HeatmapThread( 1457): !@ CAM New BSOH: 0
07-17 17:29:27.524 E/pageboostd( 3230): Received HALT command code 2
07-17 17:29:27.531 E/SurfaceFlinger( 1465): alpha changed 1.000 -> 0.000 - ActivityRecord{127105838 u0 com.google.android.permissioncontroller/com.android.permissioncontroller.permission.ui.GrantPermissionsActivity t18867}#29670
07-17 17:29:27.531 E/SurfaceFlinger( 1465): alpha changed 0.000 -> 1.000 - ActivityRecord{127105838 u0 com.google.android.permissioncontroller/com.android.permissioncontroller.permission.ui.GrantPermissionsActivity t18867}#29670
07-17 17:29:27.552 E/Mocca_MoccaSystemService( 1740): (1.1.04.1)BinderDeadEvent received
07-17 17:29:27.615 E/AuthPII (21171): [RequestTokenManager] getToken() -> BAD_AUTHENTICATION. App: com.google.android.gms, Service: oauth2:https://www.googleapis.com/auth/cclog
07-17 17:29:27.615 E/AuthPII (21171): bkli: Long live credential not available.
07-17 17:29:27.615 E/AuthPII (21171): 	at aiip.a(:com.google.android.gms@262532035@26.25.32 (260400-944114241):1347)
07-17 17:29:27.615 E/AuthPII (21171): 	at aiiw.b(:com.google.android.gms@262532035@26.25.32 (260400-944114241):26)
07-17 17:29:27.615 E/AuthPII (21171): 	at aiiu.a(:com.google.android.gms@262532035@26.25.32 (260400-944114241):661)
07-17 17:29:27.615 E/AuthPII (21171): 	at aiit.b(:com.google.android.gms@262532035@26.25.32 (260400-944114241):151)
07-17 17:29:27.615 E/AuthPII (21171): 	at ahwy.a(:com.google.android.gms@262532035@26.25.32 (260400-944114241):328)
07-17 17:29:27.615 E/AuthPII (21171): 	at ahrx.f(:com.google.android.gms@262532035@26.25.32 (260400-944114241):24)
07-17 17:29:27.615 E/AuthPII (21171): 	at dchh.fH(:com.google.android.gms@262532035@26.25.32 (260400-944114241):1)
07-17 17:29:27.615 E/AuthPII (21171): 	at dchs.run(:com.google.android.gms@262532035@26.25.32 (260400-944114241):121)
07-17 17:29:27.615 E/AuthPII (21171): 	at hign.run(:com.google.android.gms@262532035@26.25.32 (260400-944114241):23)
07-17 17:29:27.615 E/AuthPII (21171): 	at blse.c(:com.google.android.gms@262532035@26.25.32 (260400-944114241):50)
07-17 17:29:27.615 E/AuthPII (21171): 	at blse.run(:com.google.android.gms@262532035@26.25.32 (260400-944114241):66)
07-17 17:29:27.615 E/AuthPII (21171): 	at java.util.concurrent.ThreadPoolExecutor.runWorker(ThreadPoolExecutor.java:1100)
07-17 17:29:27.615 E/AuthPII (21171): 	at java.util.concurrent.ThreadPoolExecutor$Worker.run(ThreadPoolExecutor.java:624)
07-17 17:29:27.615 E/AuthPII (21171): 	at blxx.run(:com.google.android.gms@262532035@26.25.32 (260400-944114241):8)
07-17 17:29:27.615 E/AuthPII (21171): 	at java.lang.Thread.run(Thread.java:1572)
07-17 17:29:27.615 E/AuthPII (21171): Message is Long live credential not available.
07-17 17:29:27.615 E/AuthPII (21171): bkli: Long live credential not available.
07-17 17:29:27.615 E/AuthPII (21171): 	at aiip.a(:com.google.android.gms@262532035@26.25.32 (260400-944114241):1347)
07-17 17:29:27.615 E/AuthPII (21171): 	at aiiw.b(:com.google.android.gms@262532035@26.25.32 (260400-944114241):26)
07-17 17:29:27.615 E/AuthPII (21171): 	at aiiu.a(:com.google.android.gms@262532035@26.25.32 (260400-944114241):661)
07-17 17:29:27.615 E/AuthPII (21171): 	at aiit.b(:com.google.android.gms@262532035@26.25.32 (260400-944114241):151)
07-17 17:29:27.615 E/AuthPII (21171): 	at ahwy.a(:com.google.android.gms@262532035@26.25.32 (260400-944114241):328)
07-17 17:29:27.615 E/AuthPII (21171): 	at ahrx.f(:com.google.android.gms@262532035@26.25.32 (260400-944114241):24)
07-17 17:29:27.615 E/AuthPII (21171): 	at dchh.fH(:com.google.android.gms@262532035@26.25.32 (260400-944114241):1)
07-17 17:29:27.615 E/AuthPII (21171): 	at dchs.run(:com.google.android.gms@262532035@26.25.32 (260400-944114241):121)
07-17 17:29:27.615 E/AuthPII (21171): 	at hign.run(:com.google.android.gms@262532035@26.25.32 (260400-944114241):23)
07-17 17:29:27.615 E/AuthPII (21171): 	at blse.c(:com.google.android.gms@262532035@26.25.32 (260400-944114241):50)
07-17 17:29:27.615 E/AuthPII (21171): 	at blse.run(:com.google.android.gms@262532035@26.25.32 (260400-944114241):66)
07-17 17:29:27.615 E/AuthPII (21171): 	at java.util.concurrent.ThreadPoolExecutor.runWorker(ThreadPoolExecutor.java:1100)
07-17 17:29:27.615 E/AuthPII (21171): 	at java.util.concurrent.ThreadPoolExecutor$Worker.run(ThreadPoolExecutor.java:624)
07-17 17:29:27.615 E/AuthPII (21171): 	at blxx.run(:com.google.android.gms@262532035@26.25.32 (260400-944114241):8)
07-17 17:29:27.615 E/AuthPII (21171): 	at java.lang.Thread.run(Thread.java:1572)
07-17 17:29:27.620 E/WindowManager( 8682): android.view.WindowLeaked: Activity com.android.packageinstaller.InstallSuccess has leaked window com.android.internal.policy.DecorView{4abade1 V.E...... R.....ID 0,0-1068,551}[InstallSuccess] that was originally added here
07-17 17:29:27.620 E/WindowManager( 8682): 	at android.view.ViewRootImpl.<init>(ViewRootImpl.java:1523)
07-17 17:29:27.620 E/WindowManager( 8682): 	at android.view.ViewRootImpl.<init>(ViewRootImpl.java:1498)
07-17 17:29:27.620 E/WindowManager( 8682): 	at android.view.WindowManagerGlobal.addView(WindowManagerGlobal.java:578)
07-17 17:29:27.620 E/WindowManager( 8682): 	at android.view.WindowManagerImpl.addView(WindowManagerImpl.java:158)
07-17 17:29:27.620 E/WindowManager( 8682): 	at android.app.Dialog.show(Dialog.java:540)
07-17 17:29:27.620 E/WindowManager( 8682): 	at com.android.packageinstaller.InstallSuccess.bindUi(InstallSuccess.java:109)
07-17 17:29:27.620 E/WindowManager( 8682): 	at com.android.packageinstaller.InstallSuccess.onCreate(InstallSuccess.java:75)
07-17 17:29:27.620 E/WindowManager( 8682): 	at android.app.Activity.performCreate(Activity.java:9519)
07-17 17:29:27.620 E/WindowManager( 8682): 	at android.app.Activity.performCreate(Activity.java:9488)
07-17 17:29:27.620 E/WindowManager( 8682): 	at android.app.Instrumentation.callActivityOnCreate(Instrumentation.java:1524)
07-17 17:29:27.620 E/WindowManager( 8682): 	at android.app.ActivityThread.performLaunchActivity(ActivityThread.java:4692)
07-17 17:29:27.620 E/WindowManager( 8682): 	at android.app.ActivityThread.handleLaunchActivity(ActivityThread.java:4941)
07-17 17:29:27.620 E/WindowManager( 8682): 	at android.app.servertransaction.LaunchActivityItem.execute(LaunchActivityItem.java:222)
07-17 17:29:27.620 E/WindowManager( 8682): 	at android.app.servertransaction.TransactionExecutor.executeNonLifecycleItem(TransactionExecutor.java:133)
07-17 17:29:27.620 E/WindowManager( 8682): 	at android.app.servertransaction.TransactionExecutor.executeTransactionItems(TransactionExecutor.java:103)
07-17 17:29:27.620 E/WindowManager( 8682): 	at android.app.servertransaction.TransactionExecutor.execute(TransactionExecutor.java:80)
07-17 17:29:27.620 E/WindowManager( 8682): 	at android.app.ActivityThread$H.handleMessage(ActivityThread.java:3150)
07-17 17:29:27.620 E/WindowManager( 8682): 	at android.os.Handler.dispatchMessage(Handler.java:110)
07-17 17:29:27.620 E/WindowManager( 8682): 	at android.os.Looper.loopOnce(Looper.java:273)
07-17 17:29:27.620 E/WindowManager( 8682): 	at android.os.Looper.loop(Looper.java:363)
07-17 17:29:27.620 E/WindowManager( 8682): 	at android.app.ActivityThread.main(ActivityThread.java:10060)
07-17 17:29:27.620 E/WindowManager( 8682): 	at java.lang.reflect.Method.invoke(Native Method)
07-17 17:29:27.620 E/WindowManager( 8682): 	at com.android.internal.os.RuntimeInit$MethodAndArgsCaller.run(RuntimeInit.java:632)
07-17 17:29:27.620 E/WindowManager( 8682): 	at com.android.internal.os.ZygoteInit.main(ZygoteInit.java:975)
07-17 17:29:27.621 E/WindowManager( 8682): android.view.WindowLeaked: Activity com.android.packageinstaller.InstallSuccess has leaked window com.android.internal.policy.DecorView{67e8a25 V.E...... R.....ID 0,0-1068,551}[InstallSuccess] that was originally added here
07-17 17:29:27.621 E/WindowManager( 8682): 	at android.view.ViewRootImpl.<init>(ViewRootImpl.java:1523)
07-17 17:29:27.621 E/WindowManager( 8682): 	at android.view.ViewRootImpl.<init>(ViewRootImpl.java:1498)
07-17 17:29:27.621 E/WindowManager( 8682): 	at android.view.WindowManagerGlobal.addView(WindowManagerGlobal.java:578)
07-17 17:29:27.621 E/WindowManager( 8682): 	at android.view.WindowManagerImpl.addView(WindowManagerImpl.java:158)
07-17 17:29:27.621 E/WindowManager( 8682): 	at android.app.Dialog.show(Dialog.java:540)
07-17 17:29:27.621 E/WindowManager( 8682): 	at com.android.packageinstaller.InstallSuccess.bindUi(InstallSuccess.java:109)
07-17 17:29:27.621 E/WindowManager( 8682): 	at com.android.packageinstaller.InstallSuccess.onResume(InstallSuccess.java:82)
07-17 17:29:27.621 E/WindowManager( 8682): 	at android.app.Instrumentation.callActivityOnResume(Instrumentation.java:1720)
07-17 17:29:27.621 E/WindowManager( 8682): 	at android.app.Activity.performResume(Activity.java:9691)
07-17 17:29:27.621 E/WindowManager( 8682): 	at android.app.ActivityThread.performResumeActivity(ActivityThread.java:6239)
07-17 17:29:27.621 E/WindowManager( 8682): 	at android.app.ActivityThread.handleResumeActivity(ActivityThread.java:6342)
07-17 17:29:27.621 E/WindowManager( 8682): 	at android.app.servertransaction.ResumeActivityItem.execute(ResumeActivityItem.java:73)
07-17 17:29:27.621 E/WindowManager( 8682): 	at android.app.servertransaction.ActivityTransactionItem.execute(ActivityTransactionItem.java:63)
07-17 17:29:27.621 E/WindowManager( 8682): 	at android.app.servertransaction.TransactionExecutor.executeLifecycleItem(TransactionExecutor.java:169)
07-17 17:29:27.621 E/WindowManager( 8682): 	at android.app.servertransaction.TransactionExecutor.executeTransactionItems(TransactionExecutor.java:101)
07-17 17:29:27.621 E/WindowManager( 8682): 	at android.app.servertransaction.TransactionExecutor.execute(TransactionExecutor.java:80)
07-17 17:29:27.621 E/WindowManager( 8682): 	at android.app.ActivityThread$H.handleMessage(ActivityThread.java:3150)
07-17 17:29:27.621 E/WindowManager( 8682): 	at android.os.Handler.dispatchMessage(Handler.java:110)
07-17 17:29:27.621 E/WindowManager( 8682): 	at android.os.Looper.loopOnce(Looper.java:273)
07-17 17:29:27.621 E/WindowManager( 8682): 	at android.os.Looper.loop(Looper.java:363)
07-17 17:29:27.621 E/WindowManager( 8682): 	at android.app.ActivityThread.main(ActivityThread.java:10060)
07-17 17:29:27.621 E/WindowManager( 8682): 	at java.lang.reflect.Method.invoke(Native Method)
07-17 17:29:27.621 E/WindowManager( 8682): 	at com.android.internal.os.RuntimeInit$MethodAndArgsCaller.run(RuntimeInit.java:632)
07-17 17:29:27.621 E/WindowManager( 8682): 	at com.android.internal.os.ZygoteInit.main(ZygoteInit.java:975)
07-17 17:29:27.629 E/Routine@Core[4.9.04.13]: AppFunctionsSchemaMetadataConverter( 9988): isSupportedMetadata: not supported schema. name=showTimer
07-17 17:29:27.639 E/Routine@Core[4.9.04.13]: AppFunctionsSchemaMetadataConverter( 9988): isSupportedMetadata: not supported schema. name=createTimers
07-17 17:29:27.700 E/WindowManager( 1740): win=Window{9c0d28b u0 com.google.android.packageinstaller/com.android.packageinstaller.DeleteStagedFileOnResult} destroySurfaces: appStopped=true cleanupOnResume=false win.mWindowRemovalAllowed=false win.mRemoveOnExit=false win.mViewVisibility=8 caller=com.android.server.wm.ActivityRecord.destroySurfaces:25 com.android.server.wm.ActivityRecord.activityStopped:192 com.android.server.wm.ActivityClientController.activityStopped:97 android.app.IActivityClientController$Stub.onTransact:740 com.android.server.wm.ActivityClientController.onTransact:1 android.os.Binder.execTransactInternal:1462 android.os.Binder.execTransact:1401 
07-17 17:29:27.700 E/Routine@Core[4.9.04.13]: AppFunctionsSchemaMetadataConverter( 9988): isSupportedMetadata: not supported schema. name=createAlarms
07-17 17:29:27.710 E/Routine@Core[4.9.04.13]: AppFunctionsSchemaMetadataConverter( 9988): isSupportedMetadata: not supported schema. name=getTimers
07-17 17:29:27.776 E/Routine@Core[4.9.04.13]: AppFunctionsSchemaMetadataConverter( 9988): isSupportedMetadata: not supported schema. name=deleteTasks
07-17 17:29:27.785 E/Routine@Core[4.9.04.13]: AppFunctionsSchemaMetadataConverter( 9988): isSupportedMetadata: not supported schema. name=findTimers
07-17 17:29:27.820 E/Routine@Core[4.9.04.13]: AppFunctionsSchemaMetadataConverter( 9988): isSupportedMetadata: not supported schema. name=showStopwatch
07-17 17:29:27.836 E/Routine@Core[4.9.04.13]: AppFunctionsSchemaMetadataConverter( 9988): isSupportedMetadata: not supported schema. name=deleteAlarms
07-17 17:29:27.839 E/PerfHint( 1462): PerfHint release
07-17 17:29:27.849 E/Routine@Core[4.9.04.13]: AppFunctionsSchemaMetadataConverter( 9988): isSupportedMetadata: not supported schema. name=getAlarms
07-17 17:29:27.853 E/NativeCustomFrequencyManager( 1462): [NativeCFMS] BpCustomFrequencyManager::release()
07-17 17:29:27.853 E/perfmond( 1462): [PERFMOND][BOTTLENECK_HINT]  HINT OFF  WIN=0 AVG=15
07-17 17:29:27.858 E/Routine@Core[4.9.04.13]: AppFunctionsSchemaMetadataConverter( 9988): isSupportedMetadata: not supported schema. name=createTimer
07-17 17:29:27.863 E/Routine@Core[4.9.04.13]: AppFunctionsSchemaMetadataConverter( 9988): isSupportedMetadata: not supported schema. name=updateTimer
07-17 17:29:27.870 E/Routine@Core[4.9.04.13]: AppFunctionsSchemaMetadataConverter( 9988): isSupportedMetadata: not supported schema. name=deleteTimers
07-17 17:29:27.895 E/Routine@Core[4.9.04.13]: AppFunctionsSchemaMetadataConverter( 9988): isSupportedMetadata: not supported schema. name=showAlarm
07-17 17:29:27.903 E/Routine@Core[4.9.04.13]: AppFunctionsSchemaMetadataConverter( 9988): isSupportedMetadata: not supported schema. name=createTaskCategory
07-17 17:29:27.918 E/Routine@Core[4.9.04.13]: AppFunctionsSchemaMetadataFactory( 9988): getMetadata: AppFunction not supported category. category=nearby_sharing
07-17 17:29:27.919 E/Routine@Core[4.9.04.13]: AppFunctionsSchemaMetadataConverter( 9988): isSupportedMetadata: not supported schema. name=shareFilesToNearbyDevice
07-17 17:29:27.927 E/Routine@Core[4.9.04.13]: AppFunctionsSchemaMetadataFactory( 9988): getMetadata: AppFunction not supported category. category=nearby_sharing
07-17 17:29:27.927 E/Routine@Core[4.9.04.13]: AppFunctionsSchemaMetadataConverter( 9988): isSupportedMetadata: not supported schema. name=findNearbyDevices
07-17 17:29:27.933 E/Routine@Core[4.9.04.13]: AppFunctionsSchemaMetadataConverter( 9988): isSupportedMetadata: not supported schema. name=showCallRecord
07-17 17:29:27.940 E/Routine@Core[4.9.04.13]: AppFunctionsSchemaMetadataFactory( 9988): getMetadata: AppFunction not supported category. category=persons
07-17 17:29:27.940 E/Routine@Core[4.9.04.13]: AppFunctionsSchemaMetadataConverter( 9988): isSupportedMetadata: not supported schema. name=getPersons
07-17 17:29:27.947 E/Routine@Core[4.9.04.13]: AppFunctionsSchemaMetadataConverter( 9988): isSupportedMetadata: not supported schema. name=makeCall
07-17 17:29:27.956 E/Routine@Core[4.9.04.13]: AppFunctionsSchemaMetadataConverter( 9988): isSupportedMetadata: not supported schema. name=deleteCallRecords
07-17 17:29:27.962 E/Routine@Core[4.9.04.13]: AppFunctionsSchemaMetadataFactory( 9988): getMetadata: AppFunction not supported category. category=persons
07-17 17:29:27.962 E/Routine@Core[4.9.04.13]: AppFunctionsSchemaMetadataConverter( 9988): isSupportedMetadata: not supported schema. name=findPersons
07-17 17:29:27.967 E/Routine@Core[4.9.04.13]: AppFunctionsSchemaMetadataConverter( 9988): isSupportedMetadata: not supported schema. name=addToBlocklist
07-17 17:29:27.974 E/Routine@Core[4.9.04.13]: AppFunctionsSchemaMetadataConverter( 9988): isSupportedMetadata: not supported schema. name=findCallRecords
07-17 17:29:27.981 E/Routine@Core[4.9.04.13]: AppFunctionsSchemaMetadataConverter( 9988): isSupportedMetadata: not supported schema. name=setMediaItemFilter
07-17 17:29:27.990 E/Routine@Core[4.9.04.13]: AppFunctionsSchemaMetadataConverter( 9988): isSupportedMetadata: not supported schema. name=showMediaItemStraightenEditor
07-17 17:29:27.999 E/Routine@Core[4.9.04.13]: AppFunctionsSchemaMetadataConverter( 9988): isSupportedMetadata: not supported schema. name=showMediaItemFilterEditor
07-17 17:29:28.005 E/Routine@Core[4.9.04.13]: AppFunctionsSchemaMetadataConverter( 9988): isSupportedMetadata: not supported schema. name=straightenMediaItem
07-17 17:29:28.019 E/Routine@Core[4.9.04.13]: AppFunctionsSchemaMetadataConverter( 9988): isSupportedMetadata: not supported schema. name=showFile
07-17 17:29:28.029 E/Routine@Core[4.9.04.13]: AppFunctionsSchemaMetadataConverter( 9988): isSupportedMetadata: not supported schema. name=findFiles
07-17 17:29:28.044 E/Routine@Core[4.9.04.13]: AppFunctionsSchemaMetadataConverter( 9988): isSupportedMetadata: not supported schema. name=showTaskCategory
07-17 17:29:28.066 E/SurfaceFlinger( 1465): alpha changed 1.000 -> 0.000 - Surface(name=74b47cf InputMethod)/@0x9ed1065 - animation-leash of insets_animation#29678
07-17 17:29:28.068 E/Routine@Core[4.9.04.13]: AppFunctionsSchemaMetadataConverter( 9988): isSupportedMetadata: not supported schema. name=getTasks
07-17 17:29:28.095 E/Routine@Core[4.9.04.13]: AppFunctionsSchemaMetadataConverter( 9988): isSupportedMetadata: not supported schema. name=deleteTaskCategories
07-17 17:29:28.110 E/Routine@Core[4.9.04.13]: AppFunctionsSchemaMetadataConverter( 9988): isSupportedMetadata: not supported schema. name=updateTaskCategory
07-17 17:29:28.118 E/Routine@Core[4.9.04.13]: AppFunctionsSchemaMetadataConverter( 9988): isSupportedMetadata: not supported schema. name=findTaskCategories
07-17 17:29:28.140 E/Routine@Core[4.9.04.13]: AppFunctionsSchemaMetadataFactory( 9988): getMetadata: AppFunction not supported category. category=persons
07-17 17:29:28.140 E/Routine@Core[4.9.04.13]: AppFunctionsSchemaMetadataConverter( 9988): isSupportedMetadata: not supported schema. name=findPersons
07-17 17:29:28.147 E/Routine@Core[4.9.04.13]: AppFunctionsSchemaMetadataFactory( 9988): getMetadata: AppFunction not supported category. category=persons
07-17 17:29:28.147 E/Routine@Core[4.9.04.13]: AppFunctionsSchemaMetadataConverter( 9988): isSupportedMetadata: not supported schema. name=updatePerson
07-17 17:29:28.155 E/Routine@Core[4.9.04.13]: AppFunctionsSchemaMetadataFactory( 9988): getMetadata: AppFunction not supported category. category=persons
07-17 17:29:28.155 E/Routine@Core[4.9.04.13]: AppFunctionsSchemaMetadataConverter( 9988): isSupportedMetadata: not supported schema. name=deletePersons
07-17 17:29:28.159 E/Routine@Core[4.9.04.13]: AppFunctionsSchemaMetadataFactory( 9988): getMetadata: AppFunction not supported category. category=persons
07-17 17:29:28.159 E/Routine@Core[4.9.04.13]: AppFunctionsSchemaMetadataConverter( 9988): isSupportedMetadata: not supported schema. name=showPerson
07-17 17:29:28.166 E/Routine@Core[4.9.04.13]: AppFunctionsSchemaMetadataFactory( 9988): getMetadata: AppFunction not supported category. category=persons
07-17 17:29:28.166 E/Routine@Core[4.9.04.13]: AppFunctionsSchemaMetadataConverter( 9988): isSupportedMetadata: not supported schema. name=getPersons
07-17 17:29:28.176 E/Routine@Core[4.9.04.13]: AppFunctionsSchemaMetadataFactory( 9988): getMetadata: AppFunction not supported category. category=persons
07-17 17:29:28.176 E/Routine@Core[4.9.04.13]: AppFunctionsSchemaMetadataConverter( 9988): isSupportedMetadata: not supported schema. name=createPerson
07-17 17:29:28.179 E/Routine@Core[4.9.04.13]: AppFunctionsSchemaMetadataConverter( 9988): isSupportedMetadata: not supported schema. name=showAlbum
07-17 17:29:28.196 E/Routine@Core[4.9.04.13]: AppFunctionsSchemaMetadataConverter( 9988): isSupportedMetadata: not supported schema. name=updateMediaItem
07-17 17:29:28.224 E/Routine@Core[4.9.04.13]: AppFunctionsSchemaMetadataConverter( 9988): isSupportedMetadata: not supported schema. name=showMediaItem
07-17 17:29:28.252 E/Routine@Core[4.9.04.13]: AppFunctionsSchemaMetadataConverter( 9988): isSupportedMetadata: not supported schema. name=findAlbums
07-17 17:29:28.273 E/Routine@Core[4.9.04.13]: AppFunctionsSchemaMetadataConverter( 9988): isSupportedMetadata: not supported schema. name=createAlbum
07-17 17:29:28.277 E/Routine@Core[4.9.04.13]: AppFunctionsSchemaMetadataConverter( 9988): isSupportedMetadata: not supported schema. name=replyMessage
07-17 17:29:28.280 E/Routine@Core[4.9.04.13]: AppFunctionsSchemaMetadataConverter( 9988): isSupportedMetadata: not supported schema. name=deleteMessages
07-17 17:29:28.303 E/Routine@Core[4.9.04.13]: AppFunctionsSchemaMetadataConverter( 9988): isSupportedMetadata: not supported schema. name=forwardMessage
07-17 17:29:28.324 E/Routine@Core[4.9.04.13]: AppFunctionsSchemaMetadataFactory( 9988): getMetadata: AppFunction not supported category. category=persons
07-17 17:29:28.325 E/Routine@Core[4.9.04.13]: AppFunctionsSchemaMetadataConverter( 9988): isSupportedMetadata: not supported schema. name=findPersons
07-17 17:29:28.340 E/Routine@Core[4.9.04.13]: AppFunctionsSchemaMetadataConverter( 9988): isSupportedMetadata: not supported schema. name=sendMessage
07-17 17:29:28.343 E/Routine@Core[4.9.04.13]: AppFunctionsSchemaMetadataFactory( 9988): getMetadata: AppFunction not supported category. category=persons
07-17 17:29:28.343 E/Routine@Core[4.9.04.13]: AppFunctionsSchemaMetadataConverter( 9988): isSupportedMetadata: not supported schema. name=getPersons
07-17 17:29:28.377 E/Routine@Core[4.9.04.13]: AppFunctionsSchemaMetadataConverter( 9988): isSupportedMetadata: not supported schema. name=findMessages
07-17 17:29:28.381 E/Routine@Core[4.9.04.13]: AppFunctionsSchemaMetadataConverter( 9988): isSupportedMetadata: not supported schema. name=showMessage
07-17 17:29:28.391 E/Routine@Core[4.9.04.13]: AppFunctionsSchemaMetadataConverter( 9988): isSupportedMetadata: not supported schema. name=createAndShowMessageDraft
07-17 17:29:28.398 E/Routine@Core[4.9.04.13]: AppFunctionsSchemaMetadataFactory( 9988): getMetadata: AppFunction not supported category. category=persons
07-17 17:29:28.398 E/Routine@Core[4.9.04.13]: AppFunctionsSchemaMetadataConverter( 9988): isSupportedMetadata: not supported schema. name=getPersons
07-17 17:29:28.409 E/Routine@Core[4.9.04.13]: AppFunctionsSchemaMetadataConverter( 9988): isSupportedMetadata: not supported schema. name=rejectCall
07-17 17:29:28.420 E/Routine@Core[4.9.04.13]: AppFunctionsSchemaMetadataConverter( 9988): isSupportedMetadata: not supported schema. name=acceptCall
07-17 17:29:28.512 E/HeatmapThread( 1457): ECT Thread time in milliseconds: 1784294968
07-17 17:29:28.512 E/HeatmapThread( 1457): !@Could not open '/efs/FactoryApp/bsoh', errno = 13
07-17 17:29:28.512 E/HeatmapThread( 1457): !@ CAM Could not access BSOH EFS
07-17 17:29:28.512 E/HeatmapThread( 1457): !@ CAM New BSOH: 0
07-17 17:29:28.524 E/Routine@Core[4.9.04.13]: AppFunctionsSchemaMetadataConverter( 9988): isSupportedMetadata: not supported schema. name=getEvents
07-17 17:29:28.544 E/Routine@Core[4.9.04.13]: AppFunctionsSchemaMetadataConverter( 9988): isSupportedMetadata: not supported schema. name=deleteEvents
07-17 17:29:28.872 E/WindowManager( 1740): win=Window{c7addf3 u0 com.google.android.apps.docs/com.google.android.apps.docs.common.opener.DocumentOpenerActivityDelegate} destroySurfaces: appStopped=true cleanupOnResume=false win.mWindowRemovalAllowed=false win.mRemoveOnExit=false win.mViewVisibility=8 caller=com.android.server.wm.ActivityRecord.destroySurfaces:25 com.android.server.wm.ActivityRecord.activityStopped:192 com.android.server.wm.ActivityClientController.activityStopped:97 android.app.IActivityClientController$Stub.onTransact:740 com.android.server.wm.ActivityClientController.onTransact:1 android.os.Binder.execTransactInternal:1462 android.os.Binder.execTransact:1401 
07-17 17:29:28.972 E/WindowManager( 1740): win=Window{3c6fc1a u0 com.google.android.apps.docs/com.google.android.apps.docs.drive.app.navigation.NavigationActivity} destroySurfaces: appStopped=true cleanupOnResume=false win.mWindowRemovalAllowed=false win.mRemoveOnExit=false win.mViewVisibility=8 caller=com.android.server.wm.ActivityRecord.destroySurfaces:25 com.android.server.wm.ActivityRecord.activityStopped:192 com.android.server.wm.ActivityClientController.activityStopped:97 android.app.IActivityClientController$Stub.onTransact:740 com.android.server.wm.ActivityClientController.onTransact:1 android.os.Binder.execTransactInternal:1462 android.os.Binder.execTransact:1401 
07-17 17:29:28.973 E/WindowManager( 1740): win=Window{5e525b u0 com.google.android.apps.docs/com.google.android.apps.docs.drive.app.navigation.NavigationActivity} destroySurfaces: appStopped=true cleanupOnResume=false win.mWindowRemovalAllowed=false win.mRemoveOnExit=false win.mViewVisibility=8 caller=com.android.server.wm.ActivityRecord.destroySurfaces:25 com.android.server.wm.ActivityRecord.activityStopped:192 com.android.server.wm.ActivityClientController.activityStopped:97 android.app.IActivityClientController$Stub.onTransact:740 com.android.server.wm.ActivityClientController.onTransact:1 android.os.Binder.execTransactInternal:1462 android.os.Binder.execTransact:1401 
07-17 17:29:29.191 E/ashmem  (11639): Pinning is deprecated since Android Q. Please use trim or other methods.
07-17 17:29:29.220 E/SurfaceFlinger( 1465): alpha changed 1.000 -> 0.000 - Dim Layer for - Task=18867#29681
07-17 17:29:29.287 E/SurfaceFlinger( 1465): alpha changed 0.000 -> 0.015 - Dim Layer for - Task=18867#29681
07-17 17:29:29.322 E/AuthPII (21171): [RequestTokenManager] getToken() -> BAD_AUTHENTICATION. App: com.google.android.gms, Service: oauth2:https://www.googleapis.com/auth/plus.me
07-17 17:29:29.322 E/AuthPII (21171): bkli: Long live credential not available.
07-17 17:29:29.322 E/AuthPII (21171): 	at aiip.a(:com.google.android.gms@262532035@26.25.32 (260400-944114241):1347)
07-17 17:29:29.322 E/AuthPII (21171): 	at aiiw.b(:com.google.android.gms@262532035@26.25.32 (260400-944114241):26)
07-17 17:29:29.322 E/AuthPII (21171): 	at aiiu.a(:com.google.android.gms@262532035@26.25.32 (260400-944114241):661)
07-17 17:29:29.322 E/AuthPII (21171): 	at ahsg.a(:com.google.android.gms@262532035@26.25.32 (260400-944114241):82)
07-17 17:29:29.322 E/AuthPII (21171): 	at abcj.d(:com.google.android.gms@262532035@26.25.32 (260400-944114241):313)
07-17 17:29:29.322 E/AuthPII (21171): 	at ahke.a(:com.google.android.gms@262532035@26.25.32 (260400-944114241):33)
07-17 17:29:29.322 E/AuthPII (21171): 	at ahkk.s(:com.google.android.gms@262532035@26.25.32 (260400-944114241):34)
07-17 17:29:29.322 E/AuthPII (21171): 	at ahkk.r(:com.google.android.gms@262532035@26.25.32 (260400-944114241):64)
07-17 17:29:29.322 E/AuthPII (21171): 	at ahkk.f(:com.google.android.gms@262532035@26.25.32 (260400-944114241):1)
07-17 17:29:29.322 E/AuthPII (21171): 	at ahkk.j(:com.google.android.gms@262532035@26.25.32 (260400-944114241):4)
07-17 17:29:29.322 E/AuthPII (21171): 	at ahkk.k(:com.google.android.gms@262532035@26.25.32 (260400-944114241):8)
07-17 17:29:29.322 E/AuthPII (21171): 	at ahkk.h(:com.google.android.gms@262532035@26.25.32 (260400-944114241):21)
07-17 17:29:29.322 E/AuthPII (21171): 	at aiaq.d(:com.google.android.gms@262532035@26.25.32 (260400-944114241):51)
07-17 17:29:29.322 E/AuthPII (21171): 	at bjly.b(:com.google.android.gms@262532035@26.25.32 (260400-944114241):72)
07-17 17:29:29.322 E/AuthPII (21171): 	at com.google.android.gms.clearcut.uploader.QosUploaderChimeraService.g(:com.google.android.gms@262532035@26.25.32 (260400-944114241):1563)
07-17 17:29:29.322 E/AuthPII (21171): 	at com.google.android.gms.clearcut.uploader.QosUploaderChimeraService.a(:com.google.android.gms@262532035@26.25.32 (260400-944114241):42)
07-17 17:29:29.322 E/AuthPII (21171): 	at deaa.call(:com.google.android.gms@262532035@26.25.32 (260400-944114241):36)
07-17 17:29:29.322 E/AuthPII (21171): 	at java.util.concurrent.FutureTask.run(FutureTask.java:328)
07-17 17:29:29.322 E/AuthPII (21171): 	at blse.c(:com.google.android.gms@262532035@26.25.32 (260400-944114241):50)
07-17 17:29:29.322 E/AuthPII (21171): 	at blse.run(:com.google.android.gms@262532035@26.25.32 (260400-944114241):66)
07-17 17:29:29.322 E/AuthPII (21171): 	at java.util.concurrent.ThreadPoolExecutor.runWorker(ThreadPoolExecutor.java:1100)
07-17 17:29:29.322 E/AuthPII (21171): 	at java.util.concurrent.ThreadPoolExecutor$Worker.run(ThreadPoolExecutor.java:624)
07-17 17:29:29.322 E/AuthPII (21171): 	at blxx.run(:com.google.android.gms@262532035@26.25.32 (260400-944114241):8)
07-17 17:29:29.322 E/AuthPII (21171): 	at java.lang.Thread.run(Thread.java:1572)
07-17 17:29:29.323 E/AuthPII (21171): Message is Long live credential not available.
07-17 17:29:29.323 E/AuthPII (21171): bkli: Long live credential not available.
07-17 17:29:29.323 E/AuthPII (21171): 	at aiip.a(:com.google.android.gms@262532035@26.25.32 (260400-944114241):1347)
07-17 17:29:29.323 E/AuthPII (21171): 	at aiiw.b(:com.google.android.gms@262532035@26.25.32 (260400-944114241):26)
07-17 17:29:29.323 E/AuthPII (21171): 	at aiiu.a(:com.google.android.gms@262532035@26.25.32 (260400-944114241):661)
07-17 17:29:29.323 E/AuthPII (21171): 	at ahsg.a(:com.google.android.gms@262532035@26.25.32 (260400-944114241):82)
07-17 17:29:29.323 E/AuthPII (21171): 	at abcj.d(:com.google.android.gms@262532035@26.25.32 (260400-944114241):313)
07-17 17:29:29.323 E/AuthPII (21171): 	at ahke.a(:com.google.android.gms@262532035@26.25.32 (260400-944114241):33)
07-17 17:29:29.323 E/AuthPII (21171): 	at ahkk.s(:com.google.android.gms@262532035@26.25.32 (260400-944114241):34)
07-17 17:29:29.323 E/AuthPII (21171): 	at ahkk.r(:com.google.android.gms@262532035@26.25.32 (260400-944114241):64)
07-17 17:29:29.323 E/AuthPII (21171): 	at ahkk.f(:com.google.android.gms@262532035@26.25.32 (260400-944114241):1)
07-17 17:29:29.323 E/AuthPII (21171): 	at ahkk.j(:com.google.android.gms@262532035@26.25.32 (260400-944114241):4)
07-17 17:29:29.323 E/AuthPII (21171): 	at ahkk.k(:com.google.android.gms@262532035@26.25.32 (260400-944114241):8)
07-17 17:29:29.323 E/AuthPII (21171): 	at ahkk.h(:com.google.android.gms@262532035@26.25.32 (260400-944114241):21)
07-17 17:29:29.323 E/AuthPII (21171): 	at aiaq.d(:com.google.android.gms@262532035@26.25.32 (260400-944114241):51)
07-17 17:29:29.323 E/AuthPII (21171): 	at bjly.b(:com.google.android.gms@262532035@26.25.32 (260400-944114241):72)
07-17 17:29:29.323 E/AuthPII (21171): 	at com.google.android.gms.clearcut.uploader.QosUploaderChimeraService.g(:com.google.android.gms@262532035@26.25.32 (260400-944114241):1563)
07-17 17:29:29.323 E/AuthPII (21171): 	at com.google.android.gms.clearcut.uploader.QosUploaderChimeraService.a(:com.google.android.gms@262532035@26.25.32 (260400-944114241):42)
07-17 17:29:29.323 E/AuthPII (21171): 	at deaa.call(:com.google.android.gms@262532035@26.25.32 (260400-944114241):36)
07-17 17:29:29.323 E/AuthPII (21171): 	at java.util.concurrent.FutureTask.run(FutureTask.java:328)
07-17 17:29:29.323 E/AuthPII (21171): 	at blse.c(:com.google.android.gms@262532035@26.25.32 (260400-944114241):50)
07-17 17:29:29.323 E/AuthPII (21171): 	at blse.run(:com.google.android.gms@262532035@26.25.32 (260400-944114241):66)
07-17 17:29:29.323 E/AuthPII (21171): 	at java.util.concurrent.ThreadPoolExecutor.runWorker(ThreadPoolExecutor.java:1100)
07-17 17:29:29.323 E/AuthPII (21171): 	at java.util.concurrent.ThreadPoolExecutor$Worker.run(ThreadPoolExecutor.java:624)
07-17 17:29:29.323 E/AuthPII (21171): 	at blxx.run(:com.google.android.gms@262532035@26.25.32 (260400-944114241):8)
07-17 17:29:29.323 E/AuthPII (21171): 	at java.lang.Thread.run(Thread.java:1572)
07-17 17:29:29.373 E/AuthPII (21171): [RequestTokenManager] getToken() -> BAD_AUTHENTICATION. App: com.google.android.gms, Service: oauth2:https://www.googleapis.com/auth/userinfo.email https://www.googleapis.com/auth/account.capabilities https://www.googleapis.com/auth/account.service_flags
07-17 17:29:29.373 E/AuthPII (21171): bkli: Long live credential not available.
07-17 17:29:29.373 E/AuthPII (21171): 	at aiip.a(:com.google.android.gms@262532035@26.25.32 (260400-944114241):1347)
07-17 17:29:29.373 E/AuthPII (21171): 	at aiiw.b(:com.google.android.gms@262532035@26.25.32 (260400-944114241):26)
07-17 17:29:29.373 E/AuthPII (21171): 	at aiiu.a(:com.google.android.gms@262532035@26.25.32 (260400-944114241):661)
07-17 17:29:29.373 E/AuthPII (21171): 	at ahsm.a(:com.google.android.gms@262532035@26.25.32 (260400-944114241):55)
