07-17 17:29:41.984 E/AuthPII (21171): 	at aiiu.a(:com.google.android.gms@262532035@26.25.32 (260400-944114241):661)
07-17 17:29:41.984 E/AuthPII (21171): 	at aiit.b(:com.google.android.gms@262532035@26.25.32 (260400-944114241):151)
07-17 17:29:41.984 E/AuthPII (21171): 	at ahwy.a(:com.google.android.gms@262532035@26.25.32 (260400-944114241):328)
07-17 17:29:41.984 E/AuthPII (21171): 	at ahrx.f(:com.google.android.gms@262532035@26.25.32 (260400-944114241):24)
07-17 17:29:41.984 E/AuthPII (21171): 	at dchh.fH(:com.google.android.gms@262532035@26.25.32 (260400-944114241):1)
07-17 17:29:41.984 E/AuthPII (21171): 	at dchs.run(:com.google.android.gms@262532035@26.25.32 (260400-944114241):121)
07-17 17:29:41.984 E/AuthPII (21171): 	at hign.run(:com.google.android.gms@262532035@26.25.32 (260400-944114241):23)
07-17 17:29:41.984 E/AuthPII (21171): 	at blse.c(:com.google.android.gms@262532035@26.25.32 (260400-944114241):50)
07-17 17:29:41.984 E/AuthPII (21171): 	at blse.run(:com.google.android.gms@262532035@26.25.32 (260400-944114241):66)
07-17 17:29:41.984 E/AuthPII (21171): 	at java.util.concurrent.ThreadPoolExecutor.runWorker(ThreadPoolExecutor.java:1100)
07-17 17:29:41.984 E/AuthPII (21171): 	at java.util.concurrent.ThreadPoolExecutor$Worker.run(ThreadPoolExecutor.java:624)
07-17 17:29:41.984 E/AuthPII (21171): 	at blxx.run(:com.google.android.gms@262532035@26.25.32 (260400-944114241):8)
07-17 17:29:41.984 E/AuthPII (21171): 	at java.lang.Thread.run(Thread.java:1572)
07-17 17:29:42.016 E/Mocca_MoccaSystemService( 1740): (1.1.04.1)BinderDeadEvent received
07-17 17:29:42.016 E/Mocca_MoccaSystemService( 1740): (1.1.04.1)BinderDeadEvent received
07-17 17:29:42.124 E/Finsky  ( 6889): [267] SCH: Job 10-182 threw exception
07-17 17:29:42.124 E/Finsky  ( 6889): com.google.android.finsky.actor.impl.ActorException: actor failed
07-17 17:29:42.124 E/Finsky  ( 6889): 	at nwj.I(PG:119)
07-17 17:29:42.124 E/Finsky  ( 6889): 	at ofr.b(PG:11)
07-17 17:29:42.124 E/Finsky  ( 6889): 	at cefe.x(PG:5)
07-17 17:29:42.124 E/Finsky  ( 6889): 	at cemo.run(PG:109)
07-17 17:29:42.124 E/Finsky  ( 6889): 	at java.util.concurrent.ThreadPoolExecutor.runWorker(ThreadPoolExecutor.java:1100)
07-17 17:29:42.124 E/Finsky  ( 6889): 	at java.util.concurrent.ThreadPoolExecutor$Worker.run(ThreadPoolExecutor.java:624)
07-17 17:29:42.124 E/Finsky  ( 6889): 	at wja.run(PG:666)
07-17 17:29:42.124 E/Finsky  ( 6889): 	at java.lang.Thread.run(Thread.java:1572)
07-17 17:29:42.124 E/Finsky  ( 6889): Caused by: java.lang.IllegalArgumentException: Required value was null.
07-17 17:29:42.124 E/Finsky  ( 6889): 	at asvl.ay(PG:16)
07-17 17:29:42.124 E/Finsky  ( 6889): 	at aajr.kz(PG:1012)
07-17 17:29:42.124 E/Finsky  ( 6889): 	at bbbb.a(PG:41)
07-17 17:29:42.124 E/Finsky  ( 6889): 	at ocy.kz(PG:1315)
07-17 17:29:42.124 E/Finsky  ( 6889): 	at bcjg.k(PG:10)
07-17 17:29:42.124 E/Finsky  ( 6889): 	at ocg.kz(PG:400)
07-17 17:29:42.124 E/Finsky  ( 6889): 	at mlh.b(PG:1498)
07-17 17:29:42.124 E/Finsky  ( 6889): 	at cefe.x(PG:5)
07-17 17:29:42.124 E/Finsky  ( 6889): 	at cemo.run(PG:109)
07-17 17:29:42.124 E/Finsky  ( 6889): 	at java.util.concurrent.ThreadPoolExecutor.runWorker(ThreadPoolExecutor.java:1100)
07-17 17:29:42.124 E/Finsky  ( 6889): 	at java.util.concurrent.ThreadPoolExecutor$Worker.run(ThreadPoolExecutor.java:624)
07-17 17:29:42.124 E/Finsky  ( 6889): 	at wja.run(PG:618)
07-17 17:29:42.124 E/Finsky  ( 6889): 	... 1 more
07-17 17:29:42.148 E/[SC]SyncDependencyFactory(12358): [E] dependency meta data not found: com.sec.android.app.sbrowser 
07-17 17:29:42.164 E/keystore2(  688): system/security/keystore2/src/error.rs:185 - Rc(r#KEY_NOT_FOUND), "system/security/keystore2/src/service.rs:178: In get_key_entry, while trying to load key info. 5009, Some(\"com.samsung.android.scloud_SERVER_CERT\")"
07-17 17:29:42.168 E/ashmem  (12358): Pinning is deprecated since Android Q. Please use trim or other methods.
07-17 17:29:42.169 E/keystore2(  688): system/security/keystore2/src/error.rs:185 - Rc(r#KEY_NOT_FOUND), "system/security/keystore2/src/service.rs:178: In get_key_entry, while trying to load key info. 5009, Some(\"com.samsung.android.scloud_SERVER_CERT\")"
07-17 17:29:42.229 E/[SC]InternetFunction(12358): [E] updateContentIdList: com.sec.android.app.sbrowser 
07-17 17:29:42.276 E/[SC]SyncDependencyFactory(12358): [E] dependency meta data not found: com.samsung.android.app.notes 
07-17 17:29:42.296 E/[SC]SyncDependencyFactory(12358): [E] dependency meta data not found: com.samsung.android.app.memo 
07-17 17:29:42.298 E/[SC]SyncDependencyFactory(12358): [E] dependency meta data not found: com.samsung.android.snote 
07-17 17:29:42.313 E/[SC]SyncDependencyFactory(12358): [E] dependency meta data not found: com.samsung.android.app.pinboard 
07-17 17:29:42.414 E/lowmemorykiller(  627): process_mrelease 7748 failed: No such process
07-17 17:29:42.448 E/ashmem  (12370): Pinning is deprecated since Android Q. Please use trim or other methods.
07-17 17:29:42.467 E/lowmemorykiller(  627): process_mrelease 8358 failed: No such process
07-17 17:29:42.512 E/HeatmapThread( 1457): ECT Thread time in milliseconds: 1784294982
07-17 17:29:42.512 E/HeatmapThread( 1457): !@Could not open '/efs/FactoryApp/bsoh', errno = 13
07-17 17:29:42.512 E/HeatmapThread( 1457): !@ CAM Could not access BSOH EFS
07-17 17:29:42.512 E/HeatmapThread( 1457): !@ CAM New BSOH: 0
07-17 17:29:42.530 E/AuthPII (21171): [RequestTokenManager] getToken() -> BAD_AUTHENTICATION. App: com.google.android.gms, Service: oauth2:https://www.googleapis.com/auth/plus.me
07-17 17:29:42.530 E/AuthPII (21171): bkli: Long live credential not available.
07-17 17:29:42.530 E/AuthPII (21171): 	at aiip.a(:com.google.android.gms@262532035@26.25.32 (260400-944114241):1347)
07-17 17:29:42.530 E/AuthPII (21171): 	at aiiw.b(:com.google.android.gms@262532035@26.25.32 (260400-944114241):26)
07-17 17:29:42.530 E/AuthPII (21171): 	at aiiu.a(:com.google.android.gms@262532035@26.25.32 (260400-944114241):661)
07-17 17:29:42.530 E/AuthPII (21171): 	at ahsg.a(:com.google.android.gms@262532035@26.25.32 (260400-944114241):82)
07-17 17:29:42.530 E/AuthPII (21171): 	at abcj.d(:com.google.android.gms@262532035@26.25.32 (260400-944114241):313)
07-17 17:29:42.530 E/AuthPII (21171): 	at ahke.a(:com.google.android.gms@262532035@26.25.32 (260400-944114241):33)
07-17 17:29:42.530 E/AuthPII (21171): 	at ahkk.s(:com.google.android.gms@262532035@26.25.32 (260400-944114241):34)
07-17 17:29:42.530 E/AuthPII (21171): 	at ahkk.r(:com.google.android.gms@262532035@26.25.32 (260400-944114241):64)
07-17 17:29:42.530 E/AuthPII (21171): 	at ahkk.f(:com.google.android.gms@262532035@26.25.32 (260400-944114241):1)
07-17 17:29:42.530 E/AuthPII (21171): 	at ahkk.j(:com.google.android.gms@262532035@26.25.32 (260400-944114241):4)
07-17 17:29:42.530 E/AuthPII (21171): 	at ahkk.k(:com.google.android.gms@262532035@26.25.32 (260400-944114241):8)
07-17 17:29:42.530 E/AuthPII (21171): 	at ahkk.h(:com.google.android.gms@262532035@26.25.32 (260400-944114241):21)
07-17 17:29:42.530 E/AuthPII (21171): 	at aiaq.d(:com.google.android.gms@262532035@26.25.32 (260400-944114241):51)
07-17 17:29:42.530 E/AuthPII (21171): 	at bjly.b(:com.google.android.gms@262532035@26.25.32 (260400-944114241):72)
07-17 17:29:42.530 E/AuthPII (21171): 	at com.google.android.gms.clearcut.uploader.QosUploaderChimeraService.g(:com.google.android.gms@262532035@26.25.32 (260400-944114241):1563)
07-17 17:29:42.530 E/AuthPII (21171): 	at com.google.android.gms.clearcut.uploader.QosUploaderChimeraService.a(:com.google.android.gms@262532035@26.25.32 (260400-944114241):42)
07-17 17:29:42.530 E/AuthPII (21171): 	at deaa.call(:com.google.android.gms@262532035@26.25.32 (260400-944114241):36)
07-17 17:29:42.530 E/AuthPII (21171): 	at java.util.concurrent.FutureTask.run(FutureTask.java:328)
07-17 17:29:42.530 E/AuthPII (21171): 	at blse.c(:com.google.android.gms@262532035@26.25.32 (260400-944114241):50)
07-17 17:29:42.530 E/AuthPII (21171): 	at blse.run(:com.google.android.gms@262532035@26.25.32 (260400-944114241):66)
07-17 17:29:42.530 E/AuthPII (21171): 	at java.util.concurrent.ThreadPoolExecutor.runWorker(ThreadPoolExecutor.java:1100)
07-17 17:29:42.530 E/AuthPII (21171): 	at java.util.concurrent.ThreadPoolExecutor$Worker.run(ThreadPoolExecutor.java:624)
07-17 17:29:42.530 E/AuthPII (21171): 	at blxx.run(:com.google.android.gms@262532035@26.25.32 (260400-944114241):8)
07-17 17:29:42.530 E/AuthPII (21171): 	at java.lang.Thread.run(Thread.java:1572)
07-17 17:29:42.530 E/AuthPII (21171): Message is Long live credential not available.
07-17 17:29:42.530 E/AuthPII (21171): bkli: Long live credential not available.
07-17 17:29:42.530 E/AuthPII (21171): 	at aiip.a(:com.google.android.gms@262532035@26.25.32 (260400-944114241):1347)
07-17 17:29:42.530 E/AuthPII (21171): 	at aiiw.b(:com.google.android.gms@262532035@26.25.32 (260400-944114241):26)
07-17 17:29:42.530 E/AuthPII (21171): 	at aiiu.a(:com.google.android.gms@262532035@26.25.32 (260400-944114241):661)
07-17 17:29:42.530 E/AuthPII (21171): 	at ahsg.a(:com.google.android.gms@262532035@26.25.32 (260400-944114241):82)
07-17 17:29:42.530 E/AuthPII (21171): 	at abcj.d(:com.google.android.gms@262532035@26.25.32 (260400-944114241):313)
07-17 17:29:42.530 E/AuthPII (21171): 	at ahke.a(:com.google.android.gms@262532035@26.25.32 (260400-944114241):33)
07-17 17:29:42.530 E/AuthPII (21171): 	at ahkk.s(:com.google.android.gms@262532035@26.25.32 (260400-944114241):34)
07-17 17:29:42.530 E/AuthPII (21171): 	at ahkk.r(:com.google.android.gms@262532035@26.25.32 (260400-944114241):64)
07-17 17:29:42.530 E/AuthPII (21171): 	at ahkk.f(:com.google.android.gms@262532035@26.25.32 (260400-944114241):1)
07-17 17:29:42.530 E/AuthPII (21171): 	at ahkk.j(:com.google.android.gms@262532035@26.25.32 (260400-944114241):4)
07-17 17:29:42.530 E/AuthPII (21171): 	at ahkk.k(:com.google.android.gms@262532035@26.25.32 (260400-944114241):8)
07-17 17:29:42.530 E/AuthPII (21171): 	at ahkk.h(:com.google.android.gms@262532035@26.25.32 (260400-944114241):21)
07-17 17:29:42.530 E/AuthPII (21171): 	at aiaq.d(:com.google.android.gms@262532035@26.25.32 (260400-944114241):51)
07-17 17:29:42.530 E/AuthPII (21171): 	at bjly.b(:com.google.android.gms@262532035@26.25.32 (260400-944114241):72)
07-17 17:29:42.530 E/AuthPII (21171): 	at com.google.android.gms.clearcut.uploader.QosUploaderChimeraService.g(:com.google.android.gms@262532035@26.25.32 (260400-944114241):1563)
07-17 17:29:42.530 E/AuthPII (21171): 	at com.google.android.gms.clearcut.uploader.QosUploaderChimeraService.a(:com.google.android.gms@262532035@26.25.32 (260400-944114241):42)
07-17 17:29:42.530 E/AuthPII (21171): 	at deaa.call(:com.google.android.gms@262532035@26.25.32 (260400-944114241):36)
07-17 17:29:42.530 E/AuthPII (21171): 	at java.util.concurrent.FutureTask.run(FutureTask.java:328)
07-17 17:29:42.530 E/AuthPII (21171): 	at blse.c(:com.google.android.gms@262532035@26.25.32 (260400-944114241):50)
07-17 17:29:42.530 E/AuthPII (21171): 	at blse.run(:com.google.android.gms@262532035@26.25.32 (260400-944114241):66)
07-17 17:29:42.530 E/AuthPII (21171): 	at java.util.concurrent.ThreadPoolExecutor.runWorker(ThreadPoolExecutor.java:1100)
07-17 17:29:42.530 E/AuthPII (21171): 	at java.util.concurrent.ThreadPoolExecutor$Worker.run(ThreadPoolExecutor.java:624)
07-17 17:29:42.530 E/AuthPII (21171): 	at blxx.run(:com.google.android.gms@262532035@26.25.32 (260400-944114241):8)
07-17 17:29:42.530 E/AuthPII (21171): 	at java.lang.Thread.run(Thread.java:1572)
07-17 17:29:42.531 E/AppOps  ( 1740): Bad call made by uid 1000. Package "com.google.android.googlequicksearchbox" does not belong to uid 1000.
07-17 17:29:42.558 E/AppOps  ( 1740): Bad call made by uid 1000. Package "com.google.android.googlequicksearchbox" does not belong to uid 1000.
07-17 17:29:42.599 E/AuthPII (21171): [RequestTokenManager] getToken() -> BAD_AUTHENTICATION. App: com.google.android.gms, Service: oauth2:https://www.googleapis.com/auth/userinfo.email https://www.googleapis.com/auth/account.capabilities https://www.googleapis.com/auth/account.service_flags
07-17 17:29:42.599 E/AuthPII (21171): bkli: Long live credential not available.
07-17 17:29:42.599 E/AuthPII (21171): 	at aiip.a(:com.google.android.gms@262532035@26.25.32 (260400-944114241):1347)
07-17 17:29:42.599 E/AuthPII (21171): 	at aiiw.b(:com.google.android.gms@262532035@26.25.32 (260400-944114241):26)
07-17 17:29:42.599 E/AuthPII (21171): 	at aiiu.a(:com.google.android.gms@262532035@26.25.32 (260400-944114241):661)
07-17 17:29:42.599 E/AuthPII (21171): 	at ahsm.a(:com.google.android.gms@262532035@26.25.32 (260400-944114241):55)
07-17 17:29:42.599 E/AuthPII (21171): 	at ahsm.h(:com.google.android.gms@262532035@26.25.32 (260400-944114241):108)
07-17 17:29:42.599 E/AuthPII (21171): 	at ahsm.b(:com.google.android.gms@262532035@26.25.32 (260400-944114241):817)
07-17 17:29:42.599 E/AuthPII (21171): 	at ahsm.c(:com.google.android.gms@262532035@26.25.32 (260400-944114241):5)
07-17 17:29:42.599 E/AuthPII (21171): 	at abcj.d(:com.google.android.gms@262532035@26.25.32 (260400-944114241):459)
07-17 17:29:42.599 E/AuthPII (21171): 	at ahke.a(:com.google.android.gms@262532035@26.25.32 (260400-944114241):33)
07-17 17:29:42.599 E/AuthPII (21171): 	at ahkk.s(:com.google.android.gms@262532035@26.25.32 (260400-944114241):34)
07-17 17:29:42.599 E/AuthPII (21171): 	at ahkk.r(:com.google.android.gms@262532035@26.25.32 (260400-944114241):64)
07-17 17:29:42.599 E/AuthPII (21171): 	at ahkk.f(:com.google.android.gms@262532035@26.25.32 (260400-944114241):1)
07-17 17:29:42.599 E/AuthPII (21171): 	at ahkk.j(:com.google.android.gms@262532035@26.25.32 (260400-944114241):4)
07-17 17:29:42.599 E/AuthPII (21171): 	at ahkk.k(:com.google.android.gms@262532035@26.25.32 (260400-944114241):8)
07-17 17:29:42.599 E/AuthPII (21171): 	at ahkk.h(:com.google.android.gms@262532035@26.25.32 (260400-944114241):21)
07-17 17:29:42.599 E/AuthPII (21171): 	at aiaq.d(:com.google.android.gms@262532035@26.25.32 (260400-944114241):51)
07-17 17:29:42.599 E/AuthPII (21171): 	at bjly.b(:com.google.android.gms@262532035@26.25.32 (260400-944114241):72)
07-17 17:29:42.599 E/AuthPII (21171): 	at com.google.android.gms.clearcut.uploader.QosUploaderChimeraService.g(:com.google.android.gms@262532035@26.25.32 (260400-944114241):1563)
07-17 17:29:42.599 E/AuthPII (21171): 	at com.google.android.gms.clearcut.uploader.QosUploaderChimeraService.a(:com.google.android.gms@262532035@26.25.32 (260400-944114241):42)
07-17 17:29:42.599 E/AuthPII (21171): 	at deaa.call(:com.google.android.gms@262532035@26.25.32 (260400-944114241):36)
07-17 17:29:42.599 E/AuthPII (21171): 	at java.util.concurrent.FutureTask.run(FutureTask.java:328)
07-17 17:29:42.599 E/AuthPII (21171): 	at blse.c(:com.google.android.gms@262532035@26.25.32 (260400-944114241):50)
07-17 17:29:42.599 E/AuthPII (21171): 	at blse.run(:com.google.android.gms@262532035@26.25.32 (260400-944114241):66)
07-17 17:29:42.599 E/AuthPII (21171): 	at java.util.concurrent.ThreadPoolExecutor.runWorker(ThreadPoolExecutor.java:1100)
07-17 17:29:42.599 E/AuthPII (21171): 	at java.util.concurrent.ThreadPoolExecutor$Worker.run(ThreadPoolExecutor.java:624)
07-17 17:29:42.599 E/AuthPII (21171): 	at blxx.run(:com.google.android.gms@262532035@26.25.32 (260400-944114241):8)
07-17 17:29:42.599 E/AuthPII (21171): 	at java.lang.Thread.run(Thread.java:1572)
07-17 17:29:42.599 E/AuthPII (21171): Message is Long live credential not available.
07-17 17:29:42.599 E/AuthPII (21171): bkli: Long live credential not available.
07-17 17:29:42.599 E/AuthPII (21171): 	at aiip.a(:com.google.android.gms@262532035@26.25.32 (260400-944114241):1347)
07-17 17:29:42.599 E/AuthPII (21171): 	at aiiw.b(:com.google.android.gms@262532035@26.25.32 (260400-944114241):26)
07-17 17:29:42.599 E/AuthPII (21171): 	at aiiu.a(:com.google.android.gms@262532035@26.25.32 (260400-944114241):661)
07-17 17:29:42.599 E/AuthPII (21171): 	at ahsm.a(:com.google.android.gms@262532035@26.25.32 (260400-944114241):55)
07-17 17:29:42.599 E/AuthPII (21171): 	at ahsm.h(:com.google.android.gms@262532035@26.25.32 (260400-944114241):108)
07-17 17:29:42.599 E/AuthPII (21171): 	at ahsm.b(:com.google.android.gms@262532035@26.25.32 (260400-944114241):817)
07-17 17:29:42.599 E/AuthPII (21171): 	at ahsm.c(:com.google.android.gms@262532035@26.25.32 (260400-944114241):5)
07-17 17:29:42.599 E/AuthPII (21171): 	at abcj.d(:com.google.android.gms@262532035@26.25.32 (260400-944114241):459)
07-17 17:29:42.599 E/AuthPII (21171): 	at ahke.a(:com.google.android.gms@262532035@26.25.32 (260400-944114241):33)
07-17 17:29:42.599 E/AuthPII (21171): 	at ahkk.s(:com.google.android.gms@262532035@26.25.32 (260400-944114241):34)
07-17 17:29:42.599 E/AuthPII (21171): 	at ahkk.r(:com.google.android.gms@262532035@26.25.32 (260400-944114241):64)
07-17 17:29:42.599 E/AuthPII (21171): 	at ahkk.f(:com.google.android.gms@262532035@26.25.32 (260400-944114241):1)
07-17 17:29:42.599 E/AuthPII (21171): 	at ahkk.j(:com.google.android.gms@262532035@26.25.32 (260400-944114241):4)
07-17 17:29:42.599 E/AuthPII (21171): 	at ahkk.k(:com.google.android.gms@262532035@26.25.32 (260400-944114241):8)
07-17 17:29:42.599 E/AuthPII (21171): 	at ahkk.h(:com.google.android.gms@262532035@26.25.32 (260400-944114241):21)
07-17 17:29:42.599 E/AuthPII (21171): 	at aiaq.d(:com.google.android.gms@262532035@26.25.32 (260400-944114241):51)
07-17 17:29:42.599 E/AuthPII (21171): 	at bjly.b(:com.google.android.gms@262532035@26.25.32 (260400-944114241):72)
07-17 17:29:42.599 E/AuthPII (21171): 	at com.google.android.gms.clearcut.uploader.QosUploaderChimeraService.g(:com.google.android.gms@262532035@26.25.32 (260400-944114241):1563)
07-17 17:29:42.599 E/AuthPII (21171): 	at com.google.android.gms.clearcut.uploader.QosUploaderChimeraService.a(:com.google.android.gms@262532035@26.25.32 (260400-944114241):42)
07-17 17:29:42.599 E/AuthPII (21171): 	at deaa.call(:com.google.android.gms@262532035@26.25.32 (260400-944114241):36)
07-17 17:29:42.599 E/AuthPII (21171): 	at java.util.concurrent.FutureTask.run(FutureTask.java:328)
07-17 17:29:42.599 E/AuthPII (21171): 	at blse.c(:com.google.android.gms@262532035@26.25.32 (260400-944114241):50)
07-17 17:29:42.599 E/AuthPII (21171): 	at blse.run(:com.google.android.gms@262532035@26.25.32 (260400-944114241):66)
07-17 17:29:42.599 E/AuthPII (21171): 	at java.util.concurrent.ThreadPoolExecutor.runWorker(ThreadPoolExecutor.java:1100)
07-17 17:29:42.599 E/AuthPII (21171): 	at java.util.concurrent.ThreadPoolExecutor$Worker.run(ThreadPoolExecutor.java:624)
07-17 17:29:42.599 E/AuthPII (21171): 	at blxx.run(:com.google.android.gms@262532035@26.25.32 (260400-944114241):8)
07-17 17:29:42.599 E/AuthPII (21171): 	at java.lang.Thread.run(Thread.java:1572)
07-17 17:29:42.693 E/AuthPII (21171): [RequestTokenManager] getToken() -> BAD_AUTHENTICATION. App: com.google.android.gms, Service: oauth2:https://www.googleapis.com/auth/cclog
07-17 17:29:42.693 E/AuthPII (21171): bkli: Long live credential not available.
07-17 17:29:42.693 E/AuthPII (21171): 	at aiip.a(:com.google.android.gms@262532035@26.25.32 (260400-944114241):1347)
07-17 17:29:42.693 E/AuthPII (21171): 	at aiiw.b(:com.google.android.gms@262532035@26.25.32 (260400-944114241):26)
07-17 17:29:42.693 E/AuthPII (21171): 	at aiiu.a(:com.google.android.gms@262532035@26.25.32 (260400-944114241):661)
07-17 17:29:42.693 E/AuthPII (21171): 	at aiit.b(:com.google.android.gms@262532035@26.25.32 (260400-944114241):151)
07-17 17:29:42.693 E/AuthPII (21171): 	at ahwy.a(:com.google.android.gms@262532035@26.25.32 (260400-944114241):328)
07-17 17:29:42.693 E/AuthPII (21171): 	at ahrx.f(:com.google.android.gms@262532035@26.25.32 (260400-944114241):24)
07-17 17:29:42.693 E/AuthPII (21171): 	at dchh.fH(:com.google.android.gms@262532035@26.25.32 (260400-944114241):1)
07-17 17:29:42.693 E/AuthPII (21171): 	at dchs.run(:com.google.android.gms@262532035@26.25.32 (260400-944114241):121)
07-17 17:29:42.693 E/AuthPII (21171): 	at hign.run(:com.google.android.gms@262532035@26.25.32 (260400-944114241):23)
07-17 17:29:42.693 E/AuthPII (21171): 	at blse.c(:com.google.android.gms@262532035@26.25.32 (260400-944114241):50)
07-17 17:29:42.693 E/AuthPII (21171): 	at blse.run(:com.google.android.gms@262532035@26.25.32 (260400-944114241):66)
07-17 17:29:42.693 E/AuthPII (21171): 	at java.util.concurrent.ThreadPoolExecutor.runWorker(ThreadPoolExecutor.java:1100)
07-17 17:29:42.693 E/AuthPII (21171): 	at java.util.concurrent.ThreadPoolExecutor$Worker.run(ThreadPoolExecutor.java:624)
07-17 17:29:42.693 E/AuthPII (21171): 	at blxx.run(:com.google.android.gms@262532035@26.25.32 (260400-944114241):8)
07-17 17:29:42.693 E/AuthPII (21171): 	at java.lang.Thread.run(Thread.java:1572)
07-17 17:29:42.694 E/AuthPII (21171): Message is Long live credential not available.
07-17 17:29:42.694 E/AuthPII (21171): bkli: Long live credential not available.
07-17 17:29:42.694 E/AuthPII (21171): 	at aiip.a(:com.google.android.gms@262532035@26.25.32 (260400-944114241):1347)
07-17 17:29:42.694 E/AuthPII (21171): 	at aiiw.b(:com.google.android.gms@262532035@26.25.32 (260400-944114241):26)
07-17 17:29:42.694 E/AuthPII (21171): 	at aiiu.a(:com.google.android.gms@262532035@26.25.32 (260400-944114241):661)
07-17 17:29:42.694 E/AuthPII (21171): 	at aiit.b(:com.google.android.gms@262532035@26.25.32 (260400-944114241):151)
07-17 17:29:42.694 E/AuthPII (21171): 	at ahwy.a(:com.google.android.gms@262532035@26.25.32 (260400-944114241):328)
07-17 17:29:42.694 E/AuthPII (21171): 	at ahrx.f(:com.google.android.gms@262532035@26.25.32 (260400-944114241):24)
07-17 17:29:42.694 E/AuthPII (21171): 	at dchh.fH(:com.google.android.gms@262532035@26.25.32 (260400-944114241):1)
07-17 17:29:42.694 E/AuthPII (21171): 	at dchs.run(:com.google.android.gms@262532035@26.25.32 (260400-944114241):121)
07-17 17:29:42.694 E/AuthPII (21171): 	at hign.run(:com.google.android.gms@262532035@26.25.32 (260400-944114241):23)
07-17 17:29:42.694 E/AuthPII (21171): 	at blse.c(:com.google.android.gms@262532035@26.25.32 (260400-944114241):50)
07-17 17:29:42.694 E/AuthPII (21171): 	at blse.run(:com.google.android.gms@262532035@26.25.32 (260400-944114241):66)
07-17 17:29:42.694 E/AuthPII (21171): 	at java.util.concurrent.ThreadPoolExecutor.runWorker(ThreadPoolExecutor.java:1100)
07-17 17:29:42.694 E/AuthPII (21171): 	at java.util.concurrent.ThreadPoolExecutor$Worker.run(ThreadPoolExecutor.java:624)
07-17 17:29:42.694 E/AuthPII (21171): 	at blxx.run(:com.google.android.gms@262532035@26.25.32 (260400-944114241):8)
07-17 17:29:42.694 E/AuthPII (21171): 	at java.lang.Thread.run(Thread.java:1572)
07-17 17:29:42.766 E/ashmem  (12319): Pinning is deprecated since Android Q. Please use trim or other methods.
07-17 17:29:42.775 E/ActivityThread(12370): Failed to find provider info for com.orange.update.provider.attributionprovider
07-17 17:29:42.966 E/lowmemorykiller(  627): process_mrelease 12370 failed: No such process
07-17 17:29:43.032 E/ashmem  (12517): Pinning is deprecated since Android Q. Please use trim or other methods.
07-17 17:29:43.035 E/ashmem  (12412): Pinning is deprecated since Android Q. Please use trim or other methods.
07-17 17:29:43.062 E/NotificationService( 1740): isPkgBlocked = true
07-17 17:29:43.062 E/NotificationService( 1740): isRecordBlocked = false
07-17 17:29:43.062 E/NotificationService( 1740): Suppressing notification from package phone.clean.master.battery.antivirus.ora by user request.
07-17 17:29:43.105 E/AuthPII (21171): [RequestTokenManager] getToken() -> BAD_AUTHENTICATION. App: com.android.vending, Service: oauth2:https://www.googleapis.com/auth/googleplay
07-17 17:29:43.105 E/AuthPII (21171): bkli: Long live credential not available.
07-17 17:29:43.105 E/AuthPII (21171): 	at aiip.a(:com.google.android.gms@262532035@26.25.32 (260400-944114241):1347)
07-17 17:29:43.105 E/AuthPII (21171): 	at aiiw.b(:com.google.android.gms@262532035@26.25.32 (260400-944114241):26)
07-17 17:29:43.105 E/AuthPII (21171): 	at aiiu.a(:com.google.android.gms@262532035@26.25.32 (260400-944114241):661)
07-17 17:29:43.105 E/AuthPII (21171): 	at aiit.b(:com.google.android.gms@262532035@26.25.32 (260400-944114241):151)
07-17 17:29:43.105 E/AuthPII (21171): 	at abcj.d(:com.google.android.gms@262532035@26.25.32 (260400-944114241):829)
07-17 17:29:43.105 E/AuthPII (21171): 	at aicg.getAuthToken(:com.google.android.gms@262532035@26.25.32 (260400-944114241):408)
07-17 17:29:43.105 E/AuthPII (21171): 	at android.accounts.AbstractAccountAuthenticator$Transport.getAuthToken(AbstractAccountAuthenticator.java:248)
07-17 17:29:43.105 E/AuthPII (21171): 	at android.accounts.IAccountAuthenticator$Stub.onTransact(IAccountAuthenticator.java:254)
07-17 17:29:43.105 E/AuthPII (21171): 	at android.os.Binder.transact(Binder.java:1309)
07-17 17:29:43.105 E/AuthPII (21171): 	at cszx.onTransact(:com.google.android.gms@262532035@26.25.32 (260400-944114241):12)
07-17 17:29:43.105 E/AuthPII (21171): 	at android.os.Binder.transact(Binder.java:1309)
07-17 17:29:43.105 E/AuthPII (21171): 	at ceme.onTransact(:com.google.android.gms@262532035@26.25.32 (260400-944114241):169)
07-17 17:29:43.105 E/AuthPII (21171): 	at android.os.Binder.execTransactInternal(Binder.java:1462)
07-17 17:29:43.105 E/AuthPII (21171): 	at android.os.Binder.execTransact(Binder.java:1401)
07-17 17:29:43.105 E/AuthPII (21171): Message is Long live credential not available.
07-17 17:29:43.105 E/AuthPII (21171): bkli: Long live credential not available.
07-17 17:29:43.105 E/AuthPII (21171): 	at aiip.a(:com.google.android.gms@262532035@26.25.32 (260400-944114241):1347)
07-17 17:29:43.105 E/AuthPII (21171): 	at aiiw.b(:com.google.android.gms@262532035@26.25.32 (260400-944114241):26)
07-17 17:29:43.105 E/AuthPII (21171): 	at aiiu.a(:com.google.android.gms@262532035@26.25.32 (260400-944114241):661)
07-17 17:29:43.105 E/AuthPII (21171): 	at aiit.b(:com.google.android.gms@262532035@26.25.32 (260400-944114241):151)
07-17 17:29:43.105 E/AuthPII (21171): 	at abcj.d(:com.google.android.gms@262532035@26.25.32 (260400-944114241):829)
07-17 17:29:43.105 E/AuthPII (21171): 	at aicg.getAuthToken(:com.google.android.gms@262532035@26.25.32 (260400-944114241):408)
07-17 17:29:43.105 E/AuthPII (21171): 	at android.accounts.AbstractAccountAuthenticator$Transport.getAuthToken(AbstractAccountAuthenticator.java:248)
07-17 17:29:43.105 E/AuthPII (21171): 	at android.accounts.IAccountAuthenticator$Stub.onTransact(IAccountAuthenticator.java:254)
07-17 17:29:43.105 E/AuthPII (21171): 	at android.os.Binder.transact(Binder.java:1309)
07-17 17:29:43.105 E/AuthPII (21171): 	at cszx.onTransact(:com.google.android.gms@262532035@26.25.32 (260400-944114241):12)
07-17 17:29:43.105 E/AuthPII (21171): 	at android.os.Binder.transact(Binder.java:1309)
07-17 17:29:43.105 E/AuthPII (21171): 	at ceme.onTransact(:com.google.android.gms@262532035@26.25.32 (260400-944114241):169)
07-17 17:29:43.105 E/AuthPII (21171): 	at android.os.Binder.execTransactInternal(Binder.java:1462)
07-17 17:29:43.105 E/AuthPII (21171): 	at android.os.Binder.execTransact(Binder.java:1401)
07-17 17:29:43.107 E/lowmemorykiller(  627): process_mrelease 12412 failed: No such process
07-17 17:29:43.202 E/[SC]SyncPermission(12358): [E] com.samsung.android.app.notes 
07-17 17:29:43.323 E/oid.documentsui(11877): No package ID ff found for resource ID 0xffffffff.
07-17 17:29:43.359 E/ActivityThread(12394): Failed to find provider info for com.microsoft.yourphonecompanion.contentprovider.featureoverride
07-17 17:29:43.391 E/ashmem  (12522): Pinning is deprecated since Android Q. Please use trim or other methods.
07-17 17:29:43.408 E/oid.documentsui(11877): No package ID ff found for resource ID 0xffffffff.
07-17 17:29:43.413 E/ashmem  (12394): Pinning is deprecated since Android Q. Please use trim or other methods.
07-17 17:29:43.512 E/HeatmapThread( 1457): ECT Thread time in milliseconds: 1784294983
07-17 17:29:43.512 E/HeatmapThread( 1457): !@Could not open '/efs/FactoryApp/bsoh', errno = 13
07-17 17:29:43.512 E/HeatmapThread( 1457): !@ CAM Could not access BSOH EFS
07-17 17:29:43.512 E/HeatmapThread( 1457): !@ CAM New BSOH: 0
07-17 17:29:43.517 E/oid.documentsui(11877): No package ID ff found for resource ID 0xffffffff.
07-17 17:29:43.532 E/lowmemorykiller(  627): process_mrelease 12079 failed: No such process
07-17 17:29:44.092 E/appmanager:auth(12394): hiddenapi: Accessing hidden method Lsun/misc/Unsafe;->getAndAddLong(Ljava/lang/Object;JJ)J (runtime_flags=0, domain=core-platform, api=max-target-r) from Lio/opentelemetry/internal/shaded/jctools/util/UnsafeAccess; (domain=app, TargetSdkVersion=36) using reflection: denied
07-17 17:29:44.129 E/ashmem  (12709): Pinning is deprecated since Android Q. Please use trim or other methods.
07-17 17:29:44.141 E/AuthPII (21171): [RequestTokenManager] getToken() -> BAD_AUTHENTICATION. App: com.google.android.gms, Service: oauth2:https://www.googleapis.com/auth/plus.me
07-17 17:29:44.141 E/AuthPII (21171): bkli: Long live credential not available.
07-17 17:29:44.141 E/AuthPII (21171): 	at aiip.a(:com.google.android.gms@262532035@26.25.32 (260400-944114241):1347)
07-17 17:29:44.141 E/AuthPII (21171): 	at aiiw.b(:com.google.android.gms@262532035@26.25.32 (260400-944114241):26)
07-17 17:29:44.141 E/AuthPII (21171): 	at aiiu.a(:com.google.android.gms@262532035@26.25.32 (260400-944114241):661)
07-17 17:29:44.141 E/AuthPII (21171): 	at ahsg.a(:com.google.android.gms@262532035@26.25.32 (260400-944114241):82)
07-17 17:29:44.141 E/AuthPII (21171): 	at abcj.d(:com.google.android.gms@262532035@26.25.32 (260400-944114241):313)
07-17 17:29:44.141 E/AuthPII (21171): 	at ahke.a(:com.google.android.gms@262532035@26.25.32 (260400-944114241):33)
07-17 17:29:44.141 E/AuthPII (21171): 	at ahkk.s(:com.google.android.gms@262532035@26.25.32 (260400-944114241):34)
07-17 17:29:44.141 E/AuthPII (21171): 	at ahkk.r(:com.google.android.gms@262532035@26.25.32 (260400-944114241):64)
07-17 17:29:44.141 E/AuthPII (21171): 	at ahkk.f(:com.google.android.gms@262532035@26.25.32 (260400-944114241):1)
07-17 17:29:44.141 E/AuthPII (21171): 	at ahkk.j(:com.google.android.gms@262532035@26.25.32 (260400-944114241):4)
07-17 17:29:44.141 E/AuthPII (21171): 	at ahkk.k(:com.google.android.gms@262532035@26.25.32 (260400-944114241):8)
07-17 17:29:44.141 E/AuthPII (21171): 	at ahkk.h(:com.google.android.gms@262532035@26.25.32 (260400-944114241):21)
07-17 17:29:44.141 E/AuthPII (21171): 	at aiaq.d(:com.google.android.gms@262532035@26.25.32 (260400-944114241):51)
07-17 17:29:44.141 E/AuthPII (21171): 	at bjly.b(:com.google.android.gms@262532035@26.25.32 (260400-944114241):72)
07-17 17:29:44.141 E/AuthPII (21171): 	at com.google.android.gms.clearcut.uploader.QosUploaderChimeraService.g(:com.google.android.gms@262532035@26.25.32 (260400-944114241):1563)
07-17 17:29:44.141 E/AuthPII (21171): 	at com.google.android.gms.clearcut.uploader.QosUploaderChimeraService.a(:com.google.android.gms@262532035@26.25.32 (260400-944114241):42)
07-17 17:29:44.141 E/AuthPII (21171): 	at deaa.call(:com.google.android.gms@262532035@26.25.32 (260400-944114241):36)
07-17 17:29:44.141 E/AuthPII (21171): 	at java.util.concurrent.FutureTask.run(FutureTask.java:328)
07-17 17:29:44.141 E/AuthPII (21171): 	at blse.c(:com.google.android.gms@262532035@26.25.32 (260400-944114241):50)
07-17 17:29:44.141 E/AuthPII (21171): 	at blse.run(:com.google.android.gms@262532035@26.25.32 (260400-944114241):66)
07-17 17:29:44.141 E/AuthPII (21171): 	at java.util.concurrent.ThreadPoolExecutor.runWorker(ThreadPoolExecutor.java:1100)
07-17 17:29:44.141 E/AuthPII (21171): 	at java.util.concurrent.ThreadPoolExecutor$Worker.run(ThreadPoolExecutor.java:624)
07-17 17:29:44.141 E/AuthPII (21171): 	at blxx.run(:com.google.android.gms@262532035@26.25.32 (260400-944114241):8)
07-17 17:29:44.141 E/AuthPII (21171): 	at java.lang.Thread.run(Thread.java:1572)
07-17 17:29:44.142 E/AuthPII (21171): Message is Long live credential not available.
07-17 17:29:44.142 E/AuthPII (21171): bkli: Long live credential not available.
07-17 17:29:44.142 E/AuthPII (21171): 	at aiip.a(:com.google.android.gms@262532035@26.25.32 (260400-944114241):1347)
07-17 17:29:44.142 E/AuthPII (21171): 	at aiiw.b(:com.google.android.gms@262532035@26.25.32 (260400-944114241):26)
07-17 17:29:44.142 E/AuthPII (21171): 	at aiiu.a(:com.google.android.gms@262532035@26.25.32 (260400-944114241):661)
07-17 17:29:44.142 E/AuthPII (21171): 	at ahsg.a(:com.google.android.gms@262532035@26.25.32 (260400-944114241):82)
07-17 17:29:44.142 E/AuthPII (21171): 	at abcj.d(:com.google.android.gms@262532035@26.25.32 (260400-944114241):313)
07-17 17:29:44.142 E/AuthPII (21171): 	at ahke.a(:com.google.android.gms@262532035@26.25.32 (260400-944114241):33)
07-17 17:29:44.142 E/AuthPII (21171): 	at ahkk.s(:com.google.android.gms@262532035@26.25.32 (260400-944114241):34)
07-17 17:29:44.142 E/AuthPII (21171): 	at ahkk.r(:com.google.android.gms@262532035@26.25.32 (260400-944114241):64)
07-17 17:29:44.142 E/AuthPII (21171): 	at ahkk.f(:com.google.android.gms@262532035@26.25.32 (260400-944114241):1)
07-17 17:29:44.142 E/AuthPII (21171): 	at ahkk.j(:com.google.android.gms@262532035@26.25.32 (260400-944114241):4)
07-17 17:29:44.142 E/AuthPII (21171): 	at ahkk.k(:com.google.android.gms@262532035@26.25.32 (260400-944114241):8)
07-17 17:29:44.142 E/AuthPII (21171): 	at ahkk.h(:com.google.android.gms@262532035@26.25.32 (260400-944114241):21)
07-17 17:29:44.142 E/AuthPII (21171): 	at aiaq.d(:com.google.android.gms@262532035@26.25.32 (260400-944114241):51)
07-17 17:29:44.142 E/AuthPII (21171): 	at bjly.b(:com.google.android.gms@262532035@26.25.32 (260400-944114241):72)
07-17 17:29:44.142 E/AuthPII (21171): 	at com.google.android.gms.clearcut.uploader.QosUploaderChimeraService.g(:com.google.android.gms@262532035@26.25.32 (260400-944114241):1563)
07-17 17:29:44.142 E/AuthPII (21171): 	at com.google.android.gms.clearcut.uploader.QosUploaderChimeraService.a(:com.google.android.gms@262532035@26.25.32 (260400-944114241):42)
07-17 17:29:44.142 E/AuthPII (21171): 	at deaa.call(:com.google.android.gms@262532035@26.25.32 (260400-944114241):36)
07-17 17:29:44.142 E/AuthPII (21171): 	at java.util.concurrent.FutureTask.run(FutureTask.java:328)
07-17 17:29:44.142 E/AuthPII (21171): 	at blse.c(:com.google.android.gms@262532035@26.25.32 (260400-944114241):50)
07-17 17:29:44.142 E/AuthPII (21171): 	at blse.run(:com.google.android.gms@262532035@26.25.32 (260400-944114241):66)
07-17 17:29:44.142 E/AuthPII (21171): 	at java.util.concurrent.ThreadPoolExecutor.runWorker(ThreadPoolExecutor.java:1100)
07-17 17:29:44.142 E/AuthPII (21171): 	at java.util.concurrent.ThreadPoolExecutor$Worker.run(ThreadPoolExecutor.java:624)
07-17 17:29:44.142 E/AuthPII (21171): 	at blxx.run(:com.google.android.gms@262532035@26.25.32 (260400-944114241):8)
07-17 17:29:44.142 E/AuthPII (21171): 	at java.lang.Thread.run(Thread.java:1572)
07-17 17:29:44.146 E/chromium(12319): [ERROR:android_webview/browser/variations/variations_seed_loader.cc:39] Seed missing signature.
07-17 17:29:44.149 E/AuthPII (21171): [RequestTokenManager] getToken() -> BAD_AUTHENTICATION. App: com.google.android.gms, Service: oauth2:https://www.googleapis.com/auth/userinfo.email https://www.googleapis.com/auth/account.capabilities https://www.googleapis.com/auth/account.service_flags
07-17 17:29:44.149 E/AuthPII (21171): bkli: Long live credential not available.
07-17 17:29:44.149 E/AuthPII (21171): 	at aiip.a(:com.google.android.gms@262532035@26.25.32 (260400-944114241):1347)
07-17 17:29:44.149 E/AuthPII (21171): 	at aiiw.b(:com.google.android.gms@262532035@26.25.32 (260400-944114241):26)
07-17 17:29:44.149 E/AuthPII (21171): 	at aiiu.a(:com.google.android.gms@262532035@26.25.32 (260400-944114241):661)
07-17 17:29:44.149 E/AuthPII (21171): 	at ahsm.a(:com.google.android.gms@262532035@26.25.32 (260400-944114241):55)
07-17 17:29:44.149 E/AuthPII (21171): 	at ahsm.h(:com.google.android.gms@262532035@26.25.32 (260400-944114241):108)
07-17 17:29:44.149 E/AuthPII (21171): 	at ahsm.b(:com.google.android.gms@262532035@26.25.32 (260400-944114241):817)
07-17 17:29:44.149 E/AuthPII (21171): 	at ahsm.c(:com.google.android.gms@262532035@26.25.32 (260400-944114241):5)
07-17 17:29:44.149 E/AuthPII (21171): 	at abcj.d(:com.google.android.gms@262532035@26.25.32 (260400-944114241):459)
07-17 17:29:44.149 E/AuthPII (21171): 	at ahke.a(:com.google.android.gms@262532035@26.25.32 (260400-944114241):33)
07-17 17:29:44.149 E/AuthPII (21171): 	at ahkk.s(:com.google.android.gms@262532035@26.25.32 (260400-944114241):34)
07-17 17:29:44.149 E/AuthPII (21171): 	at ahkk.r(:com.google.android.gms@262532035@26.25.32 (260400-944114241):64)
07-17 17:29:44.149 E/AuthPII (21171): 	at ahkk.f(:com.google.android.gms@262532035@26.25.32 (260400-944114241):1)
07-17 17:29:44.149 E/AuthPII (21171): 	at ahkk.j(:com.google.android.gms@262532035@26.25.32 (260400-944114241):4)
07-17 17:29:44.149 E/AuthPII (21171): 	at ahkk.k(:com.google.android.gms@262532035@26.25.32 (260400-944114241):8)
07-17 17:29:44.149 E/AuthPII (21171): 	at ahkk.h(:com.google.android.gms@262532035@26.25.32 (260400-944114241):21)
07-17 17:29:44.149 E/AuthPII (21171): 	at aiaq.d(:com.google.android.gms@262532035@26.25.32 (260400-944114241):51)
07-17 17:29:44.149 E/AuthPII (21171): 	at bjly.b(:com.google.android.gms@262532035@26.25.32 (260400-944114241):72)
07-17 17:29:44.149 E/AuthPII (21171): 	at com.google.android.gms.clearcut.uploader.QosUploaderChimeraService.g(:com.google.android.gms@262532035@26.25.32 (260400-944114241):1563)
07-17 17:29:44.149 E/AuthPII (21171): 	at com.google.android.gms.clearcut.uploader.QosUploaderChimeraService.a(:com.google.android.gms@262532035@26.25.32 (260400-944114241):42)
07-17 17:29:44.149 E/AuthPII (21171): 	at deaa.call(:com.google.android.gms@262532035@26.25.32 (260400-944114241):36)
07-17 17:29:44.149 E/AuthPII (21171): 	at java.util.concurrent.FutureTask.run(FutureTask.java:328)
07-17 17:29:44.149 E/AuthPII (21171): 	at blse.c(:com.google.android.gms@262532035@26.25.32 (260400-944114241):50)
07-17 17:29:44.149 E/AuthPII (21171): 	at blse.run(:com.google.android.gms@262532035@26.25.32 (260400-944114241):66)
07-17 17:29:44.149 E/AuthPII (21171): 	at java.util.concurrent.ThreadPoolExecutor.runWorker(ThreadPoolExecutor.java:1100)
07-17 17:29:44.149 E/AuthPII (21171): 	at java.util.concurrent.ThreadPoolExecutor$Worker.run(ThreadPoolExecutor.java:624)
07-17 17:29:44.149 E/AuthPII (21171): 	at blxx.run(:com.google.android.gms@262532035@26.25.32 (260400-944114241):8)
07-17 17:29:44.149 E/AuthPII (21171): 	at java.lang.Thread.run(Thread.java:1572)
07-17 17:29:44.158 E/AuthPII (21171): Message is Long live credential not available.
07-17 17:29:44.158 E/AuthPII (21171): bkli: Long live credential not available.
07-17 17:29:44.158 E/AuthPII (21171): 	at aiip.a(:com.google.android.gms@262532035@26.25.32 (260400-944114241):1347)
07-17 17:29:44.158 E/AuthPII (21171): 	at aiiw.b(:com.google.android.gms@262532035@26.25.32 (260400-944114241):26)
07-17 17:29:44.158 E/AuthPII (21171): 	at aiiu.a(:com.google.android.gms@262532035@26.25.32 (260400-944114241):661)
07-17 17:29:44.158 E/AuthPII (21171): 	at ahsm.a(:com.google.android.gms@262532035@26.25.32 (260400-944114241):55)
07-17 17:29:44.158 E/AuthPII (21171): 	at ahsm.h(:com.google.android.gms@262532035@26.25.32 (260400-944114241):108)
07-17 17:29:44.158 E/AuthPII (21171): 	at ahsm.b(:com.google.android.gms@262532035@26.25.32 (260400-944114241):817)
07-17 17:29:44.158 E/AuthPII (21171): 	at ahsm.c(:com.google.android.gms@262532035@26.25.32 (260400-944114241):5)
07-17 17:29:44.158 E/AuthPII (21171): 	at abcj.d(:com.google.android.gms@262532035@26.25.32 (260400-944114241):459)
07-17 17:29:44.158 E/AuthPII (21171): 	at ahke.a(:com.google.android.gms@262532035@26.25.32 (260400-944114241):33)
07-17 17:29:44.158 E/AuthPII (21171): 	at ahkk.s(:com.google.android.gms@262532035@26.25.32 (260400-944114241):34)
07-17 17:29:44.158 E/AuthPII (21171): 	at ahkk.r(:com.google.android.gms@262532035@26.25.32 (260400-944114241):64)
07-17 17:29:44.158 E/AuthPII (21171): 	at ahkk.f(:com.google.android.gms@262532035@26.25.32 (260400-944114241):1)
07-17 17:29:44.158 E/AuthPII (21171): 	at ahkk.j(:com.google.android.gms@262532035@26.25.32 (260400-944114241):4)
07-17 17:29:44.158 E/AuthPII (21171): 	at ahkk.k(:com.google.android.gms@262532035@26.25.32 (260400-944114241):8)
07-17 17:29:44.158 E/AuthPII (21171): 	at ahkk.h(:com.google.android.gms@262532035@26.25.32 (260400-944114241):21)
07-17 17:29:44.158 E/AuthPII (21171): 	at aiaq.d(:com.google.android.gms@262532035@26.25.32 (260400-944114241):51)
07-17 17:29:44.158 E/AuthPII (21171): 	at bjly.b(:com.google.android.gms@262532035@26.25.32 (260400-944114241):72)
07-17 17:29:44.158 E/AuthPII (21171): 	at com.google.android.gms.clearcut.uploader.QosUploaderChimeraService.g(:com.google.android.gms@262532035@26.25.32 (260400-944114241):1563)
07-17 17:29:44.158 E/AuthPII (21171): 	at com.google.android.gms.clearcut.uploader.QosUploaderChimeraService.a(:com.google.android.gms@262532035@26.25.32 (260400-944114241):42)
07-17 17:29:44.158 E/AuthPII (21171): 	at deaa.call(:com.google.android.gms@262532035@26.25.32 (260400-944114241):36)
07-17 17:29:44.158 E/AuthPII (21171): 	at java.util.concurrent.FutureTask.run(FutureTask.java:328)
07-17 17:29:44.158 E/AuthPII (21171): 	at blse.c(:com.google.android.gms@262532035@26.25.32 (260400-944114241):50)
07-17 17:29:44.158 E/AuthPII (21171): 	at blse.run(:com.google.android.gms@262532035@26.25.32 (260400-944114241):66)
07-17 17:29:44.158 E/AuthPII (21171): 	at java.util.concurrent.ThreadPoolExecutor.runWorker(ThreadPoolExecutor.java:1100)
07-17 17:29:44.158 E/AuthPII (21171): 	at java.util.concurrent.ThreadPoolExecutor$Worker.run(ThreadPoolExecutor.java:624)
07-17 17:29:44.158 E/AuthPII (21171): 	at blxx.run(:com.google.android.gms@262532035@26.25.32 (260400-944114241):8)
07-17 17:29:44.158 E/AuthPII (21171): 	at java.lang.Thread.run(Thread.java:1572)
07-17 17:29:44.199 E/AuthPII (21171): [RequestTokenManager] getToken() -> BAD_AUTHENTICATION. App: com.google.android.gms, Service: oauth2:https://www.googleapis.com/auth/cclog
07-17 17:29:44.199 E/AuthPII (21171): bkli: Long live credential not available.
07-17 17:29:44.199 E/AuthPII (21171): 	at aiip.a(:com.google.android.gms@262532035@26.25.32 (260400-944114241):1347)
07-17 17:29:44.199 E/AuthPII (21171): 	at aiiw.b(:com.google.android.gms@262532035@26.25.32 (260400-944114241):26)
07-17 17:29:44.199 E/AuthPII (21171): 	at aiiu.a(:com.google.android.gms@262532035@26.25.32 (260400-944114241):661)
07-17 17:29:44.199 E/AuthPII (21171): 	at aiit.b(:com.google.android.gms@262532035@26.25.32 (260400-944114241):151)
07-17 17:29:44.199 E/AuthPII (21171): 	at ahwy.a(:com.google.android.gms@262532035@26.25.32 (260400-944114241):328)
07-17 17:29:44.199 E/AuthPII (21171): 	at ahrx.f(:com.google.android.gms@262532035@26.25.32 (260400-944114241):24)
07-17 17:29:44.199 E/AuthPII (21171): 	at dchh.fH(:com.google.android.gms@262532035@26.25.32 (260400-944114241):1)
07-17 17:29:44.199 E/AuthPII (21171): 	at dchs.run(:com.google.android.gms@262532035@26.25.32 (260400-944114241):121)
07-17 17:29:44.199 E/AuthPII (21171): 	at hign.run(:com.google.android.gms@262532035@26.25.32 (260400-944114241):23)
07-17 17:29:44.199 E/AuthPII (21171): 	at blse.c(:com.google.android.gms@262532035@26.25.32 (260400-944114241):50)
07-17 17:29:44.199 E/AuthPII (21171): 	at blse.run(:com.google.android.gms@262532035@26.25.32 (260400-944114241):66)
07-17 17:29:44.199 E/AuthPII (21171): 	at java.util.concurrent.ThreadPoolExecutor.runWorker(ThreadPoolExecutor.java:1100)
07-17 17:29:44.199 E/AuthPII (21171): 	at java.util.concurrent.ThreadPoolExecutor$Worker.run(ThreadPoolExecutor.java:624)
07-17 17:29:44.199 E/AuthPII (21171): 	at blxx.run(:com.google.android.gms@262532035@26.25.32 (260400-944114241):8)
07-17 17:29:44.199 E/AuthPII (21171): 	at java.lang.Thread.run(Thread.java:1572)
07-17 17:29:44.199 E/AuthPII (21171): Message is Long live credential not available.
07-17 17:29:44.199 E/AuthPII (21171): bkli: Long live credential not available.
07-17 17:29:44.199 E/AuthPII (21171): 	at aiip.a(:com.google.android.gms@262532035@26.25.32 (260400-944114241):1347)
07-17 17:29:44.199 E/AuthPII (21171): 	at aiiw.b(:com.google.android.gms@262532035@26.25.32 (260400-944114241):26)
07-17 17:29:44.199 E/AuthPII (21171): 	at aiiu.a(:com.google.android.gms@262532035@26.25.32 (260400-944114241):661)
07-17 17:29:44.199 E/AuthPII (21171): 	at aiit.b(:com.google.android.gms@262532035@26.25.32 (260400-944114241):151)
07-17 17:29:44.199 E/AuthPII (21171): 	at ahwy.a(:com.google.android.gms@262532035@26.25.32 (260400-944114241):328)
07-17 17:29:44.199 E/AuthPII (21171): 	at ahrx.f(:com.google.android.gms@262532035@26.25.32 (260400-944114241):24)
07-17 17:29:44.199 E/AuthPII (21171): 	at dchh.fH(:com.google.android.gms@262532035@26.25.32 (260400-944114241):1)
07-17 17:29:44.199 E/AuthPII (21171): 	at dchs.run(:com.google.android.gms@262532035@26.25.32 (260400-944114241):121)
07-17 17:29:44.199 E/AuthPII (21171): 	at hign.run(:com.google.android.gms@262532035@26.25.32 (260400-944114241):23)
07-17 17:29:44.199 E/AuthPII (21171): 	at blse.c(:com.google.android.gms@262532035@26.25.32 (260400-944114241):50)
07-17 17:29:44.199 E/AuthPII (21171): 	at blse.run(:com.google.android.gms@262532035@26.25.32 (260400-944114241):66)
07-17 17:29:44.199 E/AuthPII (21171): 	at java.util.concurrent.ThreadPoolExecutor.runWorker(ThreadPoolExecutor.java:1100)
07-17 17:29:44.199 E/AuthPII (21171): 	at java.util.concurrent.ThreadPoolExecutor$Worker.run(ThreadPoolExecutor.java:624)
07-17 17:29:44.199 E/AuthPII (21171): 	at blxx.run(:com.google.android.gms@262532035@26.25.32 (260400-944114241):8)
07-17 17:29:44.199 E/AuthPII (21171): 	at java.lang.Thread.run(Thread.java:1572)
07-17 17:29:44.218 E/oid.documentsui(11877): No package ID ff found for resource ID 0xffffffff.
07-17 17:29:44.349 E/pageboostd( 3230): Received HALT command code 2
07-17 17:29:44.384 E/ashmem  (12724): Pinning is deprecated since Android Q. Please use trim or other methods.
07-17 17:29:44.405 E/oid.documentsui(11877): No package ID ff found for resource ID 0xffffffff.
07-17 17:29:44.477 E/ashmem  (12713): Pinning is deprecated since Android Q. Please use trim or other methods.
07-17 17:29:44.508 E/SurfaceFlinger( 1465): alpha changed 1.000 -> 0.000 - Surface(name=74b47cf InputMethod)/@0x9ed1065 - animation-leash of insets_animation#29702
07-17 17:29:44.512 E/HeatmapThread( 1457): ECT Thread time in milliseconds: 1784294984
07-17 17:29:44.512 E/HeatmapThread( 1457): !@Could not open '/efs/FactoryApp/bsoh', errno = 13
07-17 17:29:44.512 E/HeatmapThread( 1457): !@ CAM Could not access BSOH EFS
07-17 17:29:44.512 E/HeatmapThread( 1457): !@ CAM New BSOH: 0
07-17 17:29:44.523 E/WindowManager( 1740): win=Window{8d7f0ab u0 com.dmvp.app/com.dmvp.app.MainActivity} destroySurfaces: appStopped=true cleanupOnResume=false win.mWindowRemovalAllowed=false win.mRemoveOnExit=false win.mViewVisibility=8 caller=com.android.server.wm.ActivityRecord.destroySurfaces:25 com.android.server.wm.ActivityRecord.activityStopped:192 com.android.server.wm.ActivityClientController.activityStopped:97 android.app.IActivityClientController$Stub.onTransact:740 com.android.server.wm.ActivityClientController.onTransact:1 android.os.Binder.execTransactInternal:1462 android.os.Binder.execTransact:1401 
07-17 17:29:44.604 E/libc    (12838): SetHeapTaggingLevel: re-enabling tagging after it was disabled is not supported
07-17 17:29:44.695 E/ActivityThread(12724): Failed to find provider info for com.microsoft.yourphonecompanion.contentprovider.featureoverride
07-17 17:29:44.973 E/.osp.app.signin(12522): No package ID 6a found for resource ID 0x6a0b0013.
07-17 17:29:45.108 E/AuthPII (21171): [RequestTokenManager] getToken() -> BAD_AUTHENTICATION. App: com.google.android.gms, Service: oauth2:https://www.googleapis.com/auth/plus.me
07-17 17:29:45.108 E/AuthPII (21171): bkli: Long live credential not available.
07-17 17:29:45.108 E/AuthPII (21171): 	at aiip.a(:com.google.android.gms@262532035@26.25.32 (260400-944114241):1347)
07-17 17:29:45.108 E/AuthPII (21171): 	at aiiw.b(:com.google.android.gms@262532035@26.25.32 (260400-944114241):26)
07-17 17:29:45.108 E/AuthPII (21171): 	at aiiu.a(:com.google.android.gms@262532035@26.25.32 (260400-944114241):661)
07-17 17:29:45.108 E/AuthPII (21171): 	at ahsg.a(:com.google.android.gms@262532035@26.25.32 (260400-944114241):82)
07-17 17:29:45.108 E/AuthPII (21171): 	at abcj.d(:com.google.android.gms@262532035@26.25.32 (260400-944114241):313)
07-17 17:29:45.108 E/AuthPII (21171): 	at ahke.a(:com.google.android.gms@262532035@26.25.32 (260400-944114241):33)
07-17 17:29:45.108 E/AuthPII (21171): 	at ahkk.s(:com.google.android.gms@262532035@26.25.32 (260400-944114241):34)
07-17 17:29:45.108 E/AuthPII (21171): 	at ahkk.r(:com.google.android.gms@262532035@26.25.32 (260400-944114241):64)
07-17 17:29:45.108 E/AuthPII (21171): 	at ahkk.f(:com.google.android.gms@262532035@26.25.32 (260400-944114241):1)
07-17 17:29:45.108 E/AuthPII (21171): 	at ahkk.j(:com.google.android.gms@262532035@26.25.32 (260400-944114241):4)
07-17 17:29:45.108 E/AuthPII (21171): 	at ahkk.k(:com.google.android.gms@262532035@26.25.32 (260400-944114241):8)
07-17 17:29:45.108 E/AuthPII (21171): 	at ahkk.h(:com.google.android.gms@262532035@26.25.32 (260400-944114241):21)
07-17 17:29:45.108 E/AuthPII (21171): 	at aiaq.d(:com.google.android.gms@262532035@26.25.32 (260400-944114241):51)
07-17 17:29:45.108 E/AuthPII (21171): 	at bjly.b(:com.google.android.gms@262532035@26.25.32 (260400-944114241):72)
07-17 17:29:45.108 E/AuthPII (21171): 	at com.google.android.gms.clearcut.uploader.QosUploaderChimeraService.g(:com.google.android.gms@262532035@26.25.32 (260400-944114241):1563)
07-17 17:29:45.108 E/AuthPII (21171): 	at com.google.android.gms.clearcut.uploader.QosUploaderChimeraService.a(:com.google.android.gms@262532035@26.25.32 (260400-944114241):42)
